<?xml version="1.0" encoding="ISO-8859-1" ?>
<link_info>
   <banner>TI ARM Linker PC v20.2.7.LTS</banner>
   <copyright>Copyright (c) 1996-2018 Texas Instruments Incorporated</copyright>
   <link_time>0x6a9796a8</link_time>
   <link_errors>0x0</link_errors>
   <output_file>Driverlib Empty CM Example CCS Project.out</output_file>
   <entry_point>
      <name>_c_int00_noargs</name>
      <address>0x20145d</address>
   </entry_point>
   <input_file_list>
      <input_file id="fl-2">
         <path>.\</path>
         <kind>object</kind>
         <file>empty_driverlib_main_cm.obj</file>
         <name>empty_driverlib_main_cm.obj</name>
      </input_file>
      <input_file id="fl-3">
         <path>.\</path>
         <kind>object</kind>
         <file>startup_cm.obj</file>
         <name>startup_cm.obj</name>
      </input_file>
      <input_file id="fl-4">
         <path>.\device\</path>
         <kind>object</kind>
         <file>cm.obj</file>
         <name>cm.obj</name>
      </input_file>
      <input_file id="fl-8">
         <path>.\APP\ecat\</path>
         <kind>object</kind>
         <file>ethercat_slave_cm_hal.obj</file>
         <name>ethercat_slave_cm_hal.obj</name>
      </input_file>
      <input_file id="fl-a">
         <kind>object</kind>
         <file>&lt;internal&gt;</file>
         <name>&lt;internal&gt;</name>
      </input_file>
      <input_file id="fl-b">
         <path>C:\ti\c2000\C2000Ware_26_00_00_00\driverlib\f2838x\driverlib_cm\ccs\Debug\</path>
         <kind>archive</kind>
         <file>driverlib_cm.lib</file>
         <name>flash.obj</name>
      </input_file>
      <input_file id="fl-c">
         <path>C:\ti\c2000\C2000Ware_26_00_00_00\driverlib\f2838x\driverlib_cm\ccs\Debug\</path>
         <kind>archive</kind>
         <file>driverlib_cm.lib</file>
         <name>ipc.obj</name>
      </input_file>
      <input_file id="fl-d">
         <path>C:\ti\c2000\C2000Ware_26_00_00_00\driverlib\f2838x\driverlib_cm\ccs\Debug\</path>
         <kind>archive</kind>
         <file>driverlib_cm.lib</file>
         <name>sysctl.obj</name>
      </input_file>
      <input_file id="fl-e">
         <path>C:\ti\c2000\C2000Ware_26_00_00_00\driverlib\f2838x\driverlib_cm\ccs\Debug\</path>
         <kind>archive</kind>
         <file>driverlib_cm.lib</file>
         <name>interrupt.obj</name>
      </input_file>
      <input_file id="fl-c4">
         <path>C:\ti\ti-cgt-arm_20.2.7.LTS\lib\</path>
         <kind>archive</kind>
         <file>rtsv7M4_T_le_eabi.lib</file>
         <name>memcpy_t2.asm.obj</name>
      </input_file>
      <input_file id="fl-c5">
         <path>C:\ti\ti-cgt-arm_20.2.7.LTS\lib\</path>
         <kind>archive</kind>
         <file>rtsv7M4_T_le_eabi.lib</file>
         <name>copy_zero_init.c.obj</name>
      </input_file>
      <input_file id="fl-c6">
         <path>C:\ti\ti-cgt-arm_20.2.7.LTS\lib\</path>
         <kind>archive</kind>
         <file>rtsv7M4_T_le_eabi.lib</file>
         <name>copy_decompress_none.c.obj</name>
      </input_file>
      <input_file id="fl-c7">
         <path>C:\ti\ti-cgt-arm_20.2.7.LTS\lib\</path>
         <kind>archive</kind>
         <file>rtsv7M4_T_le_eabi.lib</file>
         <name>copy_decompress_lzss.c.obj</name>
      </input_file>
      <input_file id="fl-c8">
         <path>C:\ti\ti-cgt-arm_20.2.7.LTS\lib\</path>
         <kind>archive</kind>
         <file>rtsv7M4_T_le_eabi.lib</file>
         <name>boot_cortex_m.c.obj</name>
      </input_file>
      <input_file id="fl-c9">
         <path>C:\ti\ti-cgt-arm_20.2.7.LTS\lib\</path>
         <kind>archive</kind>
         <file>rtsv7M4_T_le_eabi.lib</file>
         <name>memset_t2.asm.obj</name>
      </input_file>
      <input_file id="fl-ca">
         <path>C:\ti\ti-cgt-arm_20.2.7.LTS\lib\</path>
         <kind>archive</kind>
         <file>rtsv7M4_T_le_eabi.lib</file>
         <name>autoinit.c.obj</name>
      </input_file>
      <input_file id="fl-cb">
         <path>C:\ti\ti-cgt-arm_20.2.7.LTS\lib\</path>
         <kind>archive</kind>
         <file>rtsv7M4_T_le_eabi.lib</file>
         <name>pre_init.c.obj</name>
      </input_file>
      <input_file id="fl-cc">
         <path>C:\ti\ti-cgt-arm_20.2.7.LTS\lib\</path>
         <kind>archive</kind>
         <file>rtsv7M4_T_le_eabi.lib</file>
         <name>cpy_tbl.c.obj</name>
      </input_file>
      <input_file id="fl-cd">
         <path>C:\ti\ti-cgt-arm_20.2.7.LTS\lib\</path>
         <kind>archive</kind>
         <file>rtsv7M4_T_le_eabi.lib</file>
         <name>exit.c.obj</name>
      </input_file>
      <input_file id="fl-ce">
         <path>C:\ti\ti-cgt-arm_20.2.7.LTS\lib\</path>
         <kind>archive</kind>
         <file>rtsv7M4_T_le_eabi.lib</file>
         <name>_lock.c.obj</name>
      </input_file>
      <input_file id="fl-cf">
         <path>C:\ti\ti-cgt-arm_20.2.7.LTS\lib\</path>
         <kind>archive</kind>
         <file>rtsv7M4_T_le_eabi.lib</file>
         <name>args_main.c.obj</name>
      </input_file>
      <input_file id="fl-d0">
         <path>C:\ti\c2000\C2000Ware_26_00_00_00\driverlib\f2838x\driverlib_cm\ccs\Debug\</path>
         <kind>archive</kind>
         <file>driverlib_cm.lib</file>
         <name>escss.obj</name>
      </input_file>
   </input_file_list>
   <object_component_list>
      <object_component id="oc-31">
         <name>.resetisr:resetISR</name>
         <load_address>0x200000</load_address>
         <run_address>0x200000</run_address>
         <size>0x6</size>
         <input_file_ref idref="fl-3"/>
      </object_component>
      <object_component id="oc-2e">
         <name>.vftable:retain</name>
         <load_address>0x200400</load_address>
         <run_address>0x200400</run_address>
         <size>0x140</size>
         <input_file_ref idref="fl-3"/>
      </object_component>
      <object_component id="oc-180">
         <name>.vtable</name>
         <uninitialized>true</uninitialized>
         <run_address>0x20000800</run_address>
         <size>0x140</size>
         <input_file_ref idref="fl-e"/>
      </object_component>
      <object_component id="oc-1e8">
         <name>.text:ECAT_Status_UpdateTxPDOShadow</name>
         <load_address>0x200170</load_address>
         <run_address>0x200170</run_address>
         <size>0x108</size>
         <input_file_ref idref="fl-2"/>
      </object_component>
      <object_component id="oc-2a7">
         <name>.text:IPC_CM_1_ISR</name>
         <load_address>0x200278</load_address>
         <run_address>0x200278</run_address>
         <size>0xf4</size>
         <input_file_ref idref="fl-2"/>
      </object_component>
      <object_component id="oc-c8">
         <name>.text:CPUTimer_startTimer</name>
         <load_address>0x20036c</load_address>
         <run_address>0x20036c</run_address>
         <size>0x8f</size>
         <input_file_ref idref="fl-8"/>
      </object_component>
      <object_component id="oc-129">
         <name>.text:_system_pre_init</name>
         <load_address>0x2003fc</load_address>
         <run_address>0x2003fc</run_address>
         <size>0x4</size>
         <input_file_ref idref="fl-cb"/>
      </object_component>
      <object_component id="oc-3b">
         <name>.text:ESC_initHW</name>
         <load_address>0x200540</load_address>
         <run_address>0x200540</run_address>
         <size>0xe0</size>
         <input_file_ref idref="fl-8"/>
      </object_component>
      <object_component id="oc-34e">
         <name>.text:IPC_sendMessageToQueue</name>
         <load_address>0x200620</load_address>
         <run_address>0x200620</run_address>
         <size>0xcc</size>
         <input_file_ref idref="fl-c"/>
      </object_component>
      <object_component id="oc-328">
         <name>.text:IPC_readMessageFromQueue</name>
         <load_address>0x2006ec</load_address>
         <run_address>0x2006ec</run_address>
         <size>0xc4</size>
         <input_file_ref idref="fl-c"/>
      </object_component>
      <object_component id="oc-298">
         <name>.text:IPC_initMessageQueue</name>
         <load_address>0x2007b0</load_address>
         <run_address>0x2007b0</run_address>
         <size>0xac</size>
         <input_file_ref idref="fl-c"/>
      </object_component>
      <object_component id="oc-e0">
         <name>.text:ESCSS_getMemoryInitDoneStatusBlocking</name>
         <load_address>0x20085c</load_address>
         <run_address>0x20085c</run_address>
         <size>0x9c</size>
         <input_file_ref idref="fl-8"/>
      </object_component>
      <object_component id="oc-5d">
         <name>.text</name>
         <load_address>0x2008f8</load_address>
         <run_address>0x2008f8</run_address>
         <size>0x9c</size>
         <input_file_ref idref="fl-c4"/>
      </object_component>
      <object_component id="oc-f2">
         <name>.text:ESCSS_setMaskedInterruptStatus</name>
         <load_address>0x200994</load_address>
         <run_address>0x200994</run_address>
         <size>0x88</size>
         <input_file_ref idref="fl-8"/>
      </object_component>
      <object_component id="oc-c2">
         <name>.text:CPUTimer_setPreScaler</name>
         <load_address>0x200a1c</load_address>
         <run_address>0x200a1c</run_address>
         <size>0x87</size>
         <input_file_ref idref="fl-8"/>
      </object_component>
      <object_component id="oc-2b6">
         <name>.text:ECAT_MotorCommand_Request</name>
         <load_address>0x200aa4</load_address>
         <run_address>0x200aa4</run_address>
         <size>0x84</size>
         <input_file_ref idref="fl-2"/>
      </object_component>
      <object_component id="oc-a3">
         <name>.text:ESCSS_clearRawInterruptStatus</name>
         <load_address>0x200b28</load_address>
         <run_address>0x200b28</run_address>
         <size>0x80</size>
         <input_file_ref idref="fl-8"/>
      </object_component>
      <object_component id="oc-b6">
         <name>.text:Interrupt_enable</name>
         <load_address>0x200ba8</load_address>
         <run_address>0x200ba8</run_address>
         <size>0x80</size>
         <input_file_ref idref="fl-e"/>
      </object_component>
      <object_component id="oc-8d">
         <name>.text:nmiISR</name>
         <load_address>0x200c28</load_address>
         <run_address>0x200c28</run_address>
         <size>0x80</size>
         <input_file_ref idref="fl-3"/>
      </object_component>
      <object_component id="oc-173">
         <name>.text:CM_enableAllPeripherals</name>
         <load_address>0x200ca8</load_address>
         <run_address>0x200ca8</run_address>
         <size>0x76</size>
         <input_file_ref idref="fl-4"/>
      </object_component>
      <object_component id="oc-99">
         <name>.text:defaultISR</name>
         <load_address>0x200d1e</load_address>
         <run_address>0x200d1e</run_address>
         <size>0x2</size>
         <input_file_ref idref="fl-3"/>
      </object_component>
      <object_component id="oc-1dc">
         <name>.text:ECAT_MotorCommand_ApplyRxPDO</name>
         <load_address>0x200d20</load_address>
         <run_address>0x200d20</run_address>
         <size>0x74</size>
         <input_file_ref idref="fl-2"/>
      </object_component>
      <object_component id="oc-1e2">
         <name>.text:ECAT_Telemetry_UpdateTxPDOShadow</name>
         <load_address>0x200d94</load_address>
         <run_address>0x200d94</run_address>
         <size>0x74</size>
         <input_file_ref idref="fl-2"/>
      </object_component>
      <object_component id="oc-195">
         <name>.text:SysCtl_resetPeripheral</name>
         <load_address>0x200e08</load_address>
         <run_address>0x200e08</run_address>
         <size>0x70</size>
         <input_file_ref idref="fl-d"/>
      </object_component>
      <object_component id="oc-da">
         <name>.text:ESCSS_initMemory</name>
         <load_address>0x200e78</load_address>
         <run_address>0x200e78</run_address>
         <size>0x6c</size>
         <input_file_ref idref="fl-8"/>
      </object_component>
      <object_component id="oc-bc">
         <name>.text:CPUTimer_setPeriod</name>
         <load_address>0x200ee4</load_address>
         <run_address>0x200ee4</run_address>
         <size>0x6b</size>
         <input_file_ref idref="fl-8"/>
      </object_component>
      <object_component id="oc-1a">
         <name>.text:decompress:lzss:__TI_decompress_lzss</name>
         <load_address>0x200f50</load_address>
         <run_address>0x200f50</run_address>
         <size>0x68</size>
         <input_file_ref idref="fl-c7"/>
      </object_component>
      <object_component id="oc-f8">
         <name>.text:ESCSS_configureSync0Connections</name>
         <load_address>0x200fb8</load_address>
         <run_address>0x200fb8</run_address>
         <size>0x5c</size>
         <input_file_ref idref="fl-d0"/>
      </object_component>
      <object_component id="oc-fe">
         <name>.text:ESCSS_configureSync1Connections</name>
         <load_address>0x201014</load_address>
         <run_address>0x201014</run_address>
         <size>0x5c</size>
         <input_file_ref idref="fl-d0"/>
      </object_component>
      <object_component id="oc-b0">
         <name>.text:Interrupt_registerHandler</name>
         <load_address>0x201070</load_address>
         <run_address>0x201070</run_address>
         <size>0x5c</size>
         <input_file_ref idref="fl-e"/>
      </object_component>
      <object_component id="oc-12f">
         <name>.text:main</name>
         <load_address>0x2010cc</load_address>
         <run_address>0x2010cc</run_address>
         <size>0x50</size>
         <input_file_ref idref="fl-2"/>
      </object_component>
      <object_component id="oc-276">
         <name>.text:SysCtl_enablePeripheral</name>
         <load_address>0x20111c</load_address>
         <run_address>0x20111c</run_address>
         <size>0x48</size>
         <input_file_ref idref="fl-d"/>
      </object_component>
      <object_component id="oc-201">
         <name>.text:__TI_auto_init_nobinit_nopinit:__TI_auto_init_nobinit_nopinit</name>
         <load_address>0x201164</load_address>
         <run_address>0x201164</run_address>
         <size>0x44</size>
         <input_file_ref idref="fl-ca"/>
      </object_component>
      <object_component id="oc-aa">
         <name>.text:CM_init</name>
         <load_address>0x2011a8</load_address>
         <run_address>0x2011a8</run_address>
         <size>0x40</size>
         <input_file_ref idref="fl-4"/>
      </object_component>
      <object_component id="oc-3ec">
         <name>.tramp.Flash_initModule.1</name>
         <load_address>0x2011e8</load_address>
         <run_address>0x2011e8</run_address>
         <size>0x8</size>
         <input_file_ref idref="fl-b"/>
      </object_component>
      <object_component id="oc-29e">
         <name>.text:IPC_registerInterrupt</name>
         <load_address>0x2011f0</load_address>
         <run_address>0x2011f0</run_address>
         <size>0x3c</size>
         <input_file_ref idref="fl-c"/>
      </object_component>
      <object_component id="oc-ce">
         <name>.text:ESCSS_configureEEPROMSize</name>
         <load_address>0x20122c</load_address>
         <run_address>0x20122c</run_address>
         <size>0x3a</size>
         <input_file_ref idref="fl-d0"/>
      </object_component>
      <object_component id="oc-e6">
         <name>.text:ESC_loadedCheckEEPROM</name>
         <load_address>0x201266</load_address>
         <run_address>0x201266</run_address>
         <size>0x3a</size>
         <input_file_ref idref="fl-8"/>
      </object_component>
      <object_component id="oc-186">
         <name>.text:CPUTimer_isBaseValid</name>
         <load_address>0x2012a0</load_address>
         <run_address>0x2012a0</run_address>
         <size>0x34</size>
         <input_file_ref idref="fl-8"/>
      </object_component>
      <object_component id="oc-2ae">
         <name>.text:IPC_sync</name>
         <load_address>0x2012d4</load_address>
         <run_address>0x2012d4</run_address>
         <size>0x32</size>
         <input_file_ref idref="fl-2"/>
      </object_component>
      <object_component id="oc-348">
         <name>.text:ECAT_MotorCommand_IsValid</name>
         <load_address>0x201306</load_address>
         <run_address>0x201306</run_address>
         <size>0x28</size>
         <input_file_ref idref="fl-2"/>
      </object_component>
      <object_component id="oc-93">
         <name>.text:faultISR</name>
         <load_address>0x20132e</load_address>
         <run_address>0x20132e</run_address>
         <size>0x2</size>
         <input_file_ref idref="fl-3"/>
      </object_component>
      <object_component id="oc-1ca">
         <name>.text:IPC_CM_Init</name>
         <load_address>0x201330</load_address>
         <run_address>0x201330</run_address>
         <size>0x28</size>
         <input_file_ref idref="fl-2"/>
      </object_component>
      <object_component id="oc-341">
         <name>.text:IPC_waitForAck</name>
         <load_address>0x201358</load_address>
         <run_address>0x201358</run_address>
         <size>0x28</size>
         <input_file_ref idref="fl-2"/>
      </object_component>
      <object_component id="oc-33b">
         <name>.text:IPC_waitForFlag</name>
         <load_address>0x201380</load_address>
         <run_address>0x201380</run_address>
         <size>0x28</size>
         <input_file_ref idref="fl-2"/>
      </object_component>
      <object_component id="oc-1ad">
         <name>.text:ESCSS_isConfigurationLockEnabled</name>
         <load_address>0x2013a8</load_address>
         <run_address>0x2013a8</run_address>
         <size>0x24</size>
         <input_file_ref idref="fl-d0"/>
      </object_component>
      <object_component id="oc-32e">
         <name>.text:IPC_ackFlagRtoL</name>
         <load_address>0x2013cc</load_address>
         <run_address>0x2013cc</run_address>
         <size>0x24</size>
         <input_file_ref idref="fl-2"/>
      </object_component>
      <object_component id="oc-319">
         <name>.text:IPC_clearFlagLtoR</name>
         <load_address>0x2013f0</load_address>
         <run_address>0x2013f0</run_address>
         <size>0x24</size>
         <input_file_ref idref="fl-2"/>
      </object_component>
      <object_component id="oc-391">
         <name>.text:IPC_setFlagLtoR</name>
         <load_address>0x201414</load_address>
         <run_address>0x201414</run_address>
         <size>0x24</size>
         <input_file_ref idref="fl-c"/>
      </object_component>
      <object_component id="oc-335">
         <name>.text:IPC_setFlagLtoR</name>
         <load_address>0x201438</load_address>
         <run_address>0x201438</run_address>
         <size>0x24</size>
         <input_file_ref idref="fl-2"/>
      </object_component>
      <object_component id="oc-7b">
         <name>.text:_c_int00_noargs:_c_int00_noargs</name>
         <load_address>0x20145c</load_address>
         <run_address>0x20145c</run_address>
         <size>0x24</size>
         <input_file_ref idref="fl-c8"/>
      </object_component>
      <object_component id="oc-15a">
         <name>.text:ESCSS_isBaseValid</name>
         <load_address>0x201480</load_address>
         <run_address>0x201480</run_address>
         <size>0x20</size>
         <input_file_ref idref="fl-8"/>
      </object_component>
      <object_component id="oc-19e">
         <name>.text:ESC_readWord</name>
         <load_address>0x2014a0</load_address>
         <run_address>0x2014a0</run_address>
         <size>0x1c</size>
         <input_file_ref idref="fl-8"/>
      </object_component>
      <object_component id="oc-1a5">
         <name>.text:ESC_writeDWordISR</name>
         <load_address>0x2014bc</load_address>
         <run_address>0x2014bc</run_address>
         <size>0x1c</size>
         <input_file_ref idref="fl-8"/>
      </object_component>
      <object_component id="oc-69">
         <name>.text:decompress:ZI:__TI_zero_init_nomemset:__TI_zero_init_nomemset</name>
         <load_address>0x2014d8</load_address>
         <run_address>0x2014d8</run_address>
         <size>0x1c</size>
         <input_file_ref idref="fl-c5"/>
      </object_component>
      <object_component id="oc-37">
         <name>.text:ESC_applicationLayerHandler</name>
         <load_address>0x2014f4</load_address>
         <run_address>0x2014f4</run_address>
         <size>0x18</size>
         <input_file_ref idref="fl-8"/>
      </object_component>
      <object_component id="oc-43">
         <name>.text:ESC_applicationSync0Handler</name>
         <load_address>0x20150c</load_address>
         <run_address>0x20150c</run_address>
         <size>0x18</size>
         <input_file_ref idref="fl-8"/>
      </object_component>
      <object_component id="oc-49">
         <name>.text:ESC_applicationSync1Handler</name>
         <load_address>0x201524</load_address>
         <run_address>0x201524</run_address>
         <size>0x18</size>
         <input_file_ref idref="fl-8"/>
      </object_component>
      <object_component id="oc-289">
         <name>.text:ESC_readWordISR</name>
         <load_address>0x20153c</load_address>
         <run_address>0x20153c</run_address>
         <size>0x18</size>
         <input_file_ref idref="fl-8"/>
      </object_component>
      <object_component id="oc-ec">
         <name>.text:ESC_writeDWord</name>
         <load_address>0x201554</load_address>
         <run_address>0x201554</run_address>
         <size>0x18</size>
         <input_file_ref idref="fl-8"/>
      </object_component>
      <object_component id="oc-238">
         <name>.text:Flash_unlockCtrlRegisters</name>
         <load_address>0x20156c</load_address>
         <run_address>0x20156c</run_address>
         <size>0x14</size>
         <input_file_ref idref="fl-b"/>
      </object_component>
      <object_component id="oc-292">
         <name>.text:IPC_init</name>
         <load_address>0x201580</load_address>
         <run_address>0x201580</run_address>
         <size>0x14</size>
         <input_file_ref idref="fl-2"/>
      </object_component>
      <object_component id="oc-179">
         <name>.text:Interrupt_setVectorTableOffset</name>
         <load_address>0x201594</load_address>
         <run_address>0x201594</run_address>
         <size>0x14</size>
         <input_file_ref idref="fl-4"/>
      </object_component>
      <object_component id="oc-23e">
         <name>.text:Flash_unlockECCRegisters</name>
         <load_address>0x2015a8</load_address>
         <run_address>0x2015a8</run_address>
         <size>0x12</size>
         <input_file_ref idref="fl-b"/>
      </object_component>
      <object_component id="oc-167">
         <name>.text:SysCtl_disableWatchdog</name>
         <load_address>0x2015bc</load_address>
         <run_address>0x2015bc</run_address>
         <size>0x10</size>
         <input_file_ref idref="fl-4"/>
      </object_component>
      <object_component id="oc-1d0">
         <name>.text:IPC_CM_SyncWithCPU1</name>
         <load_address>0x2015cc</load_address>
         <run_address>0x2015cc</run_address>
         <size>0xe</size>
         <input_file_ref idref="fl-2"/>
      </object_component>
      <object_component id="oc-160">
         <name>.text:__error__</name>
         <load_address>0x2015da</load_address>
         <run_address>0x2015da</run_address>
         <size>0xe</size>
         <input_file_ref idref="fl-4"/>
      </object_component>
      <object_component id="oc-20">
         <name>.text:decompress:none:__TI_decompress_none</name>
         <load_address>0x2015e8</load_address>
         <run_address>0x2015e8</run_address>
         <size>0xe</size>
         <input_file_ref idref="fl-c6"/>
      </object_component>
      <object_component id="oc-d4">
         <name>.text:ESC_resetESC</name>
         <load_address>0x2015f6</load_address>
         <run_address>0x2015f6</run_address>
         <size>0xc</size>
         <input_file_ref idref="fl-8"/>
      </object_component>
      <object_component id="oc-1d6">
         <name>.text:CPU_clearPRIMASK</name>
         <load_address>0x201602</load_address>
         <run_address>0x201602</run_address>
         <size>0x8</size>
         <input_file_ref idref="fl-2"/>
      </object_component>
      <object_component id="oc-1f5">
         <name>.text:abort:abort</name>
         <load_address>0x20160a</load_address>
         <run_address>0x20160a</run_address>
         <size>0x4</size>
         <input_file_ref idref="fl-cd"/>
      </object_component>
      <object_component id="oc-3e4">
         <name>.cinit..vftable.load</name>
         <load_address>0x2016a0</load_address>
         <run_address>0x2016a0</run_address>
         <size>0x24</size>
      </object_component>
      <object_component id="oc-3e6">
         <name>.cinit..data.load</name>
         <load_address>0x2016c4</load_address>
         <run_address>0x2016c4</run_address>
         <size>0x1e</size>
      </object_component>
      <object_component id="oc-3e2">
         <name>__TI_handler_table</name>
         <load_address>0x2016e4</load_address>
         <run_address>0x2016e4</run_address>
         <size>0xc</size>
      </object_component>
      <object_component id="oc-3e7">
         <name>.cinit..bss.load</name>
         <load_address>0x2016f0</load_address>
         <run_address>0x2016f0</run_address>
         <size>0x8</size>
      </object_component>
      <object_component id="oc-3e5">
         <name>.cinit..vtable.load</name>
         <load_address>0x2016f8</load_address>
         <run_address>0x2016f8</run_address>
         <size>0x8</size>
      </object_component>
      <object_component id="oc-3e3">
         <name>__TI_cinit_table</name>
         <load_address>0x201700</load_address>
         <run_address>0x201700</run_address>
         <size>0x20</size>
      </object_component>
      <object_component id="oc-4f">
         <name>.stack</name>
         <uninitialized>true</uninitialized>
         <run_address>0x1fffc000</run_address>
         <size>0x4</size>
         <input_file_ref idref="fl-c8"/>
      </object_component>
      <object_component id="oc-3e9">
         <name>.stack</name>
         <uninitialized>true</uninitialized>
         <run_address>0x1fffc000</run_address>
         <size>0x0</size>
      </object_component>
      <object_component id="oc-1ee">
         <name>.data</name>
         <load_address>0x2000c000</load_address>
         <run_address>0x2000c000</run_address>
         <size>0x6c</size>
         <input_file_ref idref="fl-2"/>
      </object_component>
      <object_component id="oc-2bd">
         <name>.data:g_ecat_motor_telemetry_txpdo</name>
         <load_address>0x2000c094</load_address>
         <run_address>0x2000c094</run_address>
         <size>0x8</size>
         <input_file_ref idref="fl-2"/>
      </object_component>
      <object_component id="oc-1f1">
         <name>.data:g_ecat_motor_command_rxpdo</name>
         <load_address>0x2000c084</load_address>
         <run_address>0x2000c084</run_address>
         <size>0x10</size>
         <input_file_ref idref="fl-2"/>
      </object_component>
      <object_component id="oc-2c1">
         <name>.data:g_ecat_motor_status_txpdo</name>
         <load_address>0x2000c06c</load_address>
         <run_address>0x2000c06c</run_address>
         <size>0x18</size>
         <input_file_ref idref="fl-2"/>
      </object_component>
      <object_component id="oc-2a4">
         <name>.bss:g_cmIpcQueue</name>
         <uninitialized>true</uninitialized>
         <run_address>0x2000c09c</run_address>
         <size>0x1c</size>
         <input_file_ref idref="fl-2"/>
      </object_component>
      <object_component id="oc-320">
         <name>.const:IPC_Instance</name>
         <load_address>0x201610</load_address>
         <run_address>0x201610</run_address>
         <size>0x88</size>
         <input_file_ref idref="fl-c"/>
      </object_component>
      <object_component id="oc-37b">
         <name>MSGRAM_CM_TO_CPU1</name>
         <uninitialized>true</uninitialized>
         <run_address>0x20082000</run_address>
         <size>0x110</size>
         <input_file_ref idref="fl-c"/>
      </object_component>
      <object_component id="oc-381">
         <name>MSGRAM_CM_TO_CPU2</name>
         <uninitialized>true</uninitialized>
         <run_address>0x20086000</run_address>
         <size>0x110</size>
         <input_file_ref idref="fl-c"/>
      </object_component>
      <object_component id="oc-37e">
         <name>MSGRAM_CPU1_TO_CM</name>
         <uninitialized>true</uninitialized>
         <run_address>0x20080000</run_address>
         <size>0x110</size>
         <input_file_ref idref="fl-c"/>
      </object_component>
      <object_component id="oc-384">
         <name>MSGRAM_CPU2_TO_CM</name>
         <uninitialized>true</uninitialized>
         <run_address>0x20084000</run_address>
         <size>0x110</size>
         <input_file_ref idref="fl-c"/>
      </object_component>
      <object_component id="oc-16d">
         <name>.TI.ramfunc:Flash_initModule</name>
         <load_address>0x200010</load_address>
         <run_address>0x1fffe000</run_address>
         <size>0x70</size>
         <input_file_ref idref="fl-b"/>
      </object_component>
      <object_component id="oc-3ea">
         <name>.tramp.Flash_unlockCtrlRegisters.1</name>
         <load_address>0x200080</load_address>
         <run_address>0x1fffe070</run_address>
         <size>0x8</size>
         <input_file_ref idref="fl-b"/>
      </object_component>
      <object_component id="oc-3eb">
         <name>.tramp.Flash_unlockECCRegisters.1</name>
         <load_address>0x200088</load_address>
         <run_address>0x1fffe078</run_address>
         <size>0x8</size>
         <input_file_ref idref="fl-b"/>
      </object_component>
      <object_component id="oc-244">
         <name>.TI.ramfunc:Flash_setBankPowerMode</name>
         <load_address>0x200090</load_address>
         <run_address>0x1fffe080</run_address>
         <size>0x30</size>
         <input_file_ref idref="fl-b"/>
      </object_component>
      <object_component id="oc-24a">
         <name>.TI.ramfunc:Flash_setPumpPowerMode</name>
         <load_address>0x2000c0</load_address>
         <run_address>0x1fffe0b0</run_address>
         <size>0x20</size>
         <input_file_ref idref="fl-b"/>
      </object_component>
      <object_component id="oc-26e">
         <name>.TI.ramfunc:Flash_enableECC</name>
         <load_address>0x2000e0</load_address>
         <run_address>0x1fffe0d0</run_address>
         <size>0x1a</size>
         <input_file_ref idref="fl-b"/>
      </object_component>
      <object_component id="oc-250">
         <name>.TI.ramfunc:Flash_disableDataCache</name>
         <load_address>0x2000fa</load_address>
         <run_address>0x1fffe0ea</run_address>
         <size>0x18</size>
         <input_file_ref idref="fl-b"/>
      </object_component>
      <object_component id="oc-256">
         <name>.TI.ramfunc:Flash_disableProgramCache</name>
         <load_address>0x200112</load_address>
         <run_address>0x1fffe102</run_address>
         <size>0x18</size>
         <input_file_ref idref="fl-b"/>
      </object_component>
      <object_component id="oc-262">
         <name>.TI.ramfunc:Flash_enableDataCache</name>
         <load_address>0x20012a</load_address>
         <run_address>0x1fffe11a</run_address>
         <size>0x18</size>
         <input_file_ref idref="fl-b"/>
      </object_component>
      <object_component id="oc-268">
         <name>.TI.ramfunc:Flash_enableProgramCache</name>
         <load_address>0x200142</load_address>
         <run_address>0x1fffe132</run_address>
         <size>0x18</size>
         <input_file_ref idref="fl-b"/>
      </object_component>
      <object_component id="oc-25c">
         <name>.TI.ramfunc:Flash_setWaitstates</name>
         <load_address>0x20015a</load_address>
         <run_address>0x1fffe14a</run_address>
         <size>0xe</size>
         <input_file_ref idref="fl-b"/>
      </object_component>
      <object_component id="oc-233">
         <name>.debug_info</name>
         <load_address>0x0</load_address>
         <run_address>0x0</run_address>
         <size>0x556</size>
         <input_file_ref idref="fl-2"/>
      </object_component>
      <object_component id="oc-1ef">
         <name>.debug_info</name>
         <load_address>0x556</load_address>
         <run_address>0x556</run_address>
         <size>0x7a6</size>
         <input_file_ref idref="fl-2"/>
      </object_component>
      <object_component id="oc-2be">
         <name>.debug_info</name>
         <load_address>0xcfc</load_address>
         <run_address>0xcfc</run_address>
         <size>0x141</size>
         <input_file_ref idref="fl-2"/>
      </object_component>
      <object_component id="oc-1f2">
         <name>.debug_info</name>
         <load_address>0xe3d</load_address>
         <run_address>0xe3d</run_address>
         <size>0x13d</size>
         <input_file_ref idref="fl-2"/>
      </object_component>
      <object_component id="oc-2c2">
         <name>.debug_info</name>
         <load_address>0xf7a</load_address>
         <run_address>0xf7a</run_address>
         <size>0x13b</size>
         <input_file_ref idref="fl-2"/>
      </object_component>
      <object_component id="oc-2a5">
         <name>.debug_info</name>
         <load_address>0x10b5</load_address>
         <run_address>0x10b5</run_address>
         <size>0x120</size>
         <input_file_ref idref="fl-2"/>
      </object_component>
      <object_component id="oc-1d7">
         <name>.debug_info</name>
         <load_address>0x11d5</load_address>
         <run_address>0x11d5</run_address>
         <size>0x1ce</size>
         <input_file_ref idref="fl-2"/>
      </object_component>
      <object_component id="oc-336">
         <name>.debug_info</name>
         <load_address>0x13a3</load_address>
         <run_address>0x13a3</run_address>
         <size>0x221</size>
         <input_file_ref idref="fl-2"/>
      </object_component>
      <object_component id="oc-31a">
         <name>.debug_info</name>
         <load_address>0x15c4</load_address>
         <run_address>0x15c4</run_address>
         <size>0x225</size>
         <input_file_ref idref="fl-2"/>
      </object_component>
      <object_component id="oc-32f">
         <name>.debug_info</name>
         <load_address>0x17e9</load_address>
         <run_address>0x17e9</run_address>
         <size>0x221</size>
         <input_file_ref idref="fl-2"/>
      </object_component>
      <object_component id="oc-33c">
         <name>.debug_info</name>
         <load_address>0x1a0a</load_address>
         <run_address>0x1a0a</run_address>
         <size>0x21d</size>
         <input_file_ref idref="fl-2"/>
      </object_component>
      <object_component id="oc-342">
         <name>.debug_info</name>
         <load_address>0x1c27</load_address>
         <run_address>0x1c27</run_address>
         <size>0x21b</size>
         <input_file_ref idref="fl-2"/>
      </object_component>
      <object_component id="oc-2af">
         <name>.debug_info</name>
         <load_address>0x1e42</load_address>
         <run_address>0x1e42</run_address>
         <size>0x266</size>
         <input_file_ref idref="fl-2"/>
      </object_component>
      <object_component id="oc-293">
         <name>.debug_info</name>
         <load_address>0x20a8</load_address>
         <run_address>0x20a8</run_address>
         <size>0x204</size>
         <input_file_ref idref="fl-2"/>
      </object_component>
      <object_component id="oc-1cb">
         <name>.debug_info</name>
         <load_address>0x22ac</load_address>
         <run_address>0x22ac</run_address>
         <size>0x1b4</size>
         <input_file_ref idref="fl-2"/>
      </object_component>
      <object_component id="oc-1d1">
         <name>.debug_info</name>
         <load_address>0x2460</load_address>
         <run_address>0x2460</run_address>
         <size>0x18d</size>
         <input_file_ref idref="fl-2"/>
      </object_component>
      <object_component id="oc-2a8">
         <name>.debug_info</name>
         <load_address>0x25ed</load_address>
         <run_address>0x25ed</run_address>
         <size>0x1df</size>
         <input_file_ref idref="fl-2"/>
      </object_component>
      <object_component id="oc-349">
         <name>.debug_info</name>
         <load_address>0x27cc</load_address>
         <run_address>0x27cc</run_address>
         <size>0x1bd</size>
         <input_file_ref idref="fl-2"/>
      </object_component>
      <object_component id="oc-2b7">
         <name>.debug_info</name>
         <load_address>0x2989</load_address>
         <run_address>0x2989</run_address>
         <size>0x269</size>
         <input_file_ref idref="fl-2"/>
      </object_component>
      <object_component id="oc-1dd">
         <name>.debug_info</name>
         <load_address>0x2bf2</load_address>
         <run_address>0x2bf2</run_address>
         <size>0x1dc</size>
         <input_file_ref idref="fl-2"/>
      </object_component>
      <object_component id="oc-1e3">
         <name>.debug_info</name>
         <load_address>0x2dce</load_address>
         <run_address>0x2dce</run_address>
         <size>0x229</size>
         <input_file_ref idref="fl-2"/>
      </object_component>
      <object_component id="oc-1e9">
         <name>.debug_info</name>
         <load_address>0x2ff7</load_address>
         <run_address>0x2ff7</run_address>
         <size>0x2bb</size>
         <input_file_ref idref="fl-2"/>
      </object_component>
      <object_component id="oc-130">
         <name>.debug_info</name>
         <load_address>0x32b2</load_address>
         <run_address>0x32b2</run_address>
         <size>0x241</size>
         <input_file_ref idref="fl-2"/>
      </object_component>
      <object_component id="oc-146">
         <name>.debug_info</name>
         <load_address>0x34f3</load_address>
         <run_address>0x34f3</run_address>
         <size>0x224f</size>
         <input_file_ref idref="fl-2"/>
      </object_component>
      <object_component id="oc-14b">
         <name>.debug_info</name>
         <load_address>0x5742</load_address>
         <run_address>0x5742</run_address>
         <size>0x4e1</size>
         <input_file_ref idref="fl-2"/>
      </object_component>
      <object_component id="oc-2fc">
         <name>.debug_info</name>
         <load_address>0x5c23</load_address>
         <run_address>0x5c23</run_address>
         <size>0x297</size>
         <input_file_ref idref="fl-2"/>
      </object_component>
      <object_component id="oc-2eb">
         <name>.debug_info</name>
         <load_address>0x5eba</load_address>
         <run_address>0x5eba</run_address>
         <size>0x115</size>
         <input_file_ref idref="fl-2"/>
      </object_component>
      <object_component id="oc-2f0">
         <name>.debug_info</name>
         <load_address>0x5fcf</load_address>
         <run_address>0x5fcf</run_address>
         <size>0x5e</size>
         <input_file_ref idref="fl-2"/>
      </object_component>
      <object_component id="oc-155">
         <name>.debug_info</name>
         <load_address>0x602d</load_address>
         <run_address>0x602d</run_address>
         <size>0x26b</size>
         <input_file_ref idref="fl-2"/>
      </object_component>
      <object_component id="oc-150">
         <name>.debug_info</name>
         <load_address>0x6298</load_address>
         <run_address>0x6298</run_address>
         <size>0x8b</size>
         <input_file_ref idref="fl-2"/>
      </object_component>
      <object_component id="oc-1b5">
         <name>.debug_info</name>
         <load_address>0x6323</load_address>
         <run_address>0x6323</run_address>
         <size>0x2a4</size>
         <input_file_ref idref="fl-2"/>
      </object_component>
      <object_component id="oc-105">
         <name>.debug_info</name>
         <load_address>0x65c7</load_address>
         <run_address>0x65c7</run_address>
         <size>0xbb</size>
         <input_file_ref idref="fl-2"/>
      </object_component>
      <object_component id="oc-1c1">
         <name>.debug_info</name>
         <load_address>0x6682</load_address>
         <run_address>0x6682</run_address>
         <size>0x2c</size>
         <input_file_ref idref="fl-2"/>
      </object_component>
      <object_component id="oc-2f5">
         <name>.debug_info</name>
         <load_address>0x66ae</load_address>
         <run_address>0x66ae</run_address>
         <size>0x35</size>
         <input_file_ref idref="fl-2"/>
      </object_component>
      <object_component id="oc-a1">
         <name>.debug_info</name>
         <load_address>0x66e3</load_address>
         <run_address>0x66e3</run_address>
         <size>0x35a</size>
         <input_file_ref idref="fl-3"/>
      </object_component>
      <object_component id="oc-2f">
         <name>.debug_info</name>
         <load_address>0x6a3d</load_address>
         <run_address>0x6a3d</run_address>
         <size>0x11c</size>
         <input_file_ref idref="fl-3"/>
      </object_component>
      <object_component id="oc-32">
         <name>.debug_info</name>
         <load_address>0x6b59</load_address>
         <run_address>0x6b59</run_address>
         <size>0x141</size>
         <input_file_ref idref="fl-3"/>
      </object_component>
      <object_component id="oc-8e">
         <name>.debug_info</name>
         <load_address>0x6c9a</load_address>
         <run_address>0x6c9a</run_address>
         <size>0x13d</size>
         <input_file_ref idref="fl-3"/>
      </object_component>
      <object_component id="oc-94">
         <name>.debug_info</name>
         <load_address>0x6dd7</load_address>
         <run_address>0x6dd7</run_address>
         <size>0x136</size>
         <input_file_ref idref="fl-3"/>
      </object_component>
      <object_component id="oc-9a">
         <name>.debug_info</name>
         <load_address>0x6f0d</load_address>
         <run_address>0x6f0d</run_address>
         <size>0x13d</size>
         <input_file_ref idref="fl-3"/>
      </object_component>
      <object_component id="oc-236">
         <name>.debug_info</name>
         <load_address>0x704a</load_address>
         <run_address>0x704a</run_address>
         <size>0x472</size>
         <input_file_ref idref="fl-4"/>
      </object_component>
      <object_component id="oc-17a">
         <name>.debug_info</name>
         <load_address>0x74bc</load_address>
         <run_address>0x74bc</run_address>
         <size>0x207</size>
         <input_file_ref idref="fl-4"/>
      </object_component>
      <object_component id="oc-168">
         <name>.debug_info</name>
         <load_address>0x76c3</load_address>
         <run_address>0x76c3</run_address>
         <size>0x1d1</size>
         <input_file_ref idref="fl-4"/>
      </object_component>
      <object_component id="oc-ab">
         <name>.debug_info</name>
         <load_address>0x7894</load_address>
         <run_address>0x7894</run_address>
         <size>0x1c1</size>
         <input_file_ref idref="fl-4"/>
      </object_component>
      <object_component id="oc-174">
         <name>.debug_info</name>
         <load_address>0x7a55</load_address>
         <run_address>0x7a55</run_address>
         <size>0x31f</size>
         <input_file_ref idref="fl-4"/>
      </object_component>
      <object_component id="oc-161">
         <name>.debug_info</name>
         <load_address>0x7d74</load_address>
         <run_address>0x7d74</run_address>
         <size>0x197</size>
         <input_file_ref idref="fl-4"/>
      </object_component>
      <object_component id="oc-187">
         <name>.debug_info</name>
         <load_address>0x7f0b</load_address>
         <run_address>0x7f0b</run_address>
         <size>0x250</size>
         <input_file_ref idref="fl-8"/>
      </object_component>
      <object_component id="oc-c9">
         <name>.debug_info</name>
         <load_address>0x815b</load_address>
         <run_address>0x815b</run_address>
         <size>0x292</size>
         <input_file_ref idref="fl-8"/>
      </object_component>
      <object_component id="oc-bd">
         <name>.debug_info</name>
         <load_address>0x83ed</load_address>
         <run_address>0x83ed</run_address>
         <size>0x2b5</size>
         <input_file_ref idref="fl-8"/>
      </object_component>
      <object_component id="oc-c3">
         <name>.debug_info</name>
         <load_address>0x86a2</load_address>
         <run_address>0x86a2</run_address>
         <size>0x2b3</size>
         <input_file_ref idref="fl-8"/>
      </object_component>
      <object_component id="oc-15b">
         <name>.debug_info</name>
         <load_address>0x8955</load_address>
         <run_address>0x8955</run_address>
         <size>0x247</size>
         <input_file_ref idref="fl-8"/>
      </object_component>
      <object_component id="oc-f3">
         <name>.debug_info</name>
         <load_address>0x8b9c</load_address>
         <run_address>0x8b9c</run_address>
         <size>0x2dc</size>
         <input_file_ref idref="fl-8"/>
      </object_component>
      <object_component id="oc-a4">
         <name>.debug_info</name>
         <load_address>0x8e78</load_address>
         <run_address>0x8e78</run_address>
         <size>0x2da</size>
         <input_file_ref idref="fl-8"/>
      </object_component>
      <object_component id="oc-db">
         <name>.debug_info</name>
         <load_address>0x9152</load_address>
         <run_address>0x9152</run_address>
         <size>0x269</size>
         <input_file_ref idref="fl-8"/>
      </object_component>
      <object_component id="oc-e1">
         <name>.debug_info</name>
         <load_address>0x93bb</load_address>
         <run_address>0x93bb</run_address>
         <size>0x2fe</size>
         <input_file_ref idref="fl-8"/>
      </object_component>
      <object_component id="oc-28a">
         <name>.debug_info</name>
         <load_address>0x96b9</load_address>
         <run_address>0x96b9</run_address>
         <size>0x291</size>
         <input_file_ref idref="fl-8"/>
      </object_component>
      <object_component id="oc-19f">
         <name>.debug_info</name>
         <load_address>0x994a</load_address>
         <run_address>0x994a</run_address>
         <size>0x2bd</size>
         <input_file_ref idref="fl-8"/>
      </object_component>
      <object_component id="oc-1a6">
         <name>.debug_info</name>
         <load_address>0x9c07</load_address>
         <run_address>0x9c07</run_address>
         <size>0x2cf</size>
         <input_file_ref idref="fl-8"/>
      </object_component>
      <object_component id="oc-ed">
         <name>.debug_info</name>
         <load_address>0x9ed6</load_address>
         <run_address>0x9ed6</run_address>
         <size>0x2e1</size>
         <input_file_ref idref="fl-8"/>
      </object_component>
      <object_component id="oc-e7">
         <name>.debug_info</name>
         <load_address>0xa1b7</load_address>
         <run_address>0xa1b7</run_address>
         <size>0x2ad</size>
         <input_file_ref idref="fl-8"/>
      </object_component>
      <object_component id="oc-d5">
         <name>.debug_info</name>
         <load_address>0xa464</load_address>
         <run_address>0xa464</run_address>
         <size>0x278</size>
         <input_file_ref idref="fl-8"/>
      </object_component>
      <object_component id="oc-3c">
         <name>.debug_info</name>
         <load_address>0xa6dc</load_address>
         <run_address>0xa6dc</run_address>
         <size>0x4bd</size>
         <input_file_ref idref="fl-8"/>
      </object_component>
      <object_component id="oc-38">
         <name>.debug_info</name>
         <load_address>0xab99</load_address>
         <run_address>0xab99</run_address>
         <size>0x29e</size>
         <input_file_ref idref="fl-8"/>
      </object_component>
      <object_component id="oc-44">
         <name>.debug_info</name>
         <load_address>0xae37</load_address>
         <run_address>0xae37</run_address>
         <size>0x29e</size>
         <input_file_ref idref="fl-8"/>
      </object_component>
      <object_component id="oc-4a">
         <name>.debug_info</name>
         <load_address>0xb0d5</load_address>
         <run_address>0xb0d5</run_address>
         <size>0x29e</size>
         <input_file_ref idref="fl-8"/>
      </object_component>
      <object_component id="oc-275">
         <name>.debug_info</name>
         <load_address>0xb373</load_address>
         <run_address>0xb373</run_address>
         <size>0x218</size>
         <input_file_ref idref="fl-b"/>
      </object_component>
      <object_component id="oc-25f">
         <name>.debug_info</name>
         <load_address>0xb58b</load_address>
         <run_address>0xb58b</run_address>
         <size>0x26e</size>
         <input_file_ref idref="fl-b"/>
      </object_component>
      <object_component id="oc-247">
         <name>.debug_info</name>
         <load_address>0xb7f9</load_address>
         <run_address>0xb7f9</run_address>
         <size>0x296</size>
         <input_file_ref idref="fl-b"/>
      </object_component>
      <object_component id="oc-24e">
         <name>.debug_info</name>
         <load_address>0xba8f</load_address>
         <run_address>0xba8f</run_address>
         <size>0x273</size>
         <input_file_ref idref="fl-b"/>
      </object_component>
      <object_component id="oc-26c">
         <name>.debug_info</name>
         <load_address>0xbd02</load_address>
         <run_address>0xbd02</run_address>
         <size>0x240</size>
         <input_file_ref idref="fl-b"/>
      </object_component>
      <object_component id="oc-259">
         <name>.debug_info</name>
         <load_address>0xbf42</load_address>
         <run_address>0xbf42</run_address>
         <size>0x242</size>
         <input_file_ref idref="fl-b"/>
      </object_component>
      <object_component id="oc-265">
         <name>.debug_info</name>
         <load_address>0xc184</load_address>
         <run_address>0xc184</run_address>
         <size>0x23a</size>
         <input_file_ref idref="fl-b"/>
      </object_component>
      <object_component id="oc-253">
         <name>.debug_info</name>
         <load_address>0xc3be</load_address>
         <run_address>0xc3be</run_address>
         <size>0x23c</size>
         <input_file_ref idref="fl-b"/>
      </object_component>
      <object_component id="oc-272">
         <name>.debug_info</name>
         <load_address>0xc5fa</load_address>
         <run_address>0xc5fa</run_address>
         <size>0x22a</size>
         <input_file_ref idref="fl-b"/>
      </object_component>
      <object_component id="oc-23c">
         <name>.debug_info</name>
         <load_address>0xc824</load_address>
         <run_address>0xc824</run_address>
         <size>0x242</size>
         <input_file_ref idref="fl-b"/>
      </object_component>
      <object_component id="oc-242">
         <name>.debug_info</name>
         <load_address>0xca66</load_address>
         <run_address>0xca66</run_address>
         <size>0x23c</size>
         <input_file_ref idref="fl-b"/>
      </object_component>
      <object_component id="oc-171">
         <name>.debug_info</name>
         <load_address>0xcca2</load_address>
         <run_address>0xcca2</run_address>
         <size>0x3cd</size>
         <input_file_ref idref="fl-b"/>
      </object_component>
      <object_component id="oc-304">
         <name>.debug_info</name>
         <load_address>0xd06f</load_address>
         <run_address>0xd06f</run_address>
         <size>0x147</size>
         <input_file_ref idref="fl-b"/>
      </object_component>
      <object_component id="oc-312">
         <name>.debug_info</name>
         <load_address>0xd1b6</load_address>
         <run_address>0xd1b6</run_address>
         <size>0x4ce</size>
         <input_file_ref idref="fl-b"/>
      </object_component>
      <object_component id="oc-58">
         <name>.debug_info</name>
         <load_address>0xd684</load_address>
         <run_address>0xd684</run_address>
         <size>0x84</size>
         <input_file_ref idref="fl-b"/>
      </object_component>
      <object_component id="oc-324">
         <name>.debug_info</name>
         <load_address>0xd708</load_address>
         <run_address>0xd708</run_address>
         <size>0x326</size>
         <input_file_ref idref="fl-c"/>
      </object_component>
      <object_component id="oc-37c">
         <name>.debug_info</name>
         <load_address>0xda2e</load_address>
         <run_address>0xda2e</run_address>
         <size>0x155</size>
         <input_file_ref idref="fl-c"/>
      </object_component>
      <object_component id="oc-37f">
         <name>.debug_info</name>
         <load_address>0xdb83</load_address>
         <run_address>0xdb83</run_address>
         <size>0x155</size>
         <input_file_ref idref="fl-c"/>
      </object_component>
      <object_component id="oc-382">
         <name>.debug_info</name>
         <load_address>0xdcd8</load_address>
         <run_address>0xdcd8</run_address>
         <size>0x155</size>
         <input_file_ref idref="fl-c"/>
      </object_component>
      <object_component id="oc-385">
         <name>.debug_info</name>
         <load_address>0xde2d</load_address>
         <run_address>0xde2d</run_address>
         <size>0x155</size>
         <input_file_ref idref="fl-c"/>
      </object_component>
      <object_component id="oc-321">
         <name>.debug_info</name>
         <load_address>0xdf82</load_address>
         <run_address>0xdf82</run_address>
         <size>0x13d</size>
         <input_file_ref idref="fl-c"/>
      </object_component>
      <object_component id="oc-394">
         <name>.debug_info</name>
         <load_address>0xe0bf</load_address>
         <run_address>0xe0bf</run_address>
         <size>0x24b</size>
         <input_file_ref idref="fl-c"/>
      </object_component>
      <object_component id="oc-29f">
         <name>.debug_info</name>
         <load_address>0xe30a</load_address>
         <run_address>0xe30a</run_address>
         <size>0x2e1</size>
         <input_file_ref idref="fl-c"/>
      </object_component>
      <object_component id="oc-299">
         <name>.debug_info</name>
         <load_address>0xe5eb</load_address>
         <run_address>0xe5eb</run_address>
         <size>0x300</size>
         <input_file_ref idref="fl-c"/>
      </object_component>
      <object_component id="oc-350">
         <name>.debug_info</name>
         <load_address>0xe8eb</load_address>
         <run_address>0xe8eb</run_address>
         <size>0x348</size>
         <input_file_ref idref="fl-c"/>
      </object_component>
      <object_component id="oc-329">
         <name>.debug_info</name>
         <load_address>0xec33</load_address>
         <run_address>0xec33</run_address>
         <size>0x336</size>
         <input_file_ref idref="fl-c"/>
      </object_component>
      <object_component id="oc-197">
         <name>.debug_info</name>
         <load_address>0xef69</load_address>
         <run_address>0xef69</run_address>
         <size>0x297</size>
         <input_file_ref idref="fl-d"/>
      </object_component>
      <object_component id="oc-277">
         <name>.debug_info</name>
         <load_address>0xf200</load_address>
         <run_address>0xf200</run_address>
         <size>0x27b</size>
         <input_file_ref idref="fl-d"/>
      </object_component>
      <object_component id="oc-284">
         <name>.debug_info</name>
         <load_address>0xf47b</load_address>
         <run_address>0xf47b</run_address>
         <size>0x28c</size>
         <input_file_ref idref="fl-d"/>
      </object_component>
      <object_component id="oc-184">
         <name>.debug_info</name>
         <load_address>0xf707</load_address>
         <run_address>0xf707</run_address>
         <size>0x1b5</size>
         <input_file_ref idref="fl-e"/>
      </object_component>
      <object_component id="oc-181">
         <name>.debug_info</name>
         <load_address>0xf8bc</load_address>
         <run_address>0xf8bc</run_address>
         <size>0x147</size>
         <input_file_ref idref="fl-e"/>
      </object_component>
      <object_component id="oc-ba">
         <name>.debug_info</name>
         <load_address>0xfa03</load_address>
         <run_address>0xfa03</run_address>
         <size>0x24a</size>
         <input_file_ref idref="fl-e"/>
      </object_component>
      <object_component id="oc-b4">
         <name>.debug_info</name>
         <load_address>0xfc4d</load_address>
         <run_address>0xfc4d</run_address>
         <size>0x2c2</size>
         <input_file_ref idref="fl-e"/>
      </object_component>
      <object_component id="oc-5f">
         <name>.debug_info</name>
         <load_address>0xff0f</load_address>
         <run_address>0xff0f</run_address>
         <size>0x119</size>
         <input_file_ref idref="fl-c4"/>
      </object_component>
      <object_component id="oc-122">
         <name>.debug_info</name>
         <load_address>0x10028</load_address>
         <run_address>0x10028</run_address>
         <size>0x1a6</size>
         <input_file_ref idref="fl-c5"/>
      </object_component>
      <object_component id="oc-6d">
         <name>.debug_info</name>
         <load_address>0x101ce</load_address>
         <run_address>0x101ce</run_address>
         <size>0x1d2</size>
         <input_file_ref idref="fl-c5"/>
      </object_component>
      <object_component id="oc-11d">
         <name>.debug_info</name>
         <load_address>0x103a0</load_address>
         <run_address>0x103a0</run_address>
         <size>0x46</size>
         <input_file_ref idref="fl-c5"/>
      </object_component>
      <object_component id="oc-68">
         <name>.debug_info</name>
         <load_address>0x103e6</load_address>
         <run_address>0x103e6</run_address>
         <size>0x17a</size>
         <input_file_ref idref="fl-c6"/>
      </object_component>
      <object_component id="oc-21">
         <name>.debug_info</name>
         <load_address>0x10560</load_address>
         <run_address>0x10560</run_address>
         <size>0x1ea</size>
         <input_file_ref idref="fl-c6"/>
      </object_component>
      <object_component id="oc-63">
         <name>.debug_info</name>
         <load_address>0x1074a</load_address>
         <run_address>0x1074a</run_address>
         <size>0x46</size>
         <input_file_ref idref="fl-c6"/>
      </object_component>
      <object_component id="oc-115">
         <name>.debug_info</name>
         <load_address>0x10790</load_address>
         <run_address>0x10790</run_address>
         <size>0x2c</size>
         <input_file_ref idref="fl-c6"/>
      </object_component>
      <object_component id="oc-113">
         <name>.debug_info</name>
         <load_address>0x107bc</load_address>
         <run_address>0x107bc</run_address>
         <size>0x170</size>
         <input_file_ref idref="fl-c7"/>
      </object_component>
      <object_component id="oc-1b">
         <name>.debug_info</name>
         <load_address>0x1092c</load_address>
         <run_address>0x1092c</run_address>
         <size>0x250</size>
         <input_file_ref idref="fl-c7"/>
      </object_component>
      <object_component id="oc-53">
         <name>.debug_info</name>
         <load_address>0x10b7c</load_address>
         <run_address>0x10b7c</run_address>
         <size>0x60</size>
         <input_file_ref idref="fl-c7"/>
      </object_component>
      <object_component id="oc-1ba">
         <name>.debug_info</name>
         <load_address>0x10bdc</load_address>
         <run_address>0x10bdc</run_address>
         <size>0x46</size>
         <input_file_ref idref="fl-c7"/>
      </object_component>
      <object_component id="oc-10e">
         <name>.debug_info</name>
         <load_address>0x10c22</load_address>
         <run_address>0x10c22</run_address>
         <size>0x39</size>
         <input_file_ref idref="fl-c7"/>
      </object_component>
      <object_component id="oc-50">
         <name>.debug_info</name>
         <load_address>0x10c5b</load_address>
         <run_address>0x10c5b</run_address>
         <size>0x10b</size>
         <input_file_ref idref="fl-c8"/>
      </object_component>
      <object_component id="oc-7d">
         <name>.debug_info</name>
         <load_address>0x10d66</load_address>
         <run_address>0x10d66</run_address>
         <size>0x1a9</size>
         <input_file_ref idref="fl-c8"/>
      </object_component>
      <object_component id="oc-2d4">
         <name>.debug_info</name>
         <load_address>0x10f0f</load_address>
         <run_address>0x10f0f</run_address>
         <size>0x385</size>
         <input_file_ref idref="fl-ca"/>
      </object_component>
      <object_component id="oc-202">
         <name>.debug_info</name>
         <load_address>0x11294</load_address>
         <run_address>0x11294</run_address>
         <size>0x1a6</size>
         <input_file_ref idref="fl-ca"/>
      </object_component>
      <object_component id="oc-369">
         <name>.debug_info</name>
         <load_address>0x1143a</load_address>
         <run_address>0x1143a</run_address>
         <size>0x39</size>
         <input_file_ref idref="fl-ca"/>
      </object_component>
      <object_component id="oc-39b">
         <name>.debug_info</name>
         <load_address>0x11473</load_address>
         <run_address>0x11473</run_address>
         <size>0x39</size>
         <input_file_ref idref="fl-ca"/>
      </object_component>
      <object_component id="oc-36e">
         <name>.debug_info</name>
         <load_address>0x114ac</load_address>
         <run_address>0x114ac</run_address>
         <size>0x39</size>
         <input_file_ref idref="fl-ca"/>
      </object_component>
      <object_component id="oc-373">
         <name>.debug_info</name>
         <load_address>0x114e5</load_address>
         <run_address>0x114e5</run_address>
         <size>0xcd</size>
         <input_file_ref idref="fl-ca"/>
      </object_component>
      <object_component id="oc-12b">
         <name>.debug_info</name>
         <load_address>0x115b2</load_address>
         <run_address>0x115b2</run_address>
         <size>0x153</size>
         <input_file_ref idref="fl-cb"/>
      </object_component>
      <object_component id="oc-1f8">
         <name>.debug_info</name>
         <load_address>0x11705</load_address>
         <run_address>0x11705</run_address>
         <size>0x122</size>
         <input_file_ref idref="fl-cd"/>
      </object_component>
      <object_component id="oc-1ae">
         <name>.debug_info</name>
         <load_address>0x11827</load_address>
         <run_address>0x11827</run_address>
         <size>0x266</size>
         <input_file_ref idref="fl-d0"/>
      </object_component>
      <object_component id="oc-f9">
         <name>.debug_info</name>
         <load_address>0x11a8d</load_address>
         <run_address>0x11a8d</run_address>
         <size>0x318</size>
         <input_file_ref idref="fl-d0"/>
      </object_component>
      <object_component id="oc-ff">
         <name>.debug_info</name>
         <load_address>0x11da5</load_address>
         <run_address>0x11da5</run_address>
         <size>0x318</size>
         <input_file_ref idref="fl-d0"/>
      </object_component>
      <object_component id="oc-d0">
         <name>.debug_info</name>
         <load_address>0x120bd</load_address>
         <run_address>0x120bd</run_address>
         <size>0x26e</size>
         <input_file_ref idref="fl-d0"/>
      </object_component>
      <object_component id="oc-190">
         <name>.debug_info</name>
         <load_address>0x1232b</load_address>
         <run_address>0x1232b</run_address>
         <size>0x21a</size>
         <input_file_ref idref="fl-d0"/>
      </object_component>
      <object_component id="oc-3f0">
         <name>.debug_info</name>
         <load_address>0x12545</load_address>
         <run_address>0x12545</run_address>
         <size>0x1e2</size>
      </object_component>
      <object_component id="oc-2ea">
         <name>.debug_line</name>
         <load_address>0x0</load_address>
         <run_address>0x0</run_address>
         <size>0x144</size>
         <input_file_ref idref="fl-2"/>
      </object_component>
      <object_component id="oc-2c6">
         <name>.debug_line</name>
         <load_address>0x144</load_address>
         <run_address>0x144</run_address>
         <size>0x40</size>
         <input_file_ref idref="fl-2"/>
      </object_component>
      <object_component id="oc-356">
         <name>.debug_line</name>
         <load_address>0x184</load_address>
         <run_address>0x184</run_address>
         <size>0x40</size>
         <input_file_ref idref="fl-2"/>
      </object_component>
      <object_component id="oc-2c8">
         <name>.debug_line</name>
         <load_address>0x1c4</load_address>
         <run_address>0x1c4</run_address>
         <size>0x40</size>
         <input_file_ref idref="fl-2"/>
      </object_component>
      <object_component id="oc-358">
         <name>.debug_line</name>
         <load_address>0x204</load_address>
         <run_address>0x204</run_address>
         <size>0x40</size>
         <input_file_ref idref="fl-2"/>
      </object_component>
      <object_component id="oc-327">
         <name>.debug_line</name>
         <load_address>0x244</load_address>
         <run_address>0x244</run_address>
         <size>0x40</size>
         <input_file_ref idref="fl-2"/>
      </object_component>
      <object_component id="oc-1db">
         <name>.debug_line</name>
         <load_address>0x284</load_address>
         <run_address>0x284</run_address>
         <size>0x81</size>
         <input_file_ref idref="fl-2"/>
      </object_component>
      <object_component id="oc-33a">
         <name>.debug_line</name>
         <load_address>0x305</load_address>
         <run_address>0x305</run_address>
         <size>0x81</size>
         <input_file_ref idref="fl-2"/>
      </object_component>
      <object_component id="oc-31e">
         <name>.debug_line</name>
         <load_address>0x386</load_address>
         <run_address>0x386</run_address>
         <size>0x81</size>
         <input_file_ref idref="fl-2"/>
      </object_component>
      <object_component id="oc-333">
         <name>.debug_line</name>
         <load_address>0x407</load_address>
         <run_address>0x407</run_address>
         <size>0x81</size>
         <input_file_ref idref="fl-2"/>
      </object_component>
      <object_component id="oc-340">
         <name>.debug_line</name>
         <load_address>0x488</load_address>
         <run_address>0x488</run_address>
         <size>0x84</size>
         <input_file_ref idref="fl-2"/>
      </object_component>
      <object_component id="oc-346">
         <name>.debug_line</name>
         <load_address>0x50c</load_address>
         <run_address>0x50c</run_address>
         <size>0x84</size>
         <input_file_ref idref="fl-2"/>
      </object_component>
      <object_component id="oc-2b3">
         <name>.debug_line</name>
         <load_address>0x590</load_address>
         <run_address>0x590</run_address>
         <size>0x84</size>
         <input_file_ref idref="fl-2"/>
      </object_component>
      <object_component id="oc-297">
         <name>.debug_line</name>
         <load_address>0x614</load_address>
         <run_address>0x614</run_address>
         <size>0x81</size>
         <input_file_ref idref="fl-2"/>
      </object_component>
      <object_component id="oc-1cf">
         <name>.debug_line</name>
         <load_address>0x695</load_address>
         <run_address>0x695</run_address>
         <size>0x5a</size>
         <input_file_ref idref="fl-2"/>
      </object_component>
      <object_component id="oc-1d4">
         <name>.debug_line</name>
         <load_address>0x6ef</load_address>
         <run_address>0x6ef</run_address>
         <size>0x58</size>
         <input_file_ref idref="fl-2"/>
      </object_component>
      <object_component id="oc-2ab">
         <name>.debug_line</name>
         <load_address>0x747</load_address>
         <run_address>0x747</run_address>
         <size>0x7b</size>
         <input_file_ref idref="fl-2"/>
      </object_component>
      <object_component id="oc-34c">
         <name>.debug_line</name>
         <load_address>0x7c2</load_address>
         <run_address>0x7c2</run_address>
         <size>0x58</size>
         <input_file_ref idref="fl-2"/>
      </object_component>
      <object_component id="oc-2ba">
         <name>.debug_line</name>
         <load_address>0x81a</load_address>
         <run_address>0x81a</run_address>
         <size>0x6d</size>
         <input_file_ref idref="fl-2"/>
      </object_component>
      <object_component id="oc-1e0">
         <name>.debug_line</name>
         <load_address>0x887</load_address>
         <run_address>0x887</run_address>
         <size>0x74</size>
         <input_file_ref idref="fl-2"/>
      </object_component>
      <object_component id="oc-1e6">
         <name>.debug_line</name>
         <load_address>0x8fb</load_address>
         <run_address>0x8fb</run_address>
         <size>0x6d</size>
         <input_file_ref idref="fl-2"/>
      </object_component>
      <object_component id="oc-1ec">
         <name>.debug_line</name>
         <load_address>0x968</load_address>
         <run_address>0x968</run_address>
         <size>0x7c</size>
         <input_file_ref idref="fl-2"/>
      </object_component>
      <object_component id="oc-133">
         <name>.debug_line</name>
         <load_address>0x9e4</load_address>
         <run_address>0x9e4</run_address>
         <size>0x68</size>
         <input_file_ref idref="fl-2"/>
      </object_component>
      <object_component id="oc-149">
         <name>.debug_line</name>
         <load_address>0xa4c</load_address>
         <run_address>0xa4c</run_address>
         <size>0x6e</size>
         <input_file_ref idref="fl-2"/>
      </object_component>
      <object_component id="oc-14e">
         <name>.debug_line</name>
         <load_address>0xaba</load_address>
         <run_address>0xaba</run_address>
         <size>0x69</size>
         <input_file_ref idref="fl-2"/>
      </object_component>
      <object_component id="oc-2ff">
         <name>.debug_line</name>
         <load_address>0xb23</load_address>
         <run_address>0xb23</run_address>
         <size>0x6c</size>
         <input_file_ref idref="fl-2"/>
      </object_component>
      <object_component id="oc-2ee">
         <name>.debug_line</name>
         <load_address>0xb8f</load_address>
         <run_address>0xb8f</run_address>
         <size>0x37</size>
         <input_file_ref idref="fl-2"/>
      </object_component>
      <object_component id="oc-2f3">
         <name>.debug_line</name>
         <load_address>0xbc6</load_address>
         <run_address>0xbc6</run_address>
         <size>0x40</size>
         <input_file_ref idref="fl-2"/>
      </object_component>
      <object_component id="oc-158">
         <name>.debug_line</name>
         <load_address>0xc06</load_address>
         <run_address>0xc06</run_address>
         <size>0x54</size>
         <input_file_ref idref="fl-2"/>
      </object_component>
      <object_component id="oc-153">
         <name>.debug_line</name>
         <load_address>0xc5a</load_address>
         <run_address>0xc5a</run_address>
         <size>0x20</size>
         <input_file_ref idref="fl-2"/>
      </object_component>
      <object_component id="oc-1b8">
         <name>.debug_line</name>
         <load_address>0xc7a</load_address>
         <run_address>0xc7a</run_address>
         <size>0x58</size>
         <input_file_ref idref="fl-2"/>
      </object_component>
      <object_component id="oc-108">
         <name>.debug_line</name>
         <load_address>0xcd2</load_address>
         <run_address>0xcd2</run_address>
         <size>0x55</size>
         <input_file_ref idref="fl-2"/>
      </object_component>
      <object_component id="oc-1c4">
         <name>.debug_line</name>
         <load_address>0xd27</load_address>
         <run_address>0xd27</run_address>
         <size>0x50</size>
         <input_file_ref idref="fl-2"/>
      </object_component>
      <object_component id="oc-2f8">
         <name>.debug_line</name>
         <load_address>0xd77</load_address>
         <run_address>0xd77</run_address>
         <size>0x59</size>
         <input_file_ref idref="fl-2"/>
      </object_component>
      <object_component id="oc-145">
         <name>.debug_line</name>
         <load_address>0xdd0</load_address>
         <run_address>0xdd0</run_address>
         <size>0x33</size>
         <input_file_ref idref="fl-3"/>
      </object_component>
      <object_component id="oc-a0">
         <name>.debug_line</name>
         <load_address>0xe03</load_address>
         <run_address>0xe03</run_address>
         <size>0x33</size>
         <input_file_ref idref="fl-3"/>
      </object_component>
      <object_component id="oc-35">
         <name>.debug_line</name>
         <load_address>0xe36</load_address>
         <run_address>0xe36</run_address>
         <size>0x4b</size>
         <input_file_ref idref="fl-3"/>
      </object_component>
      <object_component id="oc-91">
         <name>.debug_line</name>
         <load_address>0xe81</load_address>
         <run_address>0xe81</run_address>
         <size>0x67</size>
         <input_file_ref idref="fl-3"/>
      </object_component>
      <object_component id="oc-98">
         <name>.debug_line</name>
         <load_address>0xee8</load_address>
         <run_address>0xee8</run_address>
         <size>0x48</size>
         <input_file_ref idref="fl-3"/>
      </object_component>
      <object_component id="oc-9e">
         <name>.debug_line</name>
         <load_address>0xf30</load_address>
         <run_address>0xf30</run_address>
         <size>0x48</size>
         <input_file_ref idref="fl-3"/>
      </object_component>
      <object_component id="oc-2fb">
         <name>.debug_line</name>
         <load_address>0xf78</load_address>
         <run_address>0xf78</run_address>
         <size>0x118</size>
         <input_file_ref idref="fl-4"/>
      </object_component>
      <object_component id="oc-17e">
         <name>.debug_line</name>
         <load_address>0x1090</load_address>
         <run_address>0x1090</run_address>
         <size>0x87</size>
         <input_file_ref idref="fl-4"/>
      </object_component>
      <object_component id="oc-16b">
         <name>.debug_line</name>
         <load_address>0x1117</load_address>
         <run_address>0x1117</run_address>
         <size>0x84</size>
         <input_file_ref idref="fl-4"/>
      </object_component>
      <object_component id="oc-af">
         <name>.debug_line</name>
         <load_address>0x119b</load_address>
         <run_address>0x119b</run_address>
         <size>0x4d</size>
         <input_file_ref idref="fl-4"/>
      </object_component>
      <object_component id="oc-178">
         <name>.debug_line</name>
         <load_address>0x11e8</load_address>
         <run_address>0x11e8</run_address>
         <size>0x58</size>
         <input_file_ref idref="fl-4"/>
      </object_component>
      <object_component id="oc-164">
         <name>.debug_line</name>
         <load_address>0x1240</load_address>
         <run_address>0x1240</run_address>
         <size>0x4a</size>
         <input_file_ref idref="fl-4"/>
      </object_component>
      <object_component id="oc-18a">
         <name>.debug_line</name>
         <load_address>0x128a</load_address>
         <run_address>0x128a</run_address>
         <size>0x86</size>
         <input_file_ref idref="fl-8"/>
      </object_component>
      <object_component id="oc-cc">
         <name>.debug_line</name>
         <load_address>0x1310</load_address>
         <run_address>0x1310</run_address>
         <size>0x8c</size>
         <input_file_ref idref="fl-8"/>
      </object_component>
      <object_component id="oc-c0">
         <name>.debug_line</name>
         <load_address>0x139c</load_address>
         <run_address>0x139c</run_address>
         <size>0x87</size>
         <input_file_ref idref="fl-8"/>
      </object_component>
      <object_component id="oc-c6">
         <name>.debug_line</name>
         <load_address>0x1423</load_address>
         <run_address>0x1423</run_address>
         <size>0x88</size>
         <input_file_ref idref="fl-8"/>
      </object_component>
      <object_component id="oc-15e">
         <name>.debug_line</name>
         <load_address>0x14ab</load_address>
         <run_address>0x14ab</run_address>
         <size>0x83</size>
         <input_file_ref idref="fl-8"/>
      </object_component>
      <object_component id="oc-f6">
         <name>.debug_line</name>
         <load_address>0x152e</load_address>
         <run_address>0x152e</run_address>
         <size>0x85</size>
         <input_file_ref idref="fl-8"/>
      </object_component>
      <object_component id="oc-a7">
         <name>.debug_line</name>
         <load_address>0x15b3</load_address>
         <run_address>0x15b3</run_address>
         <size>0x85</size>
         <input_file_ref idref="fl-8"/>
      </object_component>
      <object_component id="oc-de">
         <name>.debug_line</name>
         <load_address>0x1638</load_address>
         <run_address>0x1638</run_address>
         <size>0x84</size>
         <input_file_ref idref="fl-8"/>
      </object_component>
      <object_component id="oc-e4">
         <name>.debug_line</name>
         <load_address>0x16bc</load_address>
         <run_address>0x16bc</run_address>
         <size>0xa1</size>
         <input_file_ref idref="fl-8"/>
      </object_component>
      <object_component id="oc-28d">
         <name>.debug_line</name>
         <load_address>0x175d</load_address>
         <run_address>0x175d</run_address>
         <size>0xa5</size>
         <input_file_ref idref="fl-8"/>
      </object_component>
      <object_component id="oc-1a2">
         <name>.debug_line</name>
         <load_address>0x1802</load_address>
         <run_address>0x1802</run_address>
         <size>0xa8</size>
         <input_file_ref idref="fl-8"/>
      </object_component>
      <object_component id="oc-1a9">
         <name>.debug_line</name>
         <load_address>0x18aa</load_address>
         <run_address>0x18aa</run_address>
         <size>0xa5</size>
         <input_file_ref idref="fl-8"/>
      </object_component>
      <object_component id="oc-f0">
         <name>.debug_line</name>
         <load_address>0x194f</load_address>
         <run_address>0x194f</run_address>
         <size>0xa7</size>
         <input_file_ref idref="fl-8"/>
      </object_component>
      <object_component id="oc-ea">
         <name>.debug_line</name>
         <load_address>0x19f6</load_address>
         <run_address>0x19f6</run_address>
         <size>0xb1</size>
         <input_file_ref idref="fl-8"/>
      </object_component>
      <object_component id="oc-d8">
         <name>.debug_line</name>
         <load_address>0x1aa7</load_address>
         <run_address>0x1aa7</run_address>
         <size>0xa5</size>
         <input_file_ref idref="fl-8"/>
      </object_component>
      <object_component id="oc-3f">
         <name>.debug_line</name>
         <load_address>0x1b4c</load_address>
         <run_address>0x1b4c</run_address>
         <size>0xc9</size>
         <input_file_ref idref="fl-8"/>
      </object_component>
      <object_component id="oc-41">
         <name>.debug_line</name>
         <load_address>0x1c15</load_address>
         <run_address>0x1c15</run_address>
         <size>0xa5</size>
         <input_file_ref idref="fl-8"/>
      </object_component>
      <object_component id="oc-47">
[...]
         <usage_details>
         </usage_details>
      </memory_area>
      <memory_area display="yes" color="green">
         <name>CPU2TOCMMSGRAM0</name>
         <page_id>0x0</page_id>
         <origin>0x20084000</origin>
         <length>0x800</length>
         <used_space>0x110</used_space>
         <unused_space>0x6f0</unused_space>
         <attributes>RWIX</attributes>
         <usage_details>
            <allocated_space>
               <start_address>0x20084000</start_address>
               <size>0x110</size>
               <logical_group_ref idref="lg-14"/>
            </allocated_space>
            <available_space>
               <start_address>0x20084110</start_address>
               <size>0x6f0</size>
            </available_space>
         </usage_details>
      </memory_area>
      <memory_area display="yes" color="green">
         <name>CPU2TOCMMSGRAM1</name>
         <page_id>0x0</page_id>
         <origin>0x20084800</origin>
         <length>0x800</length>
         <used_space>0x0</used_space>
         <unused_space>0x800</unused_space>
         <attributes>RWIX</attributes>
         <usage_details>
         </usage_details>
      </memory_area>
      <memory_area display="yes" color="green">
         <name>CMTOCPU2MSGRAM0</name>
         <page_id>0x0</page_id>
         <origin>0x20086000</origin>
         <length>0x800</length>
         <used_space>0x110</used_space>
         <unused_space>0x6f0</unused_space>
         <attributes>RWIX</attributes>
         <usage_details>
            <allocated_space>
               <start_address>0x20086000</start_address>
               <size>0x110</size>
               <logical_group_ref idref="lg-12"/>
            </allocated_space>
            <available_space>
               <start_address>0x20086110</start_address>
               <size>0x6f0</size>
            </available_space>
         </usage_details>
      </memory_area>
      <memory_area display="yes" color="green">
         <name>CMTOCPU2MSGRAM1</name>
         <page_id>0x0</page_id>
         <origin>0x20086800</origin>
         <length>0x800</length>
         <used_space>0x0</used_space>
         <unused_space>0x800</unused_space>
         <attributes>RWIX</attributes>
         <usage_details>
         </usage_details>
      </memory_area>
   </placement_map>
   <cptbl_list>
      <cptbl>
         <name>__TI_cinit_table</name>
         <cprec>
            <name>.vftable</name>
            <load_address>0x2016a0</load_address>
            <load_size>0x24</load_size>
            <run_address>0x200400</run_address>
            <run_size>0x140</run_size>
            <compression>lzss</compression>
         </cprec>
         <cprec>
            <name>.data</name>
            <load_address>0x2016c4</load_address>
            <load_size>0x1e</load_size>
            <run_address>0x2000c000</run_address>
            <run_size>0x9c</run_size>
            <compression>lzss</compression>
         </cprec>
         <cprec>
            <name>.bss</name>
            <load_address>0x2016f0</load_address>
            <load_size>0x8</load_size>
            <run_address>0x2000c09c</run_address>
            <run_size>0x1c</run_size>
            <compression>zero_init</compression>
         </cprec>
         <cprec>
            <name>.vtable</name>
            <load_address>0x2016f8</load_address>
            <load_size>0x8</load_size>
            <run_address>0x20000800</run_address>
            <run_size>0x140</run_size>
            <compression>zero_init</compression>
         </cprec>
      </cptbl>
   </cptbl_list>
   <handler_table>
      <handler_table_name>__TI_handler_table</handler_table_name>
      <handler>
         <index>0x0</index>
         <name>__TI_decompress_lzss</name>
      </handler>
      <handler>
         <index>0x1</index>
         <name>__TI_decompress_none</name>
      </handler>
      <handler>
         <index>0x2</index>
         <name>__TI_zero_init</name>
      </handler>
   </handler_table>
   <far_call_trampoline_list>
      <far_call_trampoline>
         <callee_name>Flash_initModule</callee_name>
         <callee_addr>0x1fffe000</callee_addr>
         <trampoline_object_component_ref idref="oc-3ec"/>
         <trampoline_address>0x2011e8</trampoline_address>
         <caller_list>
            <trampoline_call_site>
               <caller_address>0x2011be</caller_address>
               <caller_object_component_ref idref="oc-aa-b05fef08"/>
            </trampoline_call_site>
         </caller_list>
      </far_call_trampoline>
      <far_call_trampoline>
         <callee_name>Flash_unlockCtrlRegisters</callee_name>
         <callee_addr>0x20156c</callee_addr>
         <trampoline_object_component_ref idref="oc-3ea"/>
         <trampoline_address>0x1fffe070</trampoline_address>
         <caller_list>
            <trampoline_call_site>
               <caller_address>0x1fffe010</caller_address>
               <caller_object_component_ref idref="oc-16d-b05fef08"/>
            </trampoline_call_site>
         </caller_list>
      </far_call_trampoline>
      <far_call_trampoline>
         <callee_name>Flash_unlockECCRegisters</callee_name>
         <callee_addr>0x2015a8</callee_addr>
         <trampoline_object_component_ref idref="oc-3eb"/>
         <trampoline_address>0x1fffe078</trampoline_address>
         <caller_list>
            <trampoline_call_site>
               <caller_address>0x1fffe016</caller_address>
               <caller_object_component_ref idref="oc-16d-b05fef08"/>
            </trampoline_call_site>
         </caller_list>
      </far_call_trampoline>
   </far_call_trampoline_list>
   <trampoline_count>0x3</trampoline_count>
   <trampoline_call_count>0x3</trampoline_call_count>
   <symbol_table>
      <symbol id="sm-1">
         <name>RamfuncsLoadStart</name>
         <value>0x200010</value>
      </symbol>
      <symbol id="sm-2">
         <name>RamfuncsLoadSize</name>
         <value>0x158</value>
      </symbol>
      <symbol id="sm-3">
         <name>RamfuncsLoadEnd</name>
         <value>0x200168</value>
      </symbol>
      <symbol id="sm-4">
         <name>RamfuncsRunStart</name>
         <value>0x1fffe000</value>
      </symbol>
      <symbol id="sm-5">
         <name>RamfuncsRunSize</name>
         <value>0x158</value>
      </symbol>
      <symbol id="sm-6">
         <name>RamfuncsRunEnd</name>
         <value>0x1fffe158</value>
      </symbol>
      <symbol id="sm-7">
         <name>__start___llvm_prf_cnts</name>
         <value>0x2000c000</value>
      </symbol>
      <symbol id="sm-8">
         <name>__stop___llvm_prf_cnts</name>
         <value>0x2000c000</value>
      </symbol>
      <symbol id="sm-9">
         <name>__TI_CINIT_Base</name>
         <value>0x201700</value>
      </symbol>
      <symbol id="sm-a">
         <name>__TI_CINIT_Limit</name>
         <value>0x201720</value>
      </symbol>
      <symbol id="sm-b">
         <name>__TI_Handler_Table_Base</name>
         <value>0x2016e4</value>
      </symbol>
      <symbol id="sm-c">
         <name>__TI_Handler_Table_Limit</name>
         <value>0x2016f0</value>
      </symbol>
      <symbol id="sm-d">
         <name>binit</name>
         <value>0xffffffff</value>
      </symbol>
      <symbol id="sm-e">
         <name>__binit__</name>
         <value>0xffffffff</value>
      </symbol>
      <symbol id="sm-f">
         <name>__STACK_SIZE</name>
         <value>0x200</value>
      </symbol>
      <symbol id="sm-10">
         <name>__STACK_END</name>
         <value>0x1fffc200</value>
      </symbol>
      <symbol id="sm-11">
         <name>__c_args__</name>
         <value>0xffffffff</value>
      </symbol>
      <symbol id="sm-12">
         <name>__TI_pprof_out_hndl</name>
         <value>0xffffffff</value>
      </symbol>
      <symbol id="sm-13">
         <name>__TI_prof_data_start</name>
         <value>0xffffffff</value>
      </symbol>
      <symbol id="sm-14">
         <name>__TI_prof_data_size</name>
         <value>0xffffffff</value>
      </symbol>
      <symbol id="sm-1a6">
         <name>g_cm_last_command</name>
         <value>0x2000c030</value>
         <object_component_ref idref="oc-1ee"/>
      </symbol>
      <symbol id="sm-1a7">
         <name>g_cm_ipc_cmd_drop_count</name>
         <value>0x2000c014</value>
         <object_component_ref idref="oc-1ee"/>
      </symbol>
      <symbol id="sm-1a8">
         <name>g_ecat_al_state</name>
         <value>0x2000c044</value>
         <object_component_ref idref="oc-1ee"/>
      </symbol>
      <symbol id="sm-1a9">
         <name>g_ecat_motor_command_rxpdo</name>
         <value>0x2000c084</value>
         <object_component_ref idref="oc-1f1"/>
      </symbol>
      <symbol id="sm-1aa">
         <name>g_cm_last_encoder_count</name>
         <value>0x2000c020</value>
         <object_component_ref idref="oc-1ee"/>
      </symbol>
      <symbol id="sm-1ab">
         <name>g_cm_ipc_error_count</name>
         <value>0x2000c008</value>
         <object_component_ref idref="oc-1ee"/>
      </symbol>
      <symbol id="sm-1ac">
         <name>g_cm_ipc_cmd_ack_count</name>
         <value>0x2000c018</value>
         <object_component_ref idref="oc-1ee"/>
      </symbol>
      <symbol id="sm-1ad">
         <name>g_cm_last_command_result</name>
         <value>0x2000c034</value>
         <object_component_ref idref="oc-1ee"/>
      </symbol>
      <symbol id="sm-1ae">
         <name>main</name>
         <value>0x2010cd</value>
         <object_component_ref idref="oc-12f"/>
      </symbol>
      <symbol id="sm-1af">
         <name>g_ecat_pdo_update_count</name>
         <value>0x2000c038</value>
         <object_component_ref idref="oc-1ee"/>
      </symbol>
      <symbol id="sm-1b0">
         <name>g_cm_target_speed</name>
         <value>0x2000c02c</value>
         <object_component_ref idref="oc-1ee"/>
      </symbol>
      <symbol id="sm-1b1">
         <name>g_cm_ipc_cmd_invalid_count</name>
         <value>0x2000c01c</value>
         <object_component_ref idref="oc-1ee"/>
      </symbol>
      <symbol id="sm-1b2">
         <name>g_ecat_command_apply_count</name>
         <value>0x2000c040</value>
         <object_component_ref idref="oc-1ee"/>
      </symbol>
      <symbol id="sm-1b3">
         <name>g_cm_ipc_rx_count</name>
         <value>0x2000c004</value>
         <object_component_ref idref="oc-1ee"/>
      </symbol>
      <symbol id="sm-1b4">
         <name>g_ecat_hw_init_status</name>
         <value>0x2000c000</value>
         <object_component_ref idref="oc-1ee"/>
      </symbol>
      <symbol id="sm-1b5">
         <name>g_cm_motor_status_flags</name>
         <value>0x2000c028</value>
         <object_component_ref idref="oc-1ee"/>
      </symbol>
      <symbol id="sm-1b6">
         <name>g_cm_ipc_status_rx_count</name>
         <value>0x2000c00c</value>
         <object_component_ref idref="oc-1ee"/>
      </symbol>
      <symbol id="sm-1b7">
         <name>g_cm_last_current_speed</name>
         <value>0x2000c024</value>
         <object_component_ref idref="oc-1ee"/>
      </symbol>
      <symbol id="sm-1b8">
         <name>g_ecat_motor_status_txpdo</name>
         <value>0x2000c06c</value>
         <object_component_ref idref="oc-2c1"/>
      </symbol>
      <symbol id="sm-1b9">
         <name>g_cm_ipc_cmd_tx_count</name>
         <value>0x2000c010</value>
         <object_component_ref idref="oc-1ee"/>
      </symbol>
      <symbol id="sm-1ba">
         <name>g_ecat_motor_telemetry_txpdo</name>
         <value>0x2000c094</value>
         <object_component_ref idref="oc-2bd"/>
      </symbol>
      <symbol id="sm-1bb">
         <name>ECAT_MotorCommand_Request</name>
         <value>0x200aa5</value>
         <object_component_ref idref="oc-2b6"/>
      </symbol>
      <symbol id="sm-1bc">
         <name>g_ecat_status_update_count</name>
         <value>0x2000c03c</value>
         <object_component_ref idref="oc-1ee"/>
      </symbol>
      <symbol id="sm-1bd">
         <name>ECAT_MotorCommand_ApplyRxPDO</name>
         <value>0x200d21</value>
         <object_component_ref idref="oc-1dc"/>
      </symbol>
      <symbol id="sm-1fd">
         <name>vectorTableFlash</name>
         <value>0x200400</value>
         <object_component_ref idref="oc-2e"/>
      </symbol>
      <symbol id="sm-237">
         <name>CM_enableAllPeripherals</name>
         <value>0x200ca9</value>
         <object_component_ref idref="oc-173"/>
      </symbol>
      <symbol id="sm-238">
         <name>__error__</name>
         <value>0x2015db</value>
         <object_component_ref idref="oc-160"/>
      </symbol>
      <symbol id="sm-239">
         <name>CM_init</name>
         <value>0x2011a9</value>
         <object_component_ref idref="oc-aa"/>
      </symbol>
      <symbol id="sm-317">
         <name>ESC_applicationSync0Handler</name>
         <value>0x20150d</value>
         <object_component_ref idref="oc-43"/>
      </symbol>
      <symbol id="sm-318">
         <name>ESC_applicationLayerHandler</name>
         <value>0x2014f5</value>
         <object_component_ref idref="oc-37"/>
      </symbol>
      <symbol id="sm-319">
         <name>ESC_writeDWordISR</name>
         <value>0x2014bd</value>
         <object_component_ref idref="oc-1a5"/>
      </symbol>
      <symbol id="sm-31a">
         <name>ESC_applicationSync1Handler</name>
         <value>0x201525</value>
         <object_component_ref idref="oc-49"/>
      </symbol>
      <symbol id="sm-31b">
         <name>ESC_initHW</name>
         <value>0x200541</value>
         <object_component_ref idref="oc-3b"/>
      </symbol>
      <symbol id="sm-31c">
         <name>ESC_readWordISR</name>
         <value>0x20153d</value>
         <object_component_ref idref="oc-289"/>
      </symbol>
      <symbol id="sm-31d">
         <name>ESC_loadedCheckEEPROM</name>
         <value>0x201267</value>
         <object_component_ref idref="oc-e6"/>
      </symbol>
      <symbol id="sm-31e">
         <name>ESC_resetESC</name>
         <value>0x2015f7</value>
         <object_component_ref idref="oc-d4"/>
      </symbol>
      <symbol id="sm-31f">
         <name>ESC_writeDWord</name>
         <value>0x201555</value>
         <object_component_ref idref="oc-ec"/>
      </symbol>
      <symbol id="sm-320">
         <name>ESC_readWord</name>
         <value>0x2014a1</value>
         <object_component_ref idref="oc-19e"/>
      </symbol>
      <symbol id="sm-398">
         <name>Flash_initModule</name>
         <value>0x1fffe001</value>
         <object_component_ref idref="oc-16d"/>
      </symbol>
      <symbol id="sm-401">
         <name>IPC_sendMessageToQueue</name>
         <value>0x200621</value>
         <object_component_ref idref="oc-34e"/>
      </symbol>
      <symbol id="sm-402">
         <name>IPC_CM_To_CPU2_PutBuffer</name>
         <value>0x20086000</value>
         <object_component_ref idref="oc-381"/>
      </symbol>
      <symbol id="sm-403">
         <name>IPC_registerInterrupt</name>
         <value>0x2011f1</value>
         <object_component_ref idref="oc-29e"/>
      </symbol>
      <symbol id="sm-404">
         <name>IPC_CM_To_CPU1_PutBuffer</name>
         <value>0x20082000</value>
         <object_component_ref idref="oc-37b"/>
      </symbol>
      <symbol id="sm-405">
         <name>IPC_initMessageQueue</name>
         <value>0x2007b1</value>
         <object_component_ref idref="oc-298"/>
      </symbol>
      <symbol id="sm-406">
         <name>IPC_Instance</name>
         <value>0x201610</value>
         <object_component_ref idref="oc-320"/>
      </symbol>
      <symbol id="sm-407">
         <name>IPC_CM_To_CPU2_GetBuffer</name>
         <value>0x20084000</value>
         <object_component_ref idref="oc-384"/>
      </symbol>
      <symbol id="sm-408">
         <name>IPC_CM_To_CPU1_GetBuffer</name>
         <value>0x20080000</value>
         <object_component_ref idref="oc-37e"/>
      </symbol>
      <symbol id="sm-409">
         <name>IPC_readMessageFromQueue</name>
         <value>0x2006ed</value>
         <object_component_ref idref="oc-328"/>
      </symbol>
      <symbol id="sm-426">
         <name>SysCtl_enablePeripheral</name>
         <value>0x20111d</value>
         <object_component_ref idref="oc-276"/>
      </symbol>
      <symbol id="sm-427">
         <name>SysCtl_resetPeripheral</name>
         <value>0x200e09</value>
         <object_component_ref idref="oc-195"/>
      </symbol>
      <symbol id="sm-450">
         <name>vectorTableRAM</name>
         <value>0x20000800</value>
         <object_component_ref idref="oc-180"/>
      </symbol>
      <symbol id="sm-451">
         <name>Interrupt_enable</name>
         <value>0x200ba9</value>
         <object_component_ref idref="oc-b6"/>
      </symbol>
      <symbol id="sm-452">
         <name>Interrupt_registerHandler</name>
         <value>0x201071</value>
         <object_component_ref idref="oc-b0"/>
      </symbol>
      <symbol id="sm-46d">
         <name>memcpy</name>
         <value>0x2008f9</value>
         <object_component_ref idref="oc-5d"/>
      </symbol>
      <symbol id="sm-46e">
         <name>__aeabi_memcpy</name>
         <value>0x2008f9</value>
         <object_component_ref idref="oc-5d"/>
      </symbol>
      <symbol id="sm-46f">
         <name>__aeabi_memcpy8</name>
         <value>0x2008f9</value>
         <object_component_ref idref="oc-5d"/>
      </symbol>
      <symbol id="sm-470">
         <name>__aeabi_memcpy4</name>
         <value>0x2008f9</value>
         <object_component_ref idref="oc-5d"/>
      </symbol>
      <symbol id="sm-484">
         <name>__TI_zero_init_nomemset</name>
         <value>0x2014d9</value>
         <object_component_ref idref="oc-69"/>
      </symbol>
      <symbol id="sm-49b">
         <name>__TI_decompress_none</name>
         <value>0x2015e9</value>
         <object_component_ref idref="oc-20"/>
      </symbol>
      <symbol id="sm-4be">
         <name>__TI_decompress_lzss</name>
         <value>0x200f51</value>
         <object_component_ref idref="oc-1a"/>
      </symbol>
      <symbol id="sm-4d0">
         <name>__stack</name>
         <value>0x1fffc000</value>
         <object_component_ref idref="oc-4f"/>
      </symbol>
      <symbol id="sm-4d1">
         <name>_c_int00_noargs</name>
         <value>0x20145d</value>
         <object_component_ref idref="oc-7b"/>
      </symbol>
      <symbol id="sm-4fa">
         <name>__TI_auto_init_nobinit_nopinit</name>
         <value>0x201165</value>
         <object_component_ref idref="oc-201"/>
      </symbol>
      <symbol id="sm-504">
         <name>_system_pre_init</name>
         <value>0x2003fd</value>
         <object_component_ref idref="oc-129"/>
      </symbol>
      <symbol id="sm-510">
         <name>C$$EXIT</name>
         <value>0x20160b</value>
         <object_component_ref idref="oc-1f5"/>
      </symbol>
      <symbol id="sm-511">
         <name>abort</name>
         <value>0x20160b</value>
         <object_component_ref idref="oc-1f5"/>
      </symbol>
      <symbol id="sm-54b">
         <name>ESCSS_configureEEPROMSize</name>
         <value>0x20122d</value>
         <object_component_ref idref="oc-ce"/>
      </symbol>
      <symbol id="sm-54c">
         <name>ESCSS_configureSync0Connections</name>
         <value>0x200fb9</value>
         <object_component_ref idref="oc-f8"/>
      </symbol>
      <symbol id="sm-54d">
         <name>ESCSS_configureSync1Connections</name>
         <value>0x201015</value>
         <object_component_ref idref="oc-fe"/>
      </symbol>
      <symbol id="sm-54e">
         <name>__TI_static_base__</name>
         <value>0x2016a0</value>
      </symbol>
      <symbol id="sm-554">
         <name>__mpu_init</name>
         <value>0x0</value>
      </symbol>
      <symbol id="sm-555">
         <name>_system_post_cinit</name>
         <value>0x0</value>
      </symbol>
   </symbol_table>
   <title>Link successful</title>
</link_info>
