******************************************************************************
                  TI ARM Linker PC v20.2.7                     
******************************************************************************
>> Linked Wed Sep  2 11:23:20 2026

OUTPUT FILE NAME:   <Driverlib Empty CM Example CCS Project.out>
ENTRY POINT SYMBOL: "_c_int00_noargs"  address: 0020145d


MEMORY CONFIGURATION

         name            origin    length      used     unused   attr    fill
----------------------  --------  ---------  --------  --------  ----  --------
  CMBANK0_RESETISR      00200000   00000008  00000006  00000002  RWIX
  CMBANK0_SECTOR0       00200008   00003ff8  000016fe  000028fa  RWIX
  CMBANK0_SECTOR1       00204000   00004000  00000000  00004000  RWIX
  CMBANK0_SECTOR2       00208000   00004000  00000000  00004000  RWIX
  CMBANK0_SECTOR3       0020c000   00004000  00000000  00004000  RWIX
  CMBANK0_SECTOR4       00210000   00010000  00000000  00010000  RWIX
  CMBANK0_SECTOR5       00220000   00010000  00000000  00010000  RWIX
  CMBANK0_SECTOR6       00230000   00010000  00000000  00010000  RWIX
  CMBANK0_SECTOR7       00240000   00010000  00000000  00010000  RWIX
  CMBANK0_SECTOR8       00250000   00010000  00000000  00010000  RWIX
  CMBANK0_SECTOR9       00260000   00010000  00000000  00010000  RWIX
  CMBANK0_SECTOR10      00270000   00004000  00000000  00004000  RWIX
  CMBANK0_SECTOR11      00274000   00004000  00000000  00004000  RWIX
  CMBANK0_SECTOR12      00278000   00004000  00000000  00004000  RWIX
  CMBANK0_SECTOR13      0027c000   00004000  00000000  00004000  RWIX
  C1RAM                 1fffc000   00002000  00000200  00001e00  RWIX
  C0RAM                 1fffe000   00002000  00000158  00001ea8  RWIX
  BOOT_RSVD             20000000   00000800  00000000  00000800  RWIX
  S0RAM                 20000800   00003800  00000140  000036c0  RWIX
  S1RAM                 20004000   00004000  00000000  00004000  RWIX
  S2RAM                 20008000   00004000  00000000  00004000  RWIX
  S3RAM                 2000c000   00004000  000000b8  00003f48  RWIX
  E0RAM                 20010000   00004000  00000000  00004000  RWIX
  CPU1TOCMMSGRAM0       20080000   00000800  00000110  000006f0  RWIX
  CPU1TOCMMSGRAM1       20080800   00000800  00000000  00000800  RWIX
  CMTOCPU1MSGRAM0       20082000   00000800  00000110  000006f0  RWIX
  CMTOCPU1MSGRAM1       20082800   00000800  00000000  00000800  RWIX
  CPU2TOCMMSGRAM0       20084000   00000800  00000110  000006f0  RWIX
  CPU2TOCMMSGRAM1       20084800   00000800  00000000  00000800  RWIX
  CMTOCPU2MSGRAM0       20086000   00000800  00000110  000006f0  RWIX
  CMTOCPU2MSGRAM1       20086800   00000800  00000000  00000800  RWIX


SEGMENT ALLOCATION MAP

run origin  load origin   length   init length attrs members
----------  ----------- ---------- ----------- ----- -------
00200000    00200000    00000006   00000006    r-x
  00200000    00200000    00000006   00000006    r-x .resetisr
00200170    00200170    00000290   00000290    r-x
  00200170    00200170    00000290   00000290    r-x .text.1
00200400    00200400    00000140   00000000    rw-
  00200400    00200400    00000140   00000000    rw- .vftable
00200540    00200540    00001158   00001158    r-x
  00200540    00200540    000010ce   000010ce    r-x .text.2
  00201610    00201610    00000088   00000088    r-- .const
002016a0    002016a0    00000080   00000080    r--
  002016a0    002016a0    00000080   00000080    r-- .cinit
1fffc000    1fffc000    00000200   00000000    rw-
  1fffc000    1fffc000    00000200   00000000    rw- .stack
1fffe000    00200010    00000158   00000158    r-x
  1fffe000    00200010    00000158   00000158    r-x .TI.ramfunc
20000800    20000800    00000140   00000000    rw-
  20000800    20000800    00000140   00000000    rw- .vtable
2000c000    2000c000    000000b8   00000000    rw-
  2000c000    2000c000    0000009c   00000000    rw- .data
  2000c09c    2000c09c    0000001c   00000000    rw- .bss
20080000    20080000    00000110   00000000    rw-
  20080000    20080000    00000110   00000000    rw- MSGRAM_CPU1_TO_CM
20082000    20082000    00000110   00000000    rw-
  20082000    20082000    00000110   00000000    rw- MSGRAM_CM_TO_CPU1
20084000    20084000    00000110   00000000    rw-
  20084000    20084000    00000110   00000000    rw- MSGRAM_CPU2_TO_CM
20086000    20086000    00000110   00000000    rw-
  20086000    20086000    00000110   00000000    rw- MSGRAM_CM_TO_CPU2


SECTION ALLOCATION MAP

 output                                  attributes/
section   page    origin      length       input sections
--------  ----  ----------  ----------   ----------------
.resetisr 
*          0    00200000    00000006     
                  00200000    00000006     startup_cm.obj (.resetisr:resetISR)

.TI.ramfunc 
*          0    00200010    00000158     RUN ADDR = 1fffe000
                  00200010    00000070     driverlib_cm.lib : flash.obj (.TI.ramfunc:Flash_initModule)
                  00200080    00000008                      : flash.obj (.tramp.Flash_unlockCtrlRegisters.1)
                  00200088    00000008                      : flash.obj (.tramp.Flash_unlockECCRegisters.1)
                  00200090    00000030                      : flash.obj (.TI.ramfunc:Flash_setBankPowerMode)
                  002000c0    00000020                      : flash.obj (.TI.ramfunc:Flash_setPumpPowerMode)
                  002000e0    0000001a                      : flash.obj (.TI.ramfunc:Flash_enableECC)
                  002000fa    00000018                      : flash.obj (.TI.ramfunc:Flash_disableDataCache)
                  00200112    00000018                      : flash.obj (.TI.ramfunc:Flash_disableProgramCache)
                  0020012a    00000018                      : flash.obj (.TI.ramfunc:Flash_enableDataCache)
                  00200142    00000018                      : flash.obj (.TI.ramfunc:Flash_enableProgramCache)
                  0020015a    0000000e                      : flash.obj (.TI.ramfunc:Flash_setWaitstates)

.vftable   0    00200400    00000140     UNINITIALIZED
                  00200400    00000140     startup_cm.obj (.vftable:retain)

.cinit     0    002016a0    00000080     
                  002016a0    00000024     (.cinit..vftable.load) [load image, compression = lzss]
                  002016c4    0000001e     (.cinit..data.load) [load image, compression = lzss]
                  002016e2    00000002     --HOLE-- [fill = 0]
                  002016e4    0000000c     (__TI_handler_table)
                  002016f0    00000008     (.cinit..bss.load) [load image, compression = zero_init]
                  002016f8    00000008     (.cinit..vtable.load) [load image, compression = zero_init]
                  00201700    00000020     (__TI_cinit_table)

.vtable    0    20000800    00000140     UNINITIALIZED
                  20000800    00000140     driverlib_cm.lib : interrupt.obj (.vtable)

.stack     0    1fffc000    00000200     UNINITIALIZED
                  1fffc000    00000004     rtsv7M4_T_le_eabi.lib : boot_cortex_m.c.obj (.stack)
                  1fffc004    000001fc     --HOLE--

.data      0    2000c000    0000009c     UNINITIALIZED
                  2000c000    0000006c     empty_driverlib_main_cm.obj (.data)
                  2000c06c    00000018     empty_driverlib_main_cm.obj (.data:g_ecat_motor_status_txpdo)
                  2000c084    00000010     empty_driverlib_main_cm.obj (.data:g_ecat_motor_command_rxpdo)
                  2000c094    00000008     empty_driverlib_main_cm.obj (.data:g_ecat_motor_telemetry_txpdo)

.bss       0    2000c09c    0000001c     UNINITIALIZED
                  2000c09c    0000001c     empty_driverlib_main_cm.obj (.bss:g_cmIpcQueue)

MSGRAM_CPU1_TO_CM 
*          0    20080000    00000110     UNINITIALIZED
                  20080000    00000110     driverlib_cm.lib : ipc.obj (MSGRAM_CPU1_TO_CM)

MSGRAM_CM_TO_CPU1 
*          0    20082000    00000110     UNINITIALIZED
                  20082000    00000110     driverlib_cm.lib : ipc.obj (MSGRAM_CM_TO_CPU1)

MSGRAM_CPU2_TO_CM 
*          0    20084000    00000110     UNINITIALIZED
                  20084000    00000110     driverlib_cm.lib : ipc.obj (MSGRAM_CPU2_TO_CM)

MSGRAM_CM_TO_CPU2 
*          0    20086000    00000110     UNINITIALIZED
                  20086000    00000110     driverlib_cm.lib : ipc.obj (MSGRAM_CM_TO_CPU2)

__llvm_prf_cnts 
*          0    2000c000    00000000     UNINITIALIZED

.text.1    0    00200170    00000290     
                  00200170    00000108     empty_driverlib_main_cm.obj (.text:ECAT_Status_UpdateTxPDOShadow)
                  00200278    000000f4     empty_driverlib_main_cm.obj (.text:IPC_CM_1_ISR)
                  0020036c    0000008f     ethercat_slave_cm_hal.obj (.text:CPUTimer_startTimer)
                  002003fb    00000001     --HOLE-- [fill = 0]
                  002003fc    00000004     rtsv7M4_T_le_eabi.lib : pre_init.c.obj (.text:_system_pre_init)

.text.2    0    00200540    000010ce     
                  00200540    000000e0     ethercat_slave_cm_hal.obj (.text:ESC_initHW)
                  00200620    000000cc     driverlib_cm.lib : ipc.obj (.text:IPC_sendMessageToQueue)
                  002006ec    000000c4                      : ipc.obj (.text:IPC_readMessageFromQueue)
                  002007b0    000000ac                      : ipc.obj (.text:IPC_initMessageQueue)
                  0020085c    0000009c     ethercat_slave_cm_hal.obj (.text:ESCSS_getMemoryInitDoneStatusBlocking)
                  002008f8    0000009c     rtsv7M4_T_le_eabi.lib : memcpy_t2.asm.obj (.text)
                  00200994    00000088     ethercat_slave_cm_hal.obj (.text:ESCSS_setMaskedInterruptStatus)
                  00200a1c    00000087     ethercat_slave_cm_hal.obj (.text:CPUTimer_setPreScaler)
                  00200aa3    00000001     --HOLE-- [fill = 0]
                  00200aa4    00000084     empty_driverlib_main_cm.obj (.text:ECAT_MotorCommand_Request)
                  00200b28    00000080     ethercat_slave_cm_hal.obj (.text:ESCSS_clearRawInterruptStatus)
                  00200ba8    00000080     driverlib_cm.lib : interrupt.obj (.text:Interrupt_enable)
                  00200c28    00000080     startup_cm.obj (.text:nmiISR)
                  00200ca8    00000076     cm.obj (.text:CM_enableAllPeripherals)
                  00200d1e    00000002     startup_cm.obj (.text:defaultISR)
                  00200d20    00000074     empty_driverlib_main_cm.obj (.text:ECAT_MotorCommand_ApplyRxPDO)
                  00200d94    00000074     empty_driverlib_main_cm.obj (.text:ECAT_Telemetry_UpdateTxPDOShadow)
                  00200e08    00000070     driverlib_cm.lib : sysctl.obj (.text:SysCtl_resetPeripheral)
                  00200e78    0000006c     ethercat_slave_cm_hal.obj (.text:ESCSS_initMemory)
                  00200ee4    0000006b     ethercat_slave_cm_hal.obj (.text:CPUTimer_setPeriod)
                  00200f4f    00000001     --HOLE-- [fill = 0]
                  00200f50    00000068     rtsv7M4_T_le_eabi.lib : copy_decompress_lzss.c.obj (.text:decompress:lzss:__TI_decompress_lzss)
                  00200fb8    0000005c     driverlib_cm.lib : escss.obj (.text:ESCSS_configureSync0Connections)
                  00201014    0000005c                      : escss.obj (.text:ESCSS_configureSync1Connections)
                  00201070    0000005c                      : interrupt.obj (.text:Interrupt_registerHandler)
                  002010cc    00000050     empty_driverlib_main_cm.obj (.text:main)
                  0020111c    00000048     driverlib_cm.lib : sysctl.obj (.text:SysCtl_enablePeripheral)
                  00201164    00000044     rtsv7M4_T_le_eabi.lib : autoinit.c.obj (.text:__TI_auto_init_nobinit_nopinit:__TI_auto_init_nobinit_nopinit)
                  002011a8    00000040     cm.obj (.text:CM_init)
                  002011e8    00000008     driverlib_cm.lib : flash.obj (.tramp.Flash_initModule.1)
                  002011f0    0000003c                      : ipc.obj (.text:IPC_registerInterrupt)
                  0020122c    0000003a                      : escss.obj (.text:ESCSS_configureEEPROMSize)
                  00201266    0000003a     ethercat_slave_cm_hal.obj (.text:ESC_loadedCheckEEPROM)
                  002012a0    00000034     ethercat_slave_cm_hal.obj (.text:CPUTimer_isBaseValid)
                  002012d4    00000032     empty_driverlib_main_cm.obj (.text:IPC_sync)
                  00201306    00000028     empty_driverlib_main_cm.obj (.text:ECAT_MotorCommand_IsValid)
                  0020132e    00000002     startup_cm.obj (.text:faultISR)
                  00201330    00000028     empty_driverlib_main_cm.obj (.text:IPC_CM_Init)
                  00201358    00000028     empty_driverlib_main_cm.obj (.text:IPC_waitForAck)
                  00201380    00000028     empty_driverlib_main_cm.obj (.text:IPC_waitForFlag)
                  002013a8    00000024     driverlib_cm.lib : escss.obj (.text:ESCSS_isConfigurationLockEnabled)
                  002013cc    00000024     empty_driverlib_main_cm.obj (.text:IPC_ackFlagRtoL)
                  002013f0    00000024     empty_driverlib_main_cm.obj (.text:IPC_clearFlagLtoR)
                  00201414    00000024     driverlib_cm.lib : ipc.obj (.text:IPC_setFlagLtoR)
                  00201438    00000024     empty_driverlib_main_cm.obj (.text:IPC_setFlagLtoR)
                  0020145c    00000024     rtsv7M4_T_le_eabi.lib : boot_cortex_m.c.obj (.text:_c_int00_noargs:_c_int00_noargs)
                  00201480    00000020     ethercat_slave_cm_hal.obj (.text:ESCSS_isBaseValid)
                  002014a0    0000001c     ethercat_slave_cm_hal.obj (.text:ESC_readWord)
                  002014bc    0000001c     ethercat_slave_cm_hal.obj (.text:ESC_writeDWordISR)
                  002014d8    0000001c     rtsv7M4_T_le_eabi.lib : copy_zero_init.c.obj (.text:decompress:ZI:__TI_zero_init_nomemset:__TI_zero_init_nomemset)
                  002014f4    00000018     ethercat_slave_cm_hal.obj (.text:ESC_applicationLayerHandler)
                  0020150c    00000018     ethercat_slave_cm_hal.obj (.text:ESC_applicationSync0Handler)
                  00201524    00000018     ethercat_slave_cm_hal.obj (.text:ESC_applicationSync1Handler)
                  0020153c    00000018     ethercat_slave_cm_hal.obj (.text:ESC_readWordISR)
                  00201554    00000018     ethercat_slave_cm_hal.obj (.text:ESC_writeDWord)
                  0020156c    00000014     driverlib_cm.lib : flash.obj (.text:Flash_unlockCtrlRegisters)
                  00201580    00000014     empty_driverlib_main_cm.obj (.text:IPC_init)
                  00201594    00000014     cm.obj (.text:Interrupt_setVectorTableOffset)
                  002015a8    00000012     driverlib_cm.lib : flash.obj (.text:Flash_unlockECCRegisters)
                  002015ba    00000002     --HOLE-- [fill = 0]
                  002015bc    00000010     cm.obj (.text:SysCtl_disableWatchdog)
                  002015cc    0000000e     empty_driverlib_main_cm.obj (.text:IPC_CM_SyncWithCPU1)
                  002015da    0000000e     cm.obj (.text:__error__)
                  002015e8    0000000e     rtsv7M4_T_le_eabi.lib : copy_decompress_none.c.obj (.text:decompress:none:__TI_decompress_none)
                  002015f6    0000000c     ethercat_slave_cm_hal.obj (.text:ESC_resetESC)
                  00201602    00000008     empty_driverlib_main_cm.obj (.text:CPU_clearPRIMASK)
                  0020160a    00000004     rtsv7M4_T_le_eabi.lib : exit.c.obj (.text:abort:abort)

.const     0    00201610    00000088     
                  00201610    00000088     driverlib_cm.lib : ipc.obj (.const:IPC_Instance)

MODULE SUMMARY

       Module                        code   ro data   rw data
       ------                        ----   -------   -------
    .\
       empty_driverlib_main_cm.obj   1312   0         184    
       startup_cm.obj                138    0         320    
    +--+-----------------------------+------+---------+---------+
       Total:                        1450   0         504    
                                                             
    .\APP\ecat\
       ethercat_slave_cm_hal.obj     1467   0         0      
    +--+-----------------------------+------+---------+---------+
       Total:                        1467   0         0      
                                                             
    .\device\
       cm.obj                        232    0         0      
    +--+-----------------------------+------+---------+---------+
       Total:                        232    0         0      
                                                             
    C:/ti/c2000/C2000Ware_26_00_00_00/driverlib/f2838x/driverlib_cm/ccs/Debug/driverlib_cm.lib
       ipc.obj                       668    136       1088   
       flash.obj                     734    0         0      
       interrupt.obj                 220    0         320    
       escss.obj                     278    0         0      
       sysctl.obj                    184    0         0      
    +--+-----------------------------+------+---------+---------+
       Total:                        2084   136       1408   
                                                             
    C:\ti\ti-cgt-arm_20.2.7.LTS\lib\rtsv7M4_T_le_eabi.lib
       memcpy_t2.asm.obj             156    0         0      
       copy_decompress_lzss.c.obj    104    0         0      
       autoinit.c.obj                68     0         0      
       boot_cortex_m.c.obj           36     0         0      
       copy_zero_init.c.obj          28     0         0      
       copy_decompress_none.c.obj    14     0         0      
       exit.c.obj                    4      0         0      
       pre_init.c.obj                4      0         0      
    +--+-----------------------------+------+---------+---------+
       Total:                        414    0         0      
                                                             
       Stack:                        0      0         512    
       Linker Generated:             0      126       0      
    +--+-----------------------------+------+---------+---------+
       Grand Total:                  5647   262       2424   


LINKER GENERATED COPY TABLES

__TI_cinit_table @ 00201700 records: 4, size/record: 8, table size: 32
	.vftable: load addr=002016a0, load size=00000024 bytes, run addr=00200400, run size=00000140 bytes, compression=lzss
	.data: load addr=002016c4, load size=0000001e bytes, run addr=2000c000, run size=0000009c bytes, compression=lzss
	.bss: load addr=002016f0, load size=00000008 bytes, run addr=2000c09c, run size=0000001c bytes, compression=zero_init
	.vtable: load addr=002016f8, load size=00000008 bytes, run addr=20000800, run size=00000140 bytes, compression=zero_init


LINKER GENERATED HANDLER TABLE

__TI_handler_table @ 002016e4 records: 3, size/record: 4, table size: 12
	index: 0, handler: __TI_decompress_lzss
	index: 1, handler: __TI_decompress_none
	index: 2, handler: __TI_zero_init


FAR CALL TRAMPOLINES

callee name               trampoline name
   callee addr  tramp addr   call addr  call info
--------------  -----------  ---------  ----------------
Flash_initModule          $Tramp$TT$L$PI$$Flash_initModule
   1fffe001     002011e8     002011be   cm.obj (.text:CM_init)
Flash_unlockCtrlRegisters  $Tramp$TT$L$PI$$Flash_unlockCtrlRegisters
   0020156d     1fffe070     1fffe010   driverlib_cm.lib : flash.obj (.TI.ramfunc:Flash_initModule)
Flash_unlockECCRegisters  $Tramp$TT$L$PI$$Flash_unlockECCRegisters
   002015a9     1fffe078     1fffe016   driverlib_cm.lib : flash.obj (.TI.ramfunc:Flash_initModule)

[3 trampolines]
[3 trampoline calls]


GLOBAL SYMBOLS: SORTED ALPHABETICALLY BY Name 

address   name                           
-------   ----                           
0020160b  C$$EXIT                        
00200ca9  CM_enableAllPeripherals        
002011a9  CM_init                        
00200d21  ECAT_MotorCommand_ApplyRxPDO   
00200aa5  ECAT_MotorCommand_Request      
0020122d  ESCSS_configureEEPROMSize      
00200fb9  ESCSS_configureSync0Connections
00201015  ESCSS_configureSync1Connections
002014f5  ESC_applicationLayerHandler    
0020150d  ESC_applicationSync0Handler    
00201525  ESC_applicationSync1Handler    
00200541  ESC_initHW                     
00201267  ESC_loadedCheckEEPROM          
002014a1  ESC_readWord                   
0020153d  ESC_readWordISR                
002015f7  ESC_resetESC                   
00201555  ESC_writeDWord                 
002014bd  ESC_writeDWordISR              
1fffe001  Flash_initModule               
20080000  IPC_CM_To_CPU1_GetBuffer       
20082000  IPC_CM_To_CPU1_PutBuffer       
20084000  IPC_CM_To_CPU2_GetBuffer       
20086000  IPC_CM_To_CPU2_PutBuffer       
00201610  IPC_Instance                   
002007b1  IPC_initMessageQueue           
002006ed  IPC_readMessageFromQueue       
002011f1  IPC_registerInterrupt          
00200621  IPC_sendMessageToQueue         
00200ba9  Interrupt_enable               
00201071  Interrupt_registerHandler      
00200168  RamfuncsLoadEnd                
00000158  RamfuncsLoadSize               
00200010  RamfuncsLoadStart              
1fffe158  RamfuncsRunEnd                 
00000158  RamfuncsRunSize                
1fffe000  RamfuncsRunStart               
0020111d  SysCtl_enablePeripheral        
00200e09  SysCtl_resetPeripheral         
1fffc200  __STACK_END                    
00000200  __STACK_SIZE                   
00201700  __TI_CINIT_Base                
00201720  __TI_CINIT_Limit               
002016e4  __TI_Handler_Table_Base        
002016f0  __TI_Handler_Table_Limit       
00201165  __TI_auto_init_nobinit_nopinit 
00200f51  __TI_decompress_lzss           
002015e9  __TI_decompress_none           
ffffffff  __TI_pprof_out_hndl            
ffffffff  __TI_prof_data_size            
ffffffff  __TI_prof_data_start           
002016a0  __TI_static_base__             
002014d9  __TI_zero_init_nomemset        
002008f9  __aeabi_memcpy                 
002008f9  __aeabi_memcpy4                
002008f9  __aeabi_memcpy8                
ffffffff  __binit__                      
ffffffff  __c_args__                     
002015db  __error__                      
UNDEFED   __mpu_init                     
1fffc000  __stack                        
2000c000  __start___llvm_prf_cnts        
2000c000  __stop___llvm_prf_cnts         
0020145d  _c_int00_noargs                
UNDEFED   _system_post_cinit             
002003fd  _system_pre_init               
0020160b  abort                          
ffffffff  binit                          
2000c018  g_cm_ipc_cmd_ack_count         
2000c014  g_cm_ipc_cmd_drop_count        
2000c01c  g_cm_ipc_cmd_invalid_count     
2000c010  g_cm_ipc_cmd_tx_count          
2000c008  g_cm_ipc_error_count           
2000c004  g_cm_ipc_rx_count              
2000c00c  g_cm_ipc_status_rx_count       
2000c030  g_cm_last_command              
2000c034  g_cm_last_command_result       
2000c024  g_cm_last_current_speed        
2000c020  g_cm_last_encoder_count        
2000c028  g_cm_motor_status_flags        
2000c02c  g_cm_target_speed              
2000c044  g_ecat_al_state                
2000c040  g_ecat_command_apply_count     
2000c000  g_ecat_hw_init_status          
2000c084  g_ecat_motor_command_rxpdo     
2000c06c  g_ecat_motor_status_txpdo      
2000c094  g_ecat_motor_telemetry_txpdo   
2000c038  g_ecat_pdo_update_count        
2000c03c  g_ecat_status_update_count     
002010cd  main                           
002008f9  memcpy                         
00200400  vectorTableFlash               
20000800  vectorTableRAM                 


GLOBAL SYMBOLS: SORTED BY Symbol Address 

address   name                           
-------   ----                           
00000158  RamfuncsLoadSize               
00000158  RamfuncsRunSize                
00000200  __STACK_SIZE                   
00200010  RamfuncsLoadStart              
00200168  RamfuncsLoadEnd                
002003fd  _system_pre_init               
00200400  vectorTableFlash               
00200541  ESC_initHW                     
00200621  IPC_sendMessageToQueue         
002006ed  IPC_readMessageFromQueue       
002007b1  IPC_initMessageQueue           
002008f9  __aeabi_memcpy                 
002008f9  __aeabi_memcpy4                
002008f9  __aeabi_memcpy8                
002008f9  memcpy                         
00200aa5  ECAT_MotorCommand_Request      
00200ba9  Interrupt_enable               
00200ca9  CM_enableAllPeripherals        
00200d21  ECAT_MotorCommand_ApplyRxPDO   
00200e09  SysCtl_resetPeripheral         
00200f51  __TI_decompress_lzss           
00200fb9  ESCSS_configureSync0Connections
00201015  ESCSS_configureSync1Connections
00201071  Interrupt_registerHandler      
002010cd  main                           
0020111d  SysCtl_enablePeripheral        
00201165  __TI_auto_init_nobinit_nopinit 
002011a9  CM_init                        
002011f1  IPC_registerInterrupt          
0020122d  ESCSS_configureEEPROMSize      
00201267  ESC_loadedCheckEEPROM          
0020145d  _c_int00_noargs                
002014a1  ESC_readWord                   
002014bd  ESC_writeDWordISR              
002014d9  __TI_zero_init_nomemset        
002014f5  ESC_applicationLayerHandler    
0020150d  ESC_applicationSync0Handler    
00201525  ESC_applicationSync1Handler    
0020153d  ESC_readWordISR                
00201555  ESC_writeDWord                 
002015db  __error__                      
002015e9  __TI_decompress_none           
002015f7  ESC_resetESC                   
0020160b  C$$EXIT                        
0020160b  abort                          
00201610  IPC_Instance                   
002016a0  __TI_static_base__             
002016e4  __TI_Handler_Table_Base        
002016f0  __TI_Handler_Table_Limit       
00201700  __TI_CINIT_Base                
00201720  __TI_CINIT_Limit               
1fffc000  __stack                        
1fffc200  __STACK_END                    
1fffe000  RamfuncsRunStart               
1fffe001  Flash_initModule               
1fffe158  RamfuncsRunEnd                 
20000800  vectorTableRAM                 
2000c000  __start___llvm_prf_cnts        
2000c000  __stop___llvm_prf_cnts         
2000c000  g_ecat_hw_init_status          
2000c004  g_cm_ipc_rx_count              
2000c008  g_cm_ipc_error_count           
2000c00c  g_cm_ipc_status_rx_count       
2000c010  g_cm_ipc_cmd_tx_count          
2000c014  g_cm_ipc_cmd_drop_count        
2000c018  g_cm_ipc_cmd_ack_count         
2000c01c  g_cm_ipc_cmd_invalid_count     
2000c020  g_cm_last_encoder_count        
2000c024  g_cm_last_current_speed        
2000c028  g_cm_motor_status_flags        
2000c02c  g_cm_target_speed              
2000c030  g_cm_last_command              
2000c034  g_cm_last_command_result       
2000c038  g_ecat_pdo_update_count        
2000c03c  g_ecat_status_update_count     
2000c040  g_ecat_command_apply_count     
2000c044  g_ecat_al_state                
2000c06c  g_ecat_motor_status_txpdo      
2000c084  g_ecat_motor_command_rxpdo     
2000c094  g_ecat_motor_telemetry_txpdo   
20080000  IPC_CM_To_CPU1_GetBuffer       
20082000  IPC_CM_To_CPU1_PutBuffer       
20084000  IPC_CM_To_CPU2_GetBuffer       
20086000  IPC_CM_To_CPU2_PutBuffer       
ffffffff  __TI_pprof_out_hndl            
ffffffff  __TI_prof_data_size            
ffffffff  __TI_prof_data_start           
ffffffff  __binit__                      
ffffffff  __c_args__                     
ffffffff  binit                          
UNDEFED   __mpu_init                     
UNDEFED   _system_post_cinit             

[92 symbols]
