<?xml version="1.0" encoding="ISO-8859-1" ?>
<link_info>
   <banner>TI ARM Linker PC v20.2.7.LTS</banner>
   <copyright>Copyright (c) 1996-2018 Texas Instruments Incorporated</copyright>
   <link_time>0x6a97f16c</link_time>
   <link_errors>0x0</link_errors>
   <output_file>Driverlib Empty CM Example CCS Project.out</output_file>
   <entry_point>
      <name>_c_int00_noargs</name>
      <address>0x208199</address>
   </entry_point>
   <input_file_list>
      <input_file id="fl-2">
         <path>.\</path>
         <kind>object</kind>
         <file>empty_driverlib_main_cm.obj</file>
         <name>empty_driverlib_main_cm.obj</name>
      </input_file>
      <input_file id="fl-3">
         <path>.\</path>
         <kind>object</kind>
         <file>startup_cm.obj</file>
         <name>startup_cm.obj</name>
      </input_file>
      <input_file id="fl-4">
         <path>.\device\</path>
         <kind>object</kind>
         <file>cm.obj</file>
         <name>cm.obj</name>
      </input_file>
      <input_file id="fl-8">
         <path>APP\ecat\</path>
         <kind>object</kind>
         <file>ethercat_slave_cm_hal.obj</file>
         <name>ethercat_slave_cm_hal.obj</name>
      </input_file>
      <input_file id="fl-9">
         <path>ssc_stack\</path>
         <kind>object</kind>
         <file>coeappl.obj</file>
         <name>coeappl.obj</name>
      </input_file>
      <input_file id="fl-a">
         <path>ssc_stack\</path>
         <kind>object</kind>
         <file>ecatappl.obj</file>
         <name>ecatappl.obj</name>
      </input_file>
      <input_file id="fl-b">
         <path>ssc_stack\</path>
         <kind>object</kind>
         <file>ecatcoe.obj</file>
         <name>ecatcoe.obj</name>
      </input_file>
      <input_file id="fl-c">
         <path>ssc_stack\</path>
         <kind>object</kind>
         <file>ecatslv.obj</file>
         <name>ecatslv.obj</name>
      </input_file>
      <input_file id="fl-d">
         <path>ssc_stack\</path>
         <kind>object</kind>
         <file>ecat_motor_appl.obj</file>
         <name>ecat_motor_appl.obj</name>
      </input_file>
      <input_file id="fl-e">
         <path>ssc_stack\</path>
         <kind>object</kind>
         <file>f2838x_cm_hw.obj</file>
         <name>f2838x_cm_hw.obj</name>
      </input_file>
      <input_file id="fl-f">
         <path>ssc_stack\</path>
         <kind>object</kind>
         <file>f2838x_cm_system.obj</file>
         <name>f2838x_cm_system.obj</name>
      </input_file>
      <input_file id="fl-10">
         <path>ssc_stack\</path>
         <kind>object</kind>
         <file>mailbox.obj</file>
         <name>mailbox.obj</name>
      </input_file>
      <input_file id="fl-11">
         <path>ssc_stack\</path>
         <kind>object</kind>
         <file>objdef.obj</file>
         <name>objdef.obj</name>
      </input_file>
      <input_file id="fl-12">
         <path>ssc_stack\</path>
         <kind>object</kind>
         <file>sdoserv.obj</file>
         <name>sdoserv.obj</name>
      </input_file>
      <input_file id="fl-14">
         <kind>object</kind>
         <file>&lt;internal&gt;</file>
         <name>&lt;internal&gt;</name>
      </input_file>
      <input_file id="fl-15">
         <path>C:\ti\c2000\C2000Ware_26_00_00_00\driverlib\f2838x\driverlib_cm\ccs\Debug\</path>
         <kind>archive</kind>
         <file>driverlib_cm.lib</file>
         <name>flash.obj</name>
      </input_file>
      <input_file id="fl-16">
         <path>C:\ti\c2000\C2000Ware_26_00_00_00\driverlib\f2838x\driverlib_cm\ccs\Debug\</path>
         <kind>archive</kind>
         <file>driverlib_cm.lib</file>
         <name>ipc.obj</name>
      </input_file>
      <input_file id="fl-17">
         <path>C:\ti\c2000\C2000Ware_26_00_00_00\driverlib\f2838x\driverlib_cm\ccs\Debug\</path>
         <kind>archive</kind>
         <file>driverlib_cm.lib</file>
         <name>sysctl.obj</name>
      </input_file>
      <input_file id="fl-18">
         <path>C:\ti\c2000\C2000Ware_26_00_00_00\driverlib\f2838x\driverlib_cm\ccs\Debug\</path>
         <kind>archive</kind>
         <file>driverlib_cm.lib</file>
         <name>interrupt.obj</name>
      </input_file>
      <input_file id="fl-ce">
         <path>C:\ti\ti-cgt-arm_20.2.7.LTS\lib\</path>
         <kind>archive</kind>
         <file>rtsv7M4_T_le_eabi.lib</file>
         <name>memcpy_t2.asm.obj</name>
      </input_file>
      <input_file id="fl-cf">
         <path>C:\ti\ti-cgt-arm_20.2.7.LTS\lib\</path>
         <kind>archive</kind>
         <file>rtsv7M4_T_le_eabi.lib</file>
         <name>copy_zero_init.c.obj</name>
      </input_file>
      <input_file id="fl-d0">
         <path>C:\ti\ti-cgt-arm_20.2.7.LTS\lib\</path>
         <kind>archive</kind>
         <file>rtsv7M4_T_le_eabi.lib</file>
         <name>copy_decompress_none.c.obj</name>
      </input_file>
      <input_file id="fl-d1">
         <path>C:\ti\ti-cgt-arm_20.2.7.LTS\lib\</path>
         <kind>archive</kind>
         <file>rtsv7M4_T_le_eabi.lib</file>
         <name>copy_decompress_lzss.c.obj</name>
      </input_file>
      <input_file id="fl-d2">
         <path>C:\ti\ti-cgt-arm_20.2.7.LTS\lib\</path>
         <kind>archive</kind>
         <file>rtsv7M4_T_le_eabi.lib</file>
         <name>boot_cortex_m.c.obj</name>
      </input_file>
      <input_file id="fl-d3">
         <path>C:\ti\ti-cgt-arm_20.2.7.LTS\lib\</path>
         <kind>archive</kind>
         <file>rtsv7M4_T_le_eabi.lib</file>
         <name>memset_t2.asm.obj</name>
      </input_file>
      <input_file id="fl-d4">
         <path>C:\ti\ti-cgt-arm_20.2.7.LTS\lib\</path>
         <kind>archive</kind>
         <file>rtsv7M4_T_le_eabi.lib</file>
         <name>autoinit.c.obj</name>
      </input_file>
      <input_file id="fl-d5">
         <path>C:\ti\ti-cgt-arm_20.2.7.LTS\lib\</path>
         <kind>archive</kind>
         <file>rtsv7M4_T_le_eabi.lib</file>
         <name>pre_init.c.obj</name>
      </input_file>
      <input_file id="fl-d6">
         <path>C:\ti\ti-cgt-arm_20.2.7.LTS\lib\</path>
         <kind>archive</kind>
         <file>rtsv7M4_T_le_eabi.lib</file>
         <name>cpy_tbl.c.obj</name>
      </input_file>
      <input_file id="fl-d7">
         <path>C:\ti\ti-cgt-arm_20.2.7.LTS\lib\</path>
         <kind>archive</kind>
         <file>rtsv7M4_T_le_eabi.lib</file>
         <name>exit.c.obj</name>
      </input_file>
      <input_file id="fl-d8">
         <path>C:\ti\ti-cgt-arm_20.2.7.LTS\lib\</path>
         <kind>archive</kind>
         <file>rtsv7M4_T_le_eabi.lib</file>
         <name>_lock.c.obj</name>
      </input_file>
      <input_file id="fl-d9">
         <path>C:\ti\ti-cgt-arm_20.2.7.LTS\lib\</path>
         <kind>archive</kind>
         <file>rtsv7M4_T_le_eabi.lib</file>
         <name>args_main.c.obj</name>
      </input_file>
      <input_file id="fl-da">
         <path>C:\ti\c2000\C2000Ware_26_00_00_00\driverlib\f2838x\driverlib_cm\ccs\Debug\</path>
         <kind>archive</kind>
         <file>driverlib_cm.lib</file>
         <name>escss.obj</name>
      </input_file>
      <input_file id="fl-db">
         <path>C:\ti\ti-cgt-arm_20.2.7.LTS\lib\</path>
         <kind>archive</kind>
         <file>rtsv7M4_T_le_eabi.lib</file>
         <name>memory.c.obj</name>
      </input_file>
      <input_file id="fl-dc">
         <path>C:\ti\ti-cgt-arm_20.2.7.LTS\lib\</path>
         <kind>archive</kind>
         <file>rtsv7M4_T_le_eabi.lib</file>
         <name>strlen.c.obj</name>
      </input_file>
      <input_file id="fl-dd">
         <path>C:\ti\ti-cgt-arm_20.2.7.LTS\lib\</path>
         <kind>archive</kind>
         <file>rtsv7M4_T_le_eabi.lib</file>
         <name>strncpy.c.obj</name>
      </input_file>
   </input_file_list>
   <object_component_list>
      <object_component id="oc-33">
         <name>.resetisr:resetISR</name>
         <load_address>0x200000</load_address>
         <run_address>0x200000</run_address>
         <size>0x6</size>
         <input_file_ref idref="fl-3"/>
      </object_component>
      <object_component id="oc-30">
         <name>.vftable:retain</name>
         <load_address>0x200c00</load_address>
         <run_address>0x200c00</run_address>
         <size>0x140</size>
         <input_file_ref idref="fl-3"/>
      </object_component>
      <object_component id="oc-1d0">
         <name>.vtable</name>
         <uninitialized>true</uninitialized>
         <run_address>0x20000800</run_address>
         <size>0x140</size>
         <input_file_ref idref="fl-18"/>
      </object_component>
      <object_component id="oc-905">
         <name>.text:SdoDownloadSegmentInd</name>
         <load_address>0x200984</load_address>
         <run_address>0x200984</run_address>
         <size>0x270</size>
         <input_file_ref idref="fl-12"/>
      </object_component>
      <object_component id="oc-672">
         <name>.text:APPL_AckErrorInd</name>
         <load_address>0x200bf4</load_address>
         <run_address>0x200bf4</run_address>
         <size>0xc</size>
         <input_file_ref idref="fl-d"/>
      </object_component>
      <object_component id="oc-63c">
         <name>.text:StartInputHandler</name>
         <load_address>0x200d40</load_address>
         <run_address>0x200d40</run_address>
         <size>0x784</size>
         <input_file_ref idref="fl-c"/>
      </object_component>
      <object_component id="oc-8ff">
         <name>.text:OBJ_Write</name>
         <load_address>0x2014c4</load_address>
         <run_address>0x2014c4</run_address>
         <size>0x748</size>
         <input_file_ref idref="fl-11"/>
      </object_component>
      <object_component id="oc-8f9">
         <name>.text:OBJ_Read</name>
         <load_address>0x201c0c</load_address>
         <run_address>0x201c0c</run_address>
         <size>0x5b4</size>
         <input_file_ref idref="fl-11"/>
      </object_component>
      <object_component id="oc-8a8">
         <name>.text:SDOS_SdoInd</name>
         <load_address>0x2021c0</load_address>
         <run_address>0x2021c0</run_address>
         <size>0x588</size>
         <input_file_ref idref="fl-12"/>
      </object_component>
      <object_component id="oc-50b">
         <name>.text:AL_ControlInd</name>
         <load_address>0x202748</load_address>
         <run_address>0x202748</run_address>
         <size>0x548</size>
         <input_file_ref idref="fl-c"/>
      </object_component>
      <object_component id="oc-802">
         <name>.text:SDOS_SdoInfoInd</name>
         <load_address>0x202c90</load_address>
         <run_address>0x202c90</run_address>
         <size>0x40c</size>
         <input_file_ref idref="fl-12"/>
      </object_component>
      <object_component id="oc-612">
         <name>.text:CheckSmSettings</name>
         <load_address>0x20309c</load_address>
         <run_address>0x20309c</run_address>
         <size>0x3c0</size>
         <input_file_ref idref="fl-c"/>
      </object_component>
      <object_component id="oc-511">
         <name>.text:AL_ControlRes</name>
         <load_address>0x20345c</load_address>
         <run_address>0x20345c</run_address>
         <size>0x2b8</size>
         <input_file_ref idref="fl-c"/>
      </object_component>
      <object_component id="oc-4ea">
         <name>.text:ECAT_SetLedIndication</name>
         <load_address>0x203714</load_address>
         <run_address>0x203714</run_address>
         <size>0x28c</size>
         <input_file_ref idref="fl-a"/>
      </object_component>
      <object_component id="oc-2ae">
         <name>.text:APPL_OutputMapping</name>
         <load_address>0x2039a0</load_address>
         <run_address>0x2039a0</run_address>
         <size>0x1e4</size>
         <input_file_ref idref="fl-d"/>
      </object_component>
      <object_component id="oc-7d6">
         <name>.text:OBJ_GetEntryOffset</name>
         <load_address>0x203b84</load_address>
         <run_address>0x203b84</run_address>
         <size>0x1ae</size>
         <input_file_ref idref="fl-11"/>
      </object_component>
      <object_component id="oc-558">
         <name>.text:_nop</name>
         <load_address>0x203d32</load_address>
         <run_address>0x203d32</run_address>
         <size>0x2</size>
         <input_file_ref idref="fl-d8"/>
      </object_component>
      <object_component id="oc-618">
         <name>.text:APPL_GenerateMapping</name>
         <load_address>0x203d34</load_address>
         <run_address>0x203d34</run_address>
         <size>0x1a0</size>
         <input_file_ref idref="fl-d"/>
      </object_component>
      <object_component id="oc-377">
         <name>.text:COE_ObjInit</name>
         <load_address>0x203ed4</load_address>
         <run_address>0x203ed4</run_address>
         <size>0x19c</size>
         <input_file_ref idref="fl-9"/>
      </object_component>
      <object_component id="oc-8f3">
         <name>.text:OBJ_GetObjectLength</name>
         <load_address>0x204070</load_address>
         <run_address>0x204070</run_address>
         <size>0x17e</size>
         <input_file_ref idref="fl-11"/>
      </object_component>
      <object_component id="oc-9e">
         <name>.text:defaultISR</name>
         <load_address>0x2041ee</load_address>
         <run_address>0x2041ee</run_address>
         <size>0x2</size>
         <input_file_ref idref="fl-3"/>
      </object_component>
      <object_component id="oc-3ab">
         <name>.text:ECAT_Main</name>
         <load_address>0x2041f0</load_address>
         <run_address>0x2041f0</run_address>
         <size>0x17c</size>
         <input_file_ref idref="fl-c"/>
      </object_component>
      <object_component id="oc-90b">
         <name>.text:SdoUploadSegmentInd</name>
         <load_address>0x20436c</load_address>
         <run_address>0x20436c</run_address>
         <size>0x148</size>
         <input_file_ref idref="fl-12"/>
      </object_component>
      <object_component id="oc-371">
         <name>.text:ECAT_Init</name>
         <load_address>0x2044b4</load_address>
         <run_address>0x2044b4</run_address>
         <size>0x144</size>
         <input_file_ref idref="fl-c"/>
      </object_component>
      <object_component id="oc-a8">
         <name>.text:PDI_Isr</name>
         <load_address>0x2045f8</load_address>
         <run_address>0x2045f8</run_address>
         <size>0x140</size>
         <input_file_ref idref="fl-a"/>
      </object_component>
      <object_component id="oc-6b2">
         <name>.text:SdoRes</name>
         <load_address>0x204738</load_address>
         <run_address>0x204738</run_address>
         <size>0x140</size>
         <input_file_ref idref="fl-12"/>
      </object_component>
      <object_component id="oc-115">
         <name>.text:Sync0_Isr</name>
         <load_address>0x204878</load_address>
         <run_address>0x204878</run_address>
         <size>0x13c</size>
         <input_file_ref idref="fl-a"/>
      </object_component>
      <object_component id="oc-654">
         <name>.text:StopInputHandler</name>
         <load_address>0x2049b4</load_address>
         <run_address>0x2049b4</run_address>
         <size>0x138</size>
         <input_file_ref idref="fl-c"/>
      </object_component>
      <object_component id="oc-636">
         <name>.text:MBX_StopMailboxHandler</name>
         <load_address>0x204aec</load_address>
         <run_address>0x204aec</run_address>
         <size>0x134</size>
         <input_file_ref idref="fl-10"/>
      </object_component>
      <object_component id="oc-8cf">
         <name>.text:OBJ_GetDesc</name>
         <load_address>0x204c20</load_address>
         <run_address>0x204c20</run_address>
         <size>0x128</size>
         <input_file_ref idref="fl-11"/>
      </object_component>
      <object_component id="oc-938">
         <name>.text:CheckSyncTypeValue</name>
         <load_address>0x204d48</load_address>
         <run_address>0x204d48</run_address>
         <size>0x124</size>
         <input_file_ref idref="fl-11"/>
      </object_component>
      <object_component id="oc-529">
         <name>.text:MBX_CheckAndCopyMailbox</name>
         <load_address>0x204e6c</load_address>
         <run_address>0x204e6c</run_address>
         <size>0x124</size>
         <input_file_ref idref="fl-10"/>
      </object_component>
      <object_component id="oc-53b">
         <name>.text:SDOS_SdoRes</name>
         <load_address>0x204f90</load_address>
         <run_address>0x204f90</run_address>
         <size>0x124</size>
         <input_file_ref idref="fl-12"/>
      </object_component>
      <object_component id="oc-3cd">
         <name>.text:ECAT_Status_UpdateTxPDOShadow</name>
         <load_address>0x2050b4</load_address>
         <run_address>0x2050b4</run_address>
         <size>0x108</size>
         <input_file_ref idref="fl-2"/>
      </object_component>
      <object_component id="oc-496">
         <name>.text:MBX_Init</name>
         <load_address>0x2051bc</load_address>
         <run_address>0x2051bc</run_address>
         <size>0x108</size>
         <input_file_ref idref="fl-10"/>
      </object_component>
      <object_component id="oc-8c3">
         <name>.text:OBJ_GetObjectList</name>
         <load_address>0x2052c4</load_address>
         <run_address>0x2052c4</run_address>
         <size>0x108</size>
         <input_file_ref idref="fl-11"/>
      </object_component>
      <object_component id="oc-4ec">
         <name>.text:DC_CheckWatchdog</name>
         <load_address>0x2053cc</load_address>
         <run_address>0x2053cc</run_address>
         <size>0x100</size>
         <input_file_ref idref="fl-c"/>
      </object_component>
      <object_component id="oc-80a">
         <name>.text:aligned_alloc</name>
         <load_address>0x2054cc</load_address>
         <run_address>0x2054cc</run_address>
         <size>0x100</size>
         <input_file_ref idref="fl-db"/>
      </object_component>
      <object_component id="oc-2ba">
         <name>.text:APPL_Application</name>
         <load_address>0x2055cc</load_address>
         <run_address>0x2055cc</run_address>
         <size>0xfc</size>
         <input_file_ref idref="fl-d"/>
      </object_component>
      <object_component id="oc-362">
         <name>.text:IPC_CM_1_ISR</name>
         <load_address>0x2056c8</load_address>
         <run_address>0x2056c8</run_address>
         <size>0xf4</size>
         <input_file_ref idref="fl-2"/>
      </object_component>
      <object_component id="oc-2c1">
         <name>.text:APPL_InputMapping</name>
         <load_address>0x2057bc</load_address>
         <run_address>0x2057bc</run_address>
         <size>0xf0</size>
         <input_file_ref idref="fl-d"/>
      </object_component>
      <object_component id="oc-535">
         <name>.text:free</name>
         <load_address>0x2058ac</load_address>
         <run_address>0x2058ac</run_address>
         <size>0xe4</size>
         <input_file_ref idref="fl-db"/>
      </object_component>
      <object_component id="oc-3d">
         <name>.text:ESC_initHW</name>
         <load_address>0x205990</load_address>
         <run_address>0x205990</run_address>
         <size>0xe0</size>
         <input_file_ref idref="fl-8"/>
      </object_component>
      <object_component id="oc-249">
         <name>.text:MainLoop</name>
         <load_address>0x205a70</load_address>
         <run_address>0x205a70</run_address>
         <size>0xe0</size>
         <input_file_ref idref="fl-a"/>
      </object_component>
      <object_component id="oc-6f2">
         <name>.text:COE_AddObjectToDic</name>
         <load_address>0x205b50</load_address>
         <run_address>0x205b50</run_address>
         <size>0xdc</size>
         <input_file_ref idref="fl-9"/>
      </object_component>
      <object_component id="oc-624">
         <name>.text:MBX_StartMailboxHandler</name>
         <load_address>0x205c2c</load_address>
         <run_address>0x205c2c</run_address>
         <size>0xdc</size>
         <input_file_ref idref="fl-10"/>
      </object_component>
      <object_component id="oc-3b1">
         <name>.text:COE_Main</name>
         <load_address>0x205d08</load_address>
         <run_address>0x205d08</run_address>
         <size>0xd0</size>
         <input_file_ref idref="fl-9"/>
      </object_component>
      <object_component id="oc-6c9">
         <name>.text:IPC_sendMessageToQueue</name>
         <load_address>0x205dd8</load_address>
         <run_address>0x205dd8</run_address>
         <size>0xcc</size>
         <input_file_ref idref="fl-16"/>
      </object_component>
      <object_component id="oc-243">
         <name>.text:MainInit</name>
         <load_address>0x205ea4</load_address>
         <run_address>0x205ea4</run_address>
         <size>0xcc</size>
         <input_file_ref idref="fl-a"/>
      </object_component>
      <object_component id="oc-464">
         <name>.text:IPC_readMessageFromQueue</name>
         <load_address>0x205f70</load_address>
         <run_address>0x205f70</run_address>
         <size>0xc4</size>
         <input_file_ref idref="fl-16"/>
      </object_component>
      <object_component id="oc-7f0">
         <name>.text:PDO_ResetOutputs</name>
         <load_address>0x206034</load_address>
         <run_address>0x206034</run_address>
         <size>0xc4</size>
         <input_file_ref idref="fl-d"/>
      </object_component>
      <object_component id="oc-49c">
         <name>.text:SetALStatus</name>
         <load_address>0x2060f8</load_address>
         <run_address>0x2060f8</run_address>
         <size>0xc4</size>
         <input_file_ref idref="fl-c"/>
      </object_component>
      <object_component id="oc-7e1">
         <name>.text:SODS_ClearPendingResponse</name>
         <load_address>0x2061bc</load_address>
         <run_address>0x2061bc</run_address>
         <size>0xc0</size>
         <input_file_ref idref="fl-12"/>
      </object_component>
      <object_component id="oc-687">
         <name>.text:MBX_CopyToSendMailbox</name>
         <load_address>0x20627c</load_address>
         <run_address>0x20627c</run_address>
         <size>0xb8</size>
         <input_file_ref idref="fl-10"/>
      </object_component>
      <object_component id="oc-69b">
         <name>.text:MBX_MailboxWriteInd</name>
         <load_address>0x206334</load_address>
         <run_address>0x206334</run_address>
         <size>0xb8</size>
         <input_file_ref idref="fl-10"/>
      </object_component>
      <object_component id="oc-60b">
         <name>.text:MBX_MailboxSendReq</name>
         <load_address>0x2063ec</load_address>
         <run_address>0x2063ec</run_address>
         <size>0xb4</size>
         <input_file_ref idref="fl-10"/>
      </object_component>
      <object_component id="oc-8bd">
         <name>.text:OBJ_GetNoOfObjects</name>
         <load_address>0x2064a0</load_address>
         <run_address>0x2064a0</run_address>
         <size>0xae</size>
         <input_file_ref idref="fl-11"/>
      </object_component>
      <object_component id="oc-98">
         <name>.text:faultISR</name>
         <load_address>0x20654e</load_address>
         <run_address>0x20654e</run_address>
         <size>0x2</size>
         <input_file_ref idref="fl-3"/>
      </object_component>
      <object_component id="oc-353">
         <name>.text:IPC_initMessageQueue</name>
         <load_address>0x206550</load_address>
         <run_address>0x206550</run_address>
         <size>0xac</size>
         <input_file_ref idref="fl-16"/>
      </object_component>
      <object_component id="oc-51d">
         <name>.text:MBX_MailboxReadInd</name>
         <load_address>0x2065fc</load_address>
         <run_address>0x2065fc</run_address>
         <size>0xac</size>
         <input_file_ref idref="fl-10"/>
      </object_component>
      <object_component id="oc-eb">
         <name>.text:ESCSS_getMemoryInitDoneStatusBlocking</name>
         <load_address>0x2066a8</load_address>
         <run_address>0x2066a8</run_address>
         <size>0x9c</size>
         <input_file_ref idref="fl-8"/>
      </object_component>
      <object_component id="oc-62">
         <name>.text</name>
         <load_address>0x206744</load_address>
         <run_address>0x206744</run_address>
         <size>0x9c</size>
         <input_file_ref idref="fl-ce"/>
      </object_component>
      <object_component id="oc-17b">
         <name>.text:PDO_OutputMapping</name>
         <load_address>0x2067e0</load_address>
         <run_address>0x2067e0</run_address>
         <size>0x98</size>
         <input_file_ref idref="fl-a"/>
      </object_component>
      <object_component id="oc-3b7">
         <name>.text:CheckIfEcatError</name>
         <load_address>0x206878</load_address>
         <run_address>0x206878</run_address>
         <size>0x94</size>
         <input_file_ref idref="fl-c"/>
      </object_component>
      <object_component id="oc-399">
         <name>.text:ECAT_CheckTimer</name>
         <load_address>0x20690c</load_address>
         <run_address>0x20690c</run_address>
         <size>0x94</size>
         <input_file_ref idref="fl-a"/>
      </object_component>
      <object_component id="oc-7b2">
         <name>.text:GPIO_writePin</name>
         <load_address>0x2069a0</load_address>
         <run_address>0x2069a0</run_address>
         <size>0x94</size>
         <input_file_ref idref="fl-8"/>
      </object_component>
      <object_component id="oc-d3">
         <name>.text:CPUTimer_startTimer</name>
         <load_address>0x206a34</load_address>
         <run_address>0x206a34</run_address>
         <size>0x8f</size>
         <input_file_ref idref="fl-8"/>
      </object_component>
      <object_component id="oc-fd">
         <name>.text:ESCSS_setMaskedInterruptStatus</name>
         <load_address>0x206ac4</load_address>
         <run_address>0x206ac4</run_address>
         <size>0x88</size>
         <input_file_ref idref="fl-8"/>
      </object_component>
      <object_component id="oc-18d">
         <name>.text:PDO_InputMapping</name>
         <load_address>0x206b4c</load_address>
         <run_address>0x206b4c</run_address>
         <size>0x88</size>
         <input_file_ref idref="fl-a"/>
      </object_component>
      <object_component id="oc-cd">
         <name>.text:CPUTimer_setPreScaler</name>
         <load_address>0x206bd4</load_address>
         <run_address>0x206bd4</run_address>
         <size>0x87</size>
         <input_file_ref idref="fl-8"/>
      </object_component>
      <object_component id="oc-3a5">
         <name>.text:COE_SyncTimeStamp</name>
         <load_address>0x206c5c</load_address>
         <run_address>0x206c5c</run_address>
         <size>0x84</size>
         <input_file_ref idref="fl-9"/>
      </object_component>
      <object_component id="oc-54b">
         <name>.text:ECAT_MotorCommand_Request</name>
         <load_address>0x206ce0</load_address>
         <run_address>0x206ce0</run_address>
         <size>0x84</size>
         <input_file_ref idref="fl-2"/>
      </object_component>
      <object_component id="oc-ae">
         <name>.text:ESCSS_clearRawInterruptStatus</name>
         <load_address>0x206d64</load_address>
         <run_address>0x206d64</run_address>
         <size>0x80</size>
         <input_file_ref idref="fl-8"/>
      </object_component>
      <object_component id="oc-c1">
         <name>.text:Interrupt_enable</name>
         <load_address>0x206de4</load_address>
         <run_address>0x206de4</run_address>
         <size>0x80</size>
         <input_file_ref idref="fl-18"/>
      </object_component>
      <object_component id="oc-92">
         <name>.text:nmiISR</name>
         <load_address>0x206e64</load_address>
         <run_address>0x206e64</run_address>
         <size>0x80</size>
         <input_file_ref idref="fl-3"/>
      </object_component>
      <object_component id="oc-4f7">
         <name>.text:CPUTimer_reloadTimerCounter</name>
         <load_address>0x206ee4</load_address>
         <run_address>0x206ee4</run_address>
         <size>0x7f</size>
         <input_file_ref idref="fl-8"/>
      </object_component>
      <object_component id="oc-8d5">
         <name>.text:OBJ_GetEntryDesc</name>
         <load_address>0x206f64</load_address>
         <run_address>0x206f64</run_address>
         <size>0x7c</size>
         <input_file_ref idref="fl-11"/>
      </object_component>
      <object_component id="oc-13e">
         <name>.text</name>
         <load_address>0x206fe0</load_address>
         <run_address>0x206fe0</run_address>
         <size>0x7a</size>
         <input_file_ref idref="fl-d3"/>
      </object_component>
      <object_component id="oc-5e4">
         <name>.text:COE_RemoveDicEntry</name>
         <load_address>0x20705c</load_address>
         <run_address>0x20705c</run_address>
         <size>0x78</size>
         <input_file_ref idref="fl-9"/>
      </object_component>
      <object_component id="oc-1c3">
         <name>.text:CM_enableAllPeripherals</name>
         <load_address>0x2070d4</load_address>
         <run_address>0x2070d4</run_address>
         <size>0x76</size>
         <input_file_ref idref="fl-4"/>
      </object_component>
      <object_component id="oc-3c1">
         <name>.text:ECAT_MotorCommand_ApplyRxPDO</name>
         <load_address>0x20714c</load_address>
         <run_address>0x20714c</run_address>
         <size>0x74</size>
         <input_file_ref idref="fl-2"/>
      </object_component>
      <object_component id="oc-3c7">
         <name>.text:ECAT_Telemetry_UpdateTxPDOShadow</name>
         <load_address>0x2071c0</load_address>
         <run_address>0x2071c0</run_address>
         <size>0x74</size>
         <input_file_ref idref="fl-2"/>
      </object_component>
      <object_component id="oc-7ba">
         <name>.text:COE_ServiceInd</name>
         <load_address>0x207234</load_address>
         <run_address>0x207234</run_address>
         <size>0x72</size>
         <input_file_ref idref="fl-b"/>
      </object_component>
      <object_component id="oc-1e5">
         <name>.text:SysCtl_resetPeripheral</name>
         <load_address>0x2072a8</load_address>
         <run_address>0x2072a8</run_address>
         <size>0x70</size>
         <input_file_ref idref="fl-17"/>
      </object_component>
      <object_component id="oc-8e6">
         <name>.text:split</name>
         <load_address>0x207318</load_address>
         <run_address>0x207318</run_address>
         <size>0x70</size>
         <input_file_ref idref="fl-db"/>
      </object_component>
      <object_component id="oc-e5">
         <name>.text:ESCSS_initMemory</name>
         <load_address>0x207388</load_address>
         <run_address>0x207388</run_address>
         <size>0x6c</size>
         <input_file_ref idref="fl-8"/>
      </object_component>
      <object_component id="oc-2a2">
         <name>.text:HandleCycleTimeMeasurement</name>
         <load_address>0x2073f4</load_address>
         <run_address>0x2073f4</run_address>
         <size>0x6c</size>
         <input_file_ref idref="fl-a"/>
      </object_component>
      <object_component id="oc-523">
         <name>.text:MBX_MailboxRepeatReq</name>
         <load_address>0x207460</load_address>
         <run_address>0x207460</run_address>
         <size>0x6c</size>
         <input_file_ref idref="fl-10"/>
      </object_component>
      <object_component id="oc-505">
         <name>.text:MBX_Main</name>
         <load_address>0x2074cc</load_address>
         <run_address>0x2074cc</run_address>
         <size>0x6c</size>
         <input_file_ref idref="fl-10"/>
      </object_component>
      <object_component id="oc-65a">
         <name>.text:StartOutputHandler</name>
         <load_address>0x207538</load_address>
         <run_address>0x207538</run_address>
         <size>0x6c</size>
         <input_file_ref idref="fl-c"/>
      </object_component>
      <object_component id="oc-c7">
         <name>.text:CPUTimer_setPeriod</name>
         <load_address>0x2075a4</load_address>
         <run_address>0x2075a4</run_address>
         <size>0x6b</size>
         <input_file_ref idref="fl-8"/>
      </object_component>
      <object_component id="oc-1c">
         <name>.text:decompress:lzss:__TI_decompress_lzss</name>
         <load_address>0x207610</load_address>
         <run_address>0x207610</run_address>
         <size>0x68</size>
         <input_file_ref idref="fl-d1"/>
      </object_component>
      <object_component id="oc-4e2">
         <name>.text:CPUTimer_getTimerCount</name>
         <load_address>0x207678</load_address>
         <run_address>0x207678</run_address>
         <size>0x67</size>
         <input_file_ref idref="fl-8"/>
      </object_component>
      <object_component id="oc-193">
         <name>.text:COE_UpdateSyncErrorStatus</name>
         <load_address>0x2076e0</load_address>
         <run_address>0x2076e0</run_address>
         <size>0x64</size>
         <input_file_ref idref="fl-9"/>
      </object_component>
      <object_component id="oc-29c">
         <name>.text:GetSystemTimeDelay</name>
         <load_address>0x207744</load_address>
         <run_address>0x207744</run_address>
         <size>0x60</size>
         <input_file_ref idref="fl-a"/>
      </object_component>
      <object_component id="oc-103">
         <name>.text:ESCSS_configureSync0Connections</name>
         <load_address>0x2077a4</load_address>
         <run_address>0x2077a4</run_address>
         <size>0x5c</size>
         <input_file_ref idref="fl-da"/>
      </object_component>
      <object_component id="oc-109">
         <name>.text:ESCSS_configureSync1Connections</name>
         <load_address>0x207800</load_address>
         <run_address>0x207800</run_address>
         <size>0x5c</size>
         <input_file_ref idref="fl-da"/>
      </object_component>
      <object_component id="oc-bb">
         <name>.text:Interrupt_registerHandler</name>
         <load_address>0x20785c</load_address>
         <run_address>0x20785c</run_address>
         <size>0x5c</size>
         <input_file_ref idref="fl-18"/>
      </object_component>
      <object_component id="oc-920">
         <name>.text:OBJ_CopyNumberToString</name>
         <load_address>0x2078b8</load_address>
         <run_address>0x2078b8</run_address>
         <size>0x5c</size>
         <input_file_ref idref="fl-11"/>
      </object_component>
      <object_component id="oc-5ff">
         <name>.text:GetOutOfMbxQueue</name>
         <load_address>0x207914</load_address>
         <run_address>0x207914</run_address>
         <size>0x58</size>
         <input_file_ref idref="fl-10"/>
      </object_component>
      <object_component id="oc-735">
         <name>.text:Read0x10F8</name>
         <load_address>0x20796c</load_address>
         <run_address>0x20796c</run_address>
         <size>0x58</size>
         <input_file_ref idref="fl-9"/>
      </object_component>
      <object_component id="oc-7c1">
         <name>.text:PutInMbxQueue</name>
         <load_address>0x2079c4</load_address>
         <run_address>0x2079c4</run_address>
         <size>0x50</size>
         <input_file_ref idref="fl-10"/>
      </object_component>
      <object_component id="oc-68d">
         <name>.text:COE_ContinueInd</name>
         <load_address>0x207a14</load_address>
         <run_address>0x207a14</run_address>
         <size>0x4c</size>
         <input_file_ref idref="fl-b"/>
      </object_component>
      <object_component id="oc-14a">
         <name>.text:main</name>
         <load_address>0x207a60</load_address>
         <run_address>0x207a60</run_address>
         <size>0x4c</size>
         <input_file_ref idref="fl-2"/>
      </object_component>
      <object_component id="oc-335">
         <name>.text:SysCtl_enablePeripheral</name>
         <load_address>0x207aac</load_address>
         <run_address>0x207aac</run_address>
         <size>0x48</size>
         <input_file_ref idref="fl-17"/>
      </object_component>
      <object_component id="oc-48a">
         <name>.text:UpdateEEPROMLoadedState</name>
         <load_address>0x207af4</load_address>
         <run_address>0x207af4</run_address>
         <size>0x48</size>
         <input_file_ref idref="fl-c"/>
      </object_component>
      <object_component id="oc-268">
         <name>.text:__TI_auto_init_nobinit_nopinit:__TI_auto_init_nobinit_nopinit</name>
         <load_address>0x207b3c</load_address>
         <run_address>0x207b3c</run_address>
         <size>0x44</size>
         <input_file_ref idref="fl-d4"/>
      </object_component>
      <object_component id="oc-b5">
         <name>.text:CM_init</name>
         <load_address>0x207b80</load_address>
         <run_address>0x207b80</run_address>
         <size>0x40</size>
         <input_file_ref idref="fl-4"/>
      </object_component>
      <object_component id="oc-4bd">
         <name>.text:COE_ObjDictionaryInit</name>
         <load_address>0x207bc0</load_address>
         <run_address>0x207bc0</run_address>
         <size>0x40</size>
         <input_file_ref idref="fl-9"/>
      </object_component>
      <object_component id="oc-5d7">
         <name>.text:AddObjectsToObjDictionary</name>
         <load_address>0x207c00</load_address>
         <run_address>0x207c00</run_address>
         <size>0x3e</size>
         <input_file_ref idref="fl-9"/>
      </object_component>
      <object_component id="oc-4c3">
         <name>.text:COE_ClearObjDictionary</name>
         <load_address>0x207c40</load_address>
         <run_address>0x207c40</run_address>
         <size>0x3c</size>
         <input_file_ref idref="fl-9"/>
      </object_component>
      <object_component id="oc-490">
         <name>.text:DisableSyncManChannel</name>
         <load_address>0x207c7c</load_address>
         <run_address>0x207c7c</run_address>
         <size>0x3c</size>
         <input_file_ref idref="fl-c"/>
      </object_component>
      <object_component id="oc-678">
         <name>.text:EnableSyncManChannel</name>
         <load_address>0x207cb8</load_address>
         <run_address>0x207cb8</run_address>
         <size>0x3c</size>
         <input_file_ref idref="fl-c"/>
      </object_component>
      <object_component id="oc-359">
         <name>.text:IPC_registerInterrupt</name>
         <load_address>0x207cf4</load_address>
         <run_address>0x207cf4</run_address>
         <size>0x3c</size>
         <input_file_ref idref="fl-16"/>
      </object_component>
      <object_component id="oc-11c">
         <name>.text:Sync1_Isr</name>
         <load_address>0x207d30</load_address>
         <run_address>0x207d30</run_address>
         <size>0x3c</size>
         <input_file_ref idref="fl-a"/>
      </object_component>
      <object_component id="oc-d9">
         <name>.text:ESCSS_configureEEPROMSize</name>
         <load_address>0x207d6c</load_address>
         <run_address>0x207d6c</run_address>
         <size>0x3a</size>
         <input_file_ref idref="fl-da"/>
      </object_component>
      <object_component id="oc-f1">
         <name>.text:ESC_loadedCheckEEPROM</name>
         <load_address>0x207da6</load_address>
         <run_address>0x207da6</run_address>
         <size>0x3a</size>
         <input_file_ref idref="fl-8"/>
      </object_component>
      <object_component id="oc-928">
         <name>.text:strncpy</name>
         <load_address>0x207de0</load_address>
         <run_address>0x207de0</run_address>
         <size>0x36</size>
         <input_file_ref idref="fl-dd"/>
      </object_component>
      <object_component id="oc-1d6">
         <name>.text:CPUTimer_isBaseValid</name>
         <load_address>0x207e18</load_address>
         <run_address>0x207e18</run_address>
         <size>0x34</size>
         <input_file_ref idref="fl-8"/>
      </object_component>
      <object_component id="oc-24f">
         <name>.text:ECAT_MotorApplication_Process</name>
         <load_address>0x207e4c</load_address>
         <run_address>0x207e4c</run_address>
         <size>0x34</size>
         <input_file_ref idref="fl-2"/>
      </object_component>
      <object_component id="oc-369">
         <name>.text:IPC_sync</name>
         <load_address>0x207e80</load_address>
         <run_address>0x207e80</run_address>
         <size>0x32</size>
         <input_file_ref idref="fl-2"/>
      </object_component>
      <object_component id="oc-4a8">
         <name>.text:ResetALEventMask</name>
         <load_address>0x207eb2</load_address>
         <run_address>0x207eb2</run_address>
         <size>0x32</size>
         <input_file_ref idref="fl-c"/>
      </object_component>
      <object_component id="oc-648">
         <name>.text:SetALEventMask</name>
         <load_address>0x207ee4</load_address>
         <run_address>0x207ee4</run_address>
         <size>0x32</size>
         <input_file_ref idref="fl-c"/>
      </object_component>
      <object_component id="oc-187">
         <name>.text:ECAT_Application</name>
         <load_address>0x207f18</load_address>
         <run_address>0x207f18</run_address>
         <size>0x30</size>
         <input_file_ref idref="fl-a"/>
      </object_component>
      <object_component id="oc-7d0">
         <name>.text:OBJ_GetObjectHandle</name>
         <load_address>0x207f48</load_address>
         <run_address>0x207f48</run_address>
         <size>0x30</size>
         <input_file_ref idref="fl-11"/>
      </object_component>
      <object_component id="oc-605">
         <name>.text:MailboxServiceInd</name>
         <load_address>0x207f78</load_address>
         <run_address>0x207f78</run_address>
         <size>0x2e</size>
         <input_file_ref idref="fl-10"/>
      </object_component>
      <object_component id="oc-6c3">
         <name>.text:ECAT_MotorCommand_IsValid</name>
         <load_address>0x207fa6</load_address>
         <run_address>0x207fa6</run_address>
         <size>0x28</size>
         <input_file_ref idref="fl-2"/>
      </object_component>
      <object_component id="oc-2a8">
         <name>.text:ESC_readBlockISR</name>
         <load_address>0x207fd0</load_address>
         <run_address>0x207fd0</run_address>
         <size>0x28</size>
         <input_file_ref idref="fl-8"/>
      </object_component>
      <object_component id="oc-2c7">
         <name>.text:ESC_writeBlockISR</name>
         <load_address>0x207ff8</load_address>
         <run_address>0x207ff8</run_address>
         <size>0x28</size>
         <input_file_ref idref="fl-8"/>
      </object_component>
      <object_component id="oc-231">
         <name>.text:IPC_CM_Init</name>
         <load_address>0x208020</load_address>
         <run_address>0x208020</run_address>
         <size>0x28</size>
         <input_file_ref idref="fl-2"/>
      </object_component>
      <object_component id="oc-47d">
         <name>.text:IPC_waitForAck</name>
         <load_address>0x208048</load_address>
         <run_address>0x208048</run_address>
         <size>0x28</size>
         <input_file_ref idref="fl-2"/>
      </object_component>
      <object_component id="oc-477">
         <name>.text:IPC_waitForFlag</name>
         <load_address>0x208070</load_address>
         <run_address>0x208070</run_address>
         <size>0x28</size>
         <input_file_ref idref="fl-2"/>
      </object_component>
      <object_component id="oc-6ab">
         <name>.text:free_list_insert</name>
         <load_address>0x208098</load_address>
         <run_address>0x208098</run_address>
         <size>0x28</size>
         <input_file_ref idref="fl-db"/>
      </object_component>
      <object_component id="oc-1fd">
         <name>.text:ESCSS_isConfigurationLockEnabled</name>
         <load_address>0x2080c0</load_address>
         <run_address>0x2080c0</run_address>
         <size>0x24</size>
         <input_file_ref idref="fl-da"/>
      </object_component>
      <object_component id="oc-7c8">
         <name>.text:GetSyncMan</name>
         <load_address>0x2080e4</load_address>
         <run_address>0x2080e4</run_address>
         <size>0x24</size>
         <input_file_ref idref="fl-c"/>
      </object_component>
      <object_component id="oc-46a">
         <name>.text:IPC_ackFlagRtoL</name>
         <load_address>0x208108</load_address>
         <run_address>0x208108</run_address>
         <size>0x24</size>
         <input_file_ref idref="fl-2"/>
      </object_component>
      <object_component id="oc-455">
         <name>.text:IPC_clearFlagLtoR</name>
         <load_address>0x20812c</load_address>
         <run_address>0x20812c</run_address>
         <size>0x24</size>
         <input_file_ref idref="fl-2"/>
      </object_component>
      <object_component id="oc-81e">
         <name>.text:IPC_setFlagLtoR</name>
         <load_address>0x208150</load_address>
         <run_address>0x208150</run_address>
         <size>0x24</size>
         <input_file_ref idref="fl-16"/>
      </object_component>
      <object_component id="oc-471">
         <name>.text:IPC_setFlagLtoR</name>
         <load_address>0x208174</load_address>
         <run_address>0x208174</run_address>
         <size>0x24</size>
         <input_file_ref idref="fl-2"/>
      </object_component>
      <object_component id="oc-80">
         <name>.text:_c_int00_noargs:_c_int00_noargs</name>
         <load_address>0x208198</load_address>
         <run_address>0x208198</run_address>
         <size>0x24</size>
         <input_file_ref idref="fl-d2"/>
      </object_component>
      <object_component id="oc-1aa">
         <name>.text:ESCSS_isBaseValid</name>
         <load_address>0x2081bc</load_address>
         <run_address>0x2081bc</run_address>
         <size>0x20</size>
         <input_file_ref idref="fl-8"/>
      </object_component>
      <object_component id="oc-4fe">
         <name>.text:ESC_readBlock</name>
         <load_address>0x2081dc</load_address>
         <run_address>0x2081dc</run_address>
         <size>0x20</size>
         <input_file_ref idref="fl-8"/>
      </object_component>
      <object_component id="oc-5ef">
         <name>.text:ESC_setLed</name>
         <load_address>0x2081fc</load_address>
         <run_address>0x2081fc</run_address>
         <size>0x20</size>
         <input_file_ref idref="fl-8"/>
      </object_component>
      <object_component id="oc-7fb">
         <name>.text:ESC_writeBlock</name>
         <load_address>0x20821c</load_address>
         <run_address>0x20821c</run_address>
         <size>0x20</size>
         <input_file_ref idref="fl-8"/>
      </object_component>
      <object_component id="oc-680">
         <name>.text:ESC_writeByteISR</name>
         <load_address>0x20823c</load_address>
         <run_address>0x20823c</run_address>
         <size>0x20</size>
         <input_file_ref idref="fl-8"/>
      </object_component>
      <object_component id="oc-6e9">
         <name>.text:ESC_writeWordISR</name>
         <load_address>0x20825c</load_address>
         <run_address>0x20825c</run_address>
         <size>0x20</size>
         <input_file_ref idref="fl-8"/>
      </object_component>
      <object_component id="oc-39">
         <name>.text:ESC_applicationLayerHandler</name>
         <load_address>0x20827c</load_address>
         <run_address>0x20827c</run_address>
         <size>0x1c</size>
         <input_file_ref idref="fl-8"/>
      </object_component>
      <object_component id="oc-45">
         <name>.text:ESC_applicationSync0Handler</name>
         <load_address>0x208298</load_address>
         <run_address>0x208298</run_address>
         <size>0x1c</size>
         <input_file_ref idref="fl-8"/>
      </object_component>
      <object_component id="oc-4b">
         <name>.text:ESC_applicationSync1Handler</name>
         <load_address>0x2082b4</load_address>
         <run_address>0x2082b4</run_address>
         <size>0x1c</size>
         <input_file_ref idref="fl-8"/>
      </object_component>
      <object_component id="oc-484">
         <name>.text:ESC_readByte</name>
         <load_address>0x2082d0</load_address>
         <run_address>0x2082d0</run_address>
         <size>0x1c</size>
         <input_file_ref idref="fl-8"/>
      </object_component>
      <object_component id="oc-1ee">
         <name>.text:ESC_readWord</name>
         <load_address>0x2082ec</load_address>
         <run_address>0x2082ec</run_address>
         <size>0x1c</size>
         <input_file_ref idref="fl-8"/>
      </object_component>
      <object_component id="oc-517">
         <name>.text:ESC_writeByte</name>
         <load_address>0x208308</load_address>
         <run_address>0x208308</run_address>
         <size>0x1c</size>
         <input_file_ref idref="fl-8"/>
      </object_component>
      <object_component id="oc-1f5">
         <name>.text:ESC_writeDWordISR</name>
         <load_address>0x208324</load_address>
         <run_address>0x208324</run_address>
         <size>0x1c</size>
         <input_file_ref idref="fl-8"/>
      </object_component>
      <object_component id="oc-5ca">
         <name>.text:ESC_writeWord</name>
         <load_address>0x208340</load_address>
         <run_address>0x208340</run_address>
         <size>0x1c</size>
         <input_file_ref idref="fl-8"/>
      </object_component>
      <object_component id="oc-6e">
         <name>.text:decompress:ZI:__TI_zero_init_nomemset:__TI_zero_init_nomemset</name>
         <load_address>0x20835c</load_address>
         <run_address>0x20835c</run_address>
         <size>0x1c</size>
         <input_file_ref idref="fl-cf"/>
      </object_component>
      <object_component id="oc-6a5">
         <name>.text:free_list_remove</name>
         <load_address>0x208378</load_address>
         <run_address>0x208378</run_address>
         <size>0x1c</size>
         <input_file_ref idref="fl-db"/>
      </object_component>
      <object_component id="oc-8a1">
         <name>.text:GPIO_isPinValid</name>
         <load_address>0x208394</load_address>
         <run_address>0x208394</run_address>
         <size>0x1a</size>
         <input_file_ref idref="fl-8"/>
      </object_component>
      <object_component id="oc-4a2">
         <name>.text:COE_Init</name>
         <load_address>0x2083b0</load_address>
         <run_address>0x2083b0</run_address>
         <size>0x18</size>
         <input_file_ref idref="fl-b"/>
      </object_component>
      <object_component id="oc-39f">
         <name>.text:ESC_clearTimer</name>
         <load_address>0x2083c8</load_address>
         <run_address>0x2083c8</run_address>
         <size>0x18</size>
         <input_file_ref idref="fl-8"/>
      </object_component>
      <object_component id="oc-181">
         <name>.text:ESC_readByteISR</name>
         <load_address>0x2083e0</load_address>
         <run_address>0x2083e0</run_address>
         <size>0x18</size>
         <input_file_ref idref="fl-8"/>
      </object_component>
      <object_component id="oc-4c9">
         <name>.text:ESC_readDWord</name>
         <load_address>0x2083f8</load_address>
         <run_address>0x2083f8</run_address>
         <size>0x18</size>
         <input_file_ref idref="fl-8"/>
      </object_component>
      <object_component id="oc-37d">
         <name>.text:ESC_readDWordISR</name>
         <load_address>0x208410</load_address>
         <run_address>0x208410</run_address>
         <size>0x18</size>
         <input_file_ref idref="fl-8"/>
      </object_component>
      <object_component id="oc-175">
         <name>.text:ESC_readWordISR</name>
         <load_address>0x208428</load_address>
         <run_address>0x208428</run_address>
         <size>0x18</size>
         <input_file_ref idref="fl-8"/>
      </object_component>
      <object_component id="oc-f7">
         <name>.text:ESC_writeDWord</name>
         <load_address>0x208440</load_address>
         <run_address>0x208440</run_address>
         <size>0x18</size>
         <input_file_ref idref="fl-8"/>
      </object_component>
      <object_component id="oc-66c">
         <name>.text:StopOutputHandler</name>
         <load_address>0x208458</load_address>
         <run_address>0x208458</run_address>
         <size>0x18</size>
         <input_file_ref idref="fl-c"/>
      </object_component>
      <object_component id="oc-8db">
         <name>.text:F2838XCM_strcpy</name>
         <load_address>0x208470</load_address>
         <run_address>0x208470</run_address>
         <size>0x14</size>
         <input_file_ref idref="fl-f"/>
      </object_component>
      <object_component id="oc-2f7">
         <name>.text:Flash_unlockCtrlRegisters</name>
         <load_address>0x208484</load_address>
         <run_address>0x208484</run_address>
         <size>0x14</size>
         <input_file_ref idref="fl-15"/>
      </object_component>
      <object_component id="oc-34d">
         <name>.text:IPC_init</name>
         <load_address>0x208498</load_address>
         <run_address>0x208498</run_address>
         <size>0x14</size>
         <input_file_ref idref="fl-2"/>
      </object_component>
      <object_component id="oc-1c9">
         <name>.text:Interrupt_setVectorTableOffset</name>
         <load_address>0x2084ac</load_address>
         <run_address>0x2084ac</run_address>
         <size>0x14</size>
         <input_file_ref idref="fl-4"/>
      </object_component>
      <object_component id="oc-91a">
         <name>.text:strlen</name>
         <load_address>0x2084c0</load_address>
         <run_address>0x2084c0</run_address>
         <size>0x14</size>
         <input_file_ref idref="fl-dc"/>
      </object_component>
      <object_component id="oc-2fd">
         <name>.text:Flash_unlockECCRegisters</name>
         <load_address>0x2084d4</load_address>
         <run_address>0x2084d4</run_address>
         <size>0x12</size>
         <input_file_ref idref="fl-15"/>
      </object_component>
      <object_component id="oc-38d">
         <name>.text:ESC_getTimer</name>
         <load_address>0x2084e8</load_address>
         <run_address>0x2084e8</run_address>
         <size>0x10</size>
         <input_file_ref idref="fl-8"/>
      </object_component>
      <object_component id="oc-1b7">
         <name>.text:SysCtl_disableWatchdog</name>
         <load_address>0x2084f8</load_address>
         <run_address>0x2084f8</run_address>
         <size>0x10</size>
         <input_file_ref idref="fl-4"/>
      </object_component>
      <object_component id="oc-237">
         <name>.text:IPC_CM_SyncWithCPU1</name>
         <load_address>0x208508</load_address>
         <run_address>0x208508</run_address>
         <size>0xe</size>
         <input_file_ref idref="fl-2"/>
      </object_component>
      <object_component id="oc-8c9">
         <name>.text:OBJ_GetObjDesc</name>
         <load_address>0x208516</load_address>
         <run_address>0x208516</run_address>
         <size>0xe</size>
         <input_file_ref idref="fl-11"/>
      </object_component>
      <object_component id="oc-1b0">
         <name>.text:__error__</name>
         <load_address>0x208524</load_address>
         <run_address>0x208524</run_address>
         <size>0xe</size>
         <input_file_ref idref="fl-4"/>
      </object_component>
      <object_component id="oc-22">
         <name>.text:decompress:none:__TI_decompress_none</name>
         <load_address>0x208532</load_address>
         <run_address>0x208532</run_address>
         <size>0xe</size>
         <input_file_ref idref="fl-d0"/>
      </object_component>
      <object_component id="oc-642">
         <name>.text:APPL_StartInputHandler</name>
         <load_address>0x208540</load_address>
         <run_address>0x208540</run_address>
         <size>0xc</size>
         <input_file_ref idref="fl-d"/>
      </object_component>
      <object_component id="oc-61e">
         <name>.text:BackToInitTransition</name>
         <load_address>0x20854c</load_address>
         <run_address>0x20854c</run_address>
         <size>0xc</size>
         <input_file_ref idref="fl-c"/>
      </object_component>
      <object_component id="oc-8b2">
         <name>.text:COE_GetObjectDictionary</name>
         <load_address>0x208558</load_address>
         <run_address>0x208558</run_address>
         <size>0xc</size>
         <input_file_ref idref="fl-9"/>
      </object_component>
      <object_component id="oc-df">
         <name>.text:ESC_resetESC</name>
         <load_address>0x208564</load_address>
         <run_address>0x208564</run_address>
         <size>0xc</size>
         <input_file_ref idref="fl-8"/>
      </object_component>
      <object_component id="oc-666">
         <name>.text:APPL_StopOutputHandler</name>
         <load_address>0x208570</load_address>
         <run_address>0x208570</run_address>
         <size>0xa</size>
         <input_file_ref idref="fl-d"/>
      </object_component>
      <object_component id="oc-23d">
         <name>.text:CPU_clearPRIMASK</name>
         <load_address>0x20857a</load_address>
         <run_address>0x20857a</run_address>
         <size>0x8</size>
         <input_file_ref idref="fl-2"/>
      </object_component>
      <object_component id="oc-393">
         <name>.text:ESC_timerIncPerMilliSec</name>
         <load_address>0x208584</load_address>
         <run_address>0x208584</run_address>
         <size>0x8</size>
         <input_file_ref idref="fl-8"/>
      </object_component>
      <object_component id="oc-695">
         <name>.text:malloc</name>
         <load_address>0x20858c</load_address>
         <run_address>0x20858c</run_address>
         <size>0x8</size>
         <input_file_ref idref="fl-db"/>
      </object_component>
      <object_component id="oc-62a">
         <name>.text:APPL_StartMailboxHandler</name>
         <load_address>0x208594</load_address>
         <run_address>0x208594</run_address>
         <size>0x4</size>
         <input_file_ref idref="fl-d"/>
      </object_component>
      <object_component id="oc-660">
         <name>.text:APPL_StartOutputHandler</name>
         <load_address>0x208598</load_address>
         <run_address>0x208598</run_address>
         <size>0x4</size>
         <input_file_ref idref="fl-d"/>
      </object_component>
      <object_component id="oc-64e">
         <name>.text:APPL_StopInputHandler</name>
         <load_address>0x20859c</load_address>
         <run_address>0x20859c</run_address>
         <size>0x4</size>
         <input_file_ref idref="fl-d"/>
      </object_component>
      <object_component id="oc-630">
         <name>.text:APPL_StopMailboxHandler</name>
         <load_address>0x2085a0</load_address>
         <run_address>0x2085a0</run_address>
         <size>0x4</size>
         <input_file_ref idref="fl-d"/>
      </object_component>
      <object_component id="oc-144">
         <name>.text:_system_pre_init</name>
         <load_address>0x2085a4</load_address>
         <run_address>0x2085a4</run_address>
         <size>0x4</size>
         <input_file_ref idref="fl-d5"/>
      </object_component>
      <object_component id="oc-25c">
         <name>.text:abort:abort</name>
         <load_address>0x2085a8</load_address>
         <run_address>0x2085a8</run_address>
         <size>0x4</size>
         <input_file_ref idref="fl-d7"/>
      </object_component>
      <object_component id="oc-98c">
         <name>.tramp.Flash_initModule.1</name>
         <load_address>0x2085ac</load_address>
         <run_address>0x2085ac</run_address>
         <size>0x8</size>
         <input_file_ref idref="fl-15"/>
      </object_component>
      <object_component id="oc-987">
         <name>.cinit..data.load</name>
         <load_address>0x208718</load_address>
         <run_address>0x208718</run_address>
         <size>0x2af</size>
      </object_component>
      <object_component id="oc-985">
         <name>.cinit..vftable.load</name>
         <load_address>0x2089c7</load_address>
         <run_address>0x2089c7</run_address>
         <size>0x24</size>
      </object_component>
      <object_component id="oc-983">
         <name>__TI_handler_table</name>
         <load_address>0x2089ec</load_address>
         <run_address>0x2089ec</run_address>
         <size>0xc</size>
      </object_component>
      <object_component id="oc-988">
         <name>.cinit..bss.load</name>
         <load_address>0x2089f8</load_address>
         <run_address>0x2089f8</run_address>
         <size>0x8</size>
      </object_component>
      <object_component id="oc-986">
         <name>.cinit..vtable.load</name>
         <load_address>0x208a00</load_address>
         <run_address>0x208a00</run_address>
         <size>0x8</size>
      </object_component>
      <object_component id="oc-984">
         <name>__TI_cinit_table</name>
         <load_address>0x208a08</load_address>
         <run_address>0x208a08</run_address>
         <size>0x20</size>
      </object_component>
      <object_component id="oc-54">
         <name>.sysmem</name>
         <uninitialized>true</uninitialized>
         <run_address>0x20008000</run_address>
         <size>0x10</size>
         <input_file_ref idref="fl-db"/>
      </object_component>
      <object_component id="oc-98b">
         <name>.sysmem</name>
         <uninitialized>true</uninitialized>
         <run_address>0x20008000</run_address>
         <size>0x0</size>
      </object_component>
      <object_component id="oc-51">
         <name>.stack</name>
         <uninitialized>true</uninitialized>
         <run_address>0x1fffc000</run_address>
         <size>0x4</size>
         <input_file_ref idref="fl-d2"/>
      </object_component>
      <object_component id="oc-98a">
         <name>.stack</name>
         <uninitialized>true</uninitialized>
         <run_address>0x1fffc000</run_address>
         <size>0x0</size>
      </object_component>
      <object_component id="oc-255">
         <name>.data</name>
         <load_address>0x2000c438</load_address>
         <run_address>0x2000c438</run_address>
         <size>0x6c</size>
         <input_file_ref idref="fl-2"/>
      </object_component>
      <object_component id="oc-41a">
         <name>.data:g_ecat_motor_telemetry_txpdo</name>
         <load_address>0x2000c608</load_address>
         <run_address>0x2000c608</run_address>
         <size>0x8</size>
         <input_file_ref idref="fl-2"/>
      </object_component>
      <object_component id="oc-3d3">
         <name>.data:g_ecat_motor_command_rxpdo</name>
         <load_address>0x2000c5a0</load_address>
         <run_address>0x2000c5a0</run_address>
         <size>0x10</size>
         <input_file_ref idref="fl-2"/>
      </object_component>
      <object_component id="oc-41d">
         <name>.data:g_ecat_motor_status_txpdo</name>
         <load_address>0x2000c508</load_address>
         <run_address>0x2000c508</run_address>
         <size>0x18</size>
         <input_file_ref idref="fl-2"/>
      </object_component>
      <object_component id="oc-4f3">
         <name>.data</name>
         <load_address>0x2000c548</load_address>
         <run_address>0x2000c548</run_address>
         <size>0x14</size>
         <input_file_ref idref="fl-9"/>
      </object_component>
      <object_component id="oc-5e0">
         <name>.data:ApplicationObjDic</name>
         <load_address>0x2000c000</load_address>
         <run_address>0x2000c000</run_address>
         <size>0x258</size>
         <input_file_ref idref="fl-9"/>
      </object_component>
      <object_component id="oc-70b">
         <name>.data:acDevicename</name>
         <load_address>0x2000c4ec</load_address>
         <run_address>0x2000c4ec</run_address>
         <size>0x19</size>
         <input_file_ref idref="fl-9"/>
      </object_component>
      <object_component id="oc-714">
         <name>.data:acHardwareversion</name>
         <load_address>0x2000c520</load_address>
         <run_address>0x2000c520</run_address>
         <size>0x14</size>
         <input_file_ref idref="fl-9"/>
      </object_component>
      <object_component id="oc-71d">
         <name>.data:acSoftwareversion</name>
         <load_address>0x2000c534</load_address>
         <run_address>0x2000c534</run_address>
         <size>0x14</size>
         <input_file_ref idref="fl-9"/>
      </object_component>
      <object_component id="oc-726">
         <name>.data:sIdentity</name>
         <load_address>0x2000c55c</load_address>
         <run_address>0x2000c55c</run_address>
         <size>0x14</size>
         <input_file_ref idref="fl-9"/>
      </object_component>
      <object_component id="oc-741">
         <name>.data:sSyncmanagertype</name>
         <load_address>0x2000c616</load_address>
         <run_address>0x2000c616</run_address>
         <size>0x6</size>
         <input_file_ref idref="fl-9"/>
      </object_component>
      <object_component id="oc-5dd">
         <name>.data:GenObjDic</name>
         <load_address>0x2000c258</load_address>
         <run_address>0x2000c258</run_address>
         <size>0x1e0</size>
         <input_file_ref idref="fl-9"/>
      </object_component>
      <object_component id="oc-384">
         <name>.data</name>
         <load_address>0x2000c5cc</load_address>
         <run_address>0x2000c5cc</run_address>
         <size>0xa</size>
         <input_file_ref idref="fl-a"/>
      </object_component>
      <object_component id="oc-5b6">
         <name>.data</name>
         <load_address>0x2000c505</load_address>
         <run_address>0x2000c505</run_address>
         <size>0x2</size>
         <input_file_ref idref="fl-c"/>
      </object_component>
      <object_component id="oc-755">
         <name>.data:LEDSProcessDataMapping0x1600</name>
         <load_address>0x2000c4a4</load_address>
         <run_address>0x2000c4a4</run_address>
         <size>0x24</size>
         <input_file_ref idref="fl-d"/>
      </object_component>
      <object_component id="oc-75e">
         <name>.data:OutputMapping10x1601</name>
         <load_address>0x2000c580</load_address>
         <run_address>0x2000c580</run_address>
         <size>0x10</size>
         <input_file_ref idref="fl-d"/>
      </object_component>
      <object_component id="oc-767">
         <name>.data:SwitchesProcessDataMapping0x1A00</name>
         <load_address>0x2000c4c8</load_address>
         <run_address>0x2000c4c8</run_address>
         <size>0x24</size>
         <input_file_ref idref="fl-d"/>
      </object_component>
      <object_component id="oc-770">
         <name>.data:InputMapping10x1A01</name>
         <load_address>0x2000c570</load_address>
         <run_address>0x2000c570</run_address>
         <size>0x10</size>
         <input_file_ref idref="fl-d"/>
      </object_component>
      <object_component id="oc-412">
         <name>.data:sRxPDOassign</name>
         <load_address>0x2000c610</load_address>
         <run_address>0x2000c610</run_address>
         <size>0x6</size>
         <input_file_ref idref="fl-d"/>
      </object_component>
      <object_component id="oc-42d">
         <name>.data:sTxPDOassign</name>
         <load_address>0x2000c61c</load_address>
         <run_address>0x2000c61c</run_address>
         <size>0x6</size>
         <input_file_ref idref="fl-d"/>
      </object_component>
      <object_component id="oc-420">
         <name>.data:Switches0x6000</name>
         <load_address>0x2000c626</load_address>
         <run_address>0x2000c626</run_address>
         <size>0x4</size>
         <input_file_ref idref="fl-d"/>
      </object_component>
      <object_component id="oc-423">
         <name>.data:DataToMaster0x6010</name>
         <load_address>0x2000c5e8</load_address>
         <run_address>0x2000c5e8</run_address>
         <size>0x8</size>
         <input_file_ref idref="fl-d"/>
      </object_component>
      <object_component id="oc-426">
         <name>.data:TargetModeResponse0x6012</name>
         <load_address>0x2000c62e</load_address>
         <run_address>0x2000c62e</run_address>
         <size>0x4</size>
         <input_file_ref idref="fl-d"/>
      </object_component>
      <object_component id="oc-429">
         <name>.data:TargetSpeedPosFeedback0x6014</name>
         <load_address>0x2000c5f8</load_address>
         <run_address>0x2000c5f8</run_address>
         <size>0x8</size>
         <input_file_ref idref="fl-d"/>
      </object_component>
      <object_component id="oc-406">
         <name>.data:LEDS0x7000</name>
         <load_address>0x2000c622</load_address>
         <run_address>0x2000c622</run_address>
         <size>0x4</size>
         <input_file_ref idref="fl-d"/>
      </object_component>
      <object_component id="oc-409">
         <name>.data:DatafromMaster0x7010</name>
         <load_address>0x2000c5f0</load_address>
         <run_address>0x2000c5f0</run_address>
         <size>0x8</size>
         <input_file_ref idref="fl-d"/>
      </object_component>
      <object_component id="oc-40c">
         <name>.data:TargetMode0x7012</name>
         <load_address>0x2000c62a</load_address>
         <run_address>0x2000c62a</run_address>
         <size>0x4</size>
         <input_file_ref idref="fl-d"/>
      </object_component>
      <object_component id="oc-40f">
         <name>.data:TargetSpeedPosReq0x7014</name>
         <load_address>0x2000c600</load_address>
         <run_address>0x2000c600</run_address>
         <size>0x8</size>
         <input_file_ref idref="fl-d"/>
      </object_component>
      <object_component id="oc-415">
         <name>.data</name>
         <load_address>0x2000c590</load_address>
         <run_address>0x2000c590</run_address>
         <size>0x10</size>
         <input_file_ref idref="fl-d"/>
      </object_component>
      <object_component id="oc-20d">
         <name>.data:sErrorSettings</name>
         <load_address>0x2000c5c0</load_address>
         <run_address>0x2000c5c0</run_address>
         <size>0xc</size>
         <input_file_ref idref="fl-11"/>
      </object_component>
      <object_component id="oc-8e2">
         <name>.data:aSubindexDesc</name>
         <load_address>0x2000c5b0</load_address>
         <run_address>0x2000c5b0</run_address>
         <size>0xd</size>
         <input_file_ref idref="fl-11"/>
      </object_component>
      <object_component id="oc-6b8">
         <name>.data</name>
         <load_address>0x2000c507</load_address>
         <run_address>0x2000c507</run_address>
         <size>0x1</size>
         <input_file_ref idref="fl-12"/>
      </object_component>
      <object_component id="oc-3df">
         <name>.data:$O1$$</name>
         <load_address>0x2000c5d8</load_address>
         <run_address>0x2000c5d8</run_address>
         <size>0x8</size>
         <input_file_ref idref="fl-d8"/>
      </object_component>
      <object_component id="oc-812">
         <name>.data:$O1$$</name>
         <load_address>0x2000c5e0</load_address>
         <run_address>0x2000c5e0</run_address>
         <size>0x8</size>
         <input_file_ref idref="fl-db"/>
      </object_component>
      <object_component id="oc-35f">
         <name>.bss:g_cmIpcQueue</name>
         <uninitialized>true</uninitialized>
         <run_address>0x2000c7ac</run_address>
         <size>0x1c</size>
         <input_file_ref idref="fl-2"/>
      </object_component>
      <object_component id="oc-4db">
         <name>.common:u32LastDc32Value</name>
         <uninitialized>true</uninitialized>
         <run_address>0x2000c820</run_address>
         <size>0x4</size>
      </object_component>
      <object_component id="oc-3bd">
         <name>.common:u32CheckForDcOverrunCnt</name>
         <uninitialized>true</uninitialized>
         <run_address>0x2000c818</run_address>
         <size>0x4</size>
      </object_component>
      <object_component id="oc-5f5">
         <name>.common:bEtherCATRunLed</name>
         <uninitialized>true</uninitialized>
         <run_address>0x2000c879</run_address>
         <size>0x1</size>
      </object_component>
      <object_component id="oc-5f6">
         <name>.common:bEtherCATErrorLed</name>
         <uninitialized>true</uninitialized>
         <run_address>0x2000c878</run_address>
         <size>0x1</size>
      </object_component>
      <object_component id="oc-258">
         <name>.common:bRunApplication</name>
         <uninitialized>true</uninitialized>
         <run_address>0x2000c880</run_address>
         <size>0x1</size>
      </object_component>
      <object_component id="oc-383">
         <name>.common:pAPPL_MainLoop</name>
         <uninitialized>true</uninitialized>
         <run_address>0x2000c7e8</run_address>
         <size>0x4</size>
      </object_component>
      <object_component id="oc-38a">
         <name>.common:u32CycleTimeStartValue</name>
         <uninitialized>true</uninitialized>
         <run_address>0x2000c81c</run_address>
         <size>0x4</size>
      </object_component>
      <object_component id="oc-2b4">
         <name>.common:u32MinCycleTimeStartValue</name>
         <uninitialized>true</uninitialized>
         <run_address>0x2000c824</run_address>
         <size>0x4</size>
      </object_component>
      <object_component id="oc-38b">
         <name>.common:u32SystemTimeReadFailure</name>
         <uninitialized>true</uninitialized>
         <run_address>0x2000c830</run_address>
         <size>0x4</size>
      </object_component>
      <object_component id="oc-2b5">
         <name>.common:bMinCycleTimeMeasurementStarted</name>
         <uninitialized>true</uninitialized>
         <run_address>0x2000c87d</run_address>
         <size>0x1</size>
      </object_component>
      <object_component id="oc-2b6">
         <name>.common:u32MinCycleTimeValue</name>
         <uninitialized>true</uninitialized>
         <run_address>0x2000c828</run_address>
         <size>0x4</size>
      </object_component>
      <object_component id="oc-2b7">
         <name>.common:aPdOutputData</name>
         <uninitialized>true</uninitialized>
         <run_address>0x2000c678</run_address>
         <size>0x44</size>
      </object_component>
      <object_component id="oc-2cd">
         <name>.common:aPdInputData</name>
         <uninitialized>true</uninitialized>
         <run_address>0x2000c634</run_address>
         <size>0x44</size>
      </object_component>
      <object_component id="oc-5d1">
         <name>.common:pCoeSendStored</name>
         <uninitialized>true</uninitialized>
         <run_address>0x2000c7ec</run_address>
         <size>0x4</size>
      </object_component>
      <object_component id="oc-1a4">
         <name>.common:bEcatOutputUpdateRunning</name>
         <uninitialized>true</uninitialized>
         <run_address>0x2000c875</run_address>
         <size>0x1</size>
      </object_component>
      <object_component id="oc-1a8">
         <name>.common:bEcatInputUpdateRunning</name>
         <uninitialized>true</uninitialized>
         <run_address>0x2000c874</run_address>
         <size>0x1</size>
      </object_component>
      <object_component id="oc-1a3">
         <name>.common:bEcatFirstOutputsReceived</name>
         <uninitialized>true</uninitialized>
         <run_address>0x2000c873</run_address>
         <size>0x1</size>
      </object_component>
      <object_component id="oc-4b2">
         <name>.common:bWdTrigger</name>
         <uninitialized>true</uninitialized>
         <run_address>0x2000c888</run_address>
         <size>0x1</size>
      </object_component>
      <object_component id="oc-19d">
         <name>.common:bDcSyncActive</name>
         <uninitialized>true</uninitialized>
         <run_address>0x2000c872</run_address>
         <size>0x1</size>
      </object_component>
      <object_component id="oc-4f2">
         <name>.common:EsmTimeoutCounter</name>
         <uninitialized>true</uninitialized>
         <run_address>0x2000c836</run_address>
         <size>0x2</size>
      </object_component>
      <object_component id="oc-19c">
         <name>.common:bDcRunning</name>
         <uninitialized>true</uninitialized>
         <run_address>0x2000c871</run_address>
         <size>0x1</size>
      </object_component>
      <object_component id="oc-19e">
         <name>.common:u16SmSync0Counter</name>
         <uninitialized>true</uninitialized>
         <run_address>0x2000c868</run_address>
         <size>0x2</size>
      </object_component>
      <object_component id="oc-20c">
         <name>.common:u16SmSync0Value</name>
         <uninitialized>true</uninitialized>
         <run_address>0x2000c86a</run_address>
         <size>0x2</size>
      </object_component>
      <object_component id="oc-542">
         <name>.common:bSmSyncSequenceValid</name>
         <uninitialized>true</uninitialized>
         <run_address>0x2000c885</run_address>
         <size>0x1</size>
      </object_component>
      <object_component id="oc-5f8">
         <name>.common:i16WaitForPllRunningTimeout</name>
         <uninitialized>true</uninitialized>
         <run_address>0x2000c846</run_address>
         <size>0x2</size>
      </object_component>
      <object_component id="oc-5f9">
         <name>.common:i16WaitForPllRunningCnt</name>
         <uninitialized>true</uninitialized>
         <run_address>0x2000c844</run_address>
         <size>0x2</size>
      </object_component>
      <object_component id="oc-20a">
         <name>.common:Sync0WdCounter</name>
         <uninitialized>true</uninitialized>
         <run_address>0x2000c83c</run_address>
         <size>0x2</size>
      </object_component>
      <object_component id="oc-4b4">
         <name>.common:Sync0WdValue</name>
         <uninitialized>true</uninitialized>
         <run_address>0x2000c83e</run_address>
         <size>0x2</size>
      </object_component>
      <object_component id="oc-213">
         <name>.common:Sync1WdCounter</name>
         <uninitialized>true</uninitialized>
         <run_address>0x2000c840</run_address>
         <size>0x2</size>
      </object_component>
      <object_component id="oc-4b5">
         <name>.common:Sync1WdValue</name>
         <uninitialized>true</uninitialized>
         <run_address>0x2000c842</run_address>
         <size>0x2</size>
      </object_component>
      <object_component id="oc-211">
         <name>.common:LatchInputSync0Value</name>
         <uninitialized>true</uninitialized>
         <run_address>0x2000c83a</run_address>
         <size>0x2</size>
      </object_component>
      <object_component id="oc-20b">
         <name>.common:LatchInputSync0Counter</name>
         <uninitialized>true</uninitialized>
         <run_address>0x2000c838</run_address>
         <size>0x2</size>
      </object_component>
      <object_component id="oc-4da">
         <name>.common:b32BitDc</name>
         <uninitialized>true</uninitialized>
         <run_address>0x2000c86e</run_address>
         <size>0x1</size>
      </object_component>
      <object_component id="oc-199">
         <name>.common:bEscIntEnabled</name>
         <uninitialized>true</uninitialized>
         <run_address>0x2000c877</run_address>
         <size>0x1</size>
      </object_component>
      <object_component id="oc-7ce">
         <name>.common:b3BufferMode</name>
         <uninitialized>true</uninitialized>
         <run_address>0x2000c86f</run_address>
         <size>0x1</size>
      </object_component>
      <object_component id="oc-4b6">
         <name>.common:bLocalErrorFlag</name>
         <uninitialized>true</uninitialized>
         <run_address>0x2000c87a</run_address>
         <size>0x1</size>
      </object_component>
      <object_component id="oc-4b7">
         <name>.common:u16LocalErrorCode</name>
         <uninitialized>true</uninitialized>
         <run_address>0x2000c862</run_address>
         <size>0x2</size>
      </object_component>
      <object_component id="oc-4b0">
         <name>.common:bApplEsmPending</name>
         <uninitialized>true</uninitialized>
         <run_address>0x2000c870</run_address>
         <size>0x1</size>
      </object_component>
      <object_component id="oc-4b1">
         <name>.common:bEcatWaitForAlControlRes</name>
         <uninitialized>true</uninitialized>
         <run_address>0x2000c876</run_address>
         <size>0x1</size>
      </object_component>
      <object_component id="oc-4ba">
[...]
         <object_component_ref idref="oc-770"/>
      </symbol>
      <symbol id="sm-c27">
         <name>DataToMaster0x6010</name>
         <value>0x2000c5e8</value>
         <object_component_ref idref="oc-423"/>
      </symbol>
      <symbol id="sm-c28">
         <name>sRxPDOassign</name>
         <value>0x2000c610</value>
         <object_component_ref idref="oc-412"/>
      </symbol>
      <symbol id="sm-c29">
         <name>APPL_StopMailboxHandler</name>
         <value>0x2085a1</value>
         <object_component_ref idref="oc-630"/>
      </symbol>
      <symbol id="sm-c2a">
         <name>APPL_StartMailboxHandler</name>
         <value>0x208595</value>
         <object_component_ref idref="oc-62a"/>
      </symbol>
      <symbol id="sm-c38">
         <name>F2838XCM_strcpy</name>
         <value>0x208471</value>
         <object_component_ref idref="oc-8db"/>
      </symbol>
      <symbol id="sm-d38">
         <name>bReceiveMbxIsLocked</name>
         <value>0x2000c87f</value>
      </symbol>
      <symbol id="sm-d39">
         <name>bSendMbxIsFull</name>
         <value>0x2000c884</value>
      </symbol>
      <symbol id="sm-d3a">
         <name>bMbxRunning</name>
         <value>0x2000c87c</value>
      </symbol>
      <symbol id="sm-d3b">
         <name>bMbxRepeatToggle</name>
         <value>0x2000c87b</value>
      </symbol>
      <symbol id="sm-d3c">
         <name>u16SendMbxSize</name>
         <value>0x2000c866</value>
      </symbol>
      <symbol id="sm-d3d">
         <name>u16ReceiveMbxSize</name>
         <value>0x2000c864</value>
      </symbol>
      <symbol id="sm-d3e">
         <name>u16EscAddrReceiveMbx</name>
         <value>0x2000c85e</value>
      </symbol>
      <symbol id="sm-d3f">
         <name>u16EscAddrSendMbx</name>
         <value>0x2000c860</value>
      </symbol>
      <symbol id="sm-d40">
         <name>u8MbxWriteCounter</name>
         <value>0x2000c891</value>
      </symbol>
      <symbol id="sm-d41">
         <name>u8MbxReadCounter</name>
         <value>0x2000c890</value>
      </symbol>
      <symbol id="sm-d42">
         <name>u8MailboxSendReqStored</name>
         <value>0x2000c88f</value>
      </symbol>
      <symbol id="sm-d43">
         <name>psWriteMbx</name>
         <value>0x2000c814</value>
      </symbol>
      <symbol id="sm-d44">
         <name>psReadMbx</name>
         <value>0x2000c808</value>
      </symbol>
      <symbol id="sm-d45">
         <name>psRepeatMbx</name>
         <value>0x2000c80c</value>
      </symbol>
      <symbol id="sm-d46">
         <name>psStoreMbx</name>
         <value>0x2000c810</value>
      </symbol>
      <symbol id="sm-d47">
         <name>sMbxSendQueue</name>
         <value>0x2000c778</value>
      </symbol>
      <symbol id="sm-d48">
         <name>sMbxReceiveQueue</name>
         <value>0x2000c744</value>
      </symbol>
      <symbol id="sm-d49">
         <name>bNoMbxMemoryAvailable</name>
         <value>0x2000c87e</value>
      </symbol>
      <symbol id="sm-d4a">
         <name>MBX_Main</name>
         <value>0x2074cd</value>
         <object_component_ref idref="oc-505"/>
      </symbol>
      <symbol id="sm-d4b">
         <name>MailboxServiceInd</name>
         <value>0x207f79</value>
         <object_component_ref idref="oc-605"/>
      </symbol>
      <symbol id="sm-d4c">
         <name>MBX_CopyToSendMailbox</name>
         <value>0x20627d</value>
         <object_component_ref idref="oc-687"/>
      </symbol>
      <symbol id="sm-d4d">
         <name>MBX_MailboxSendReq</name>
         <value>0x2063ed</value>
         <object_component_ref idref="oc-60b"/>
      </symbol>
      <symbol id="sm-d4e">
         <name>MBX_StartMailboxHandler</name>
         <value>0x205c2d</value>
         <object_component_ref idref="oc-624"/>
      </symbol>
      <symbol id="sm-d4f">
         <name>MBX_Init</name>
         <value>0x2051bd</value>
         <object_component_ref idref="oc-496"/>
      </symbol>
      <symbol id="sm-d50">
         <name>PutInMbxQueue</name>
         <value>0x2079c5</value>
         <object_component_ref idref="oc-7c1"/>
      </symbol>
      <symbol id="sm-d51">
         <name>MBX_MailboxWriteInd</name>
         <value>0x206335</value>
         <object_component_ref idref="oc-69b"/>
      </symbol>
      <symbol id="sm-d52">
         <name>MBX_MailboxRepeatReq</name>
         <value>0x207461</value>
         <object_component_ref idref="oc-523"/>
      </symbol>
      <symbol id="sm-d53">
         <name>MBX_StopMailboxHandler</name>
         <value>0x204aed</value>
         <object_component_ref idref="oc-636"/>
      </symbol>
      <symbol id="sm-d54">
         <name>MBX_CheckAndCopyMailbox</name>
         <value>0x204e6d</value>
         <object_component_ref idref="oc-529"/>
      </symbol>
      <symbol id="sm-d55">
         <name>GetOutOfMbxQueue</name>
         <value>0x207915</value>
         <object_component_ref idref="oc-5ff"/>
      </symbol>
      <symbol id="sm-d56">
         <name>MBX_MailboxReadInd</name>
         <value>0x2065fd</value>
         <object_component_ref idref="oc-51d"/>
      </symbol>
      <symbol id="sm-ecd">
         <name>bSyncSetByUser</name>
         <value>0x2000c887</value>
      </symbol>
      <symbol id="sm-ece">
         <name>sCycleDiag</name>
         <value>0x2000c85a</value>
      </symbol>
      <symbol id="sm-ecf">
         <name>sSyncManOutPar</name>
         <value>0x2000c700</value>
      </symbol>
      <symbol id="sm-ed0">
         <name>sSyncManInPar</name>
         <value>0x2000c6bc</value>
      </symbol>
      <symbol id="sm-ed1">
         <name>CheckSyncTypeValue</name>
         <value>0x204d49</value>
         <object_component_ref idref="oc-938"/>
      </symbol>
      <symbol id="sm-ed2">
         <name>cBitMask</name>
         <value>0x2007a0</value>
         <object_component_ref idref="oc-934"/>
      </symbol>
      <symbol id="sm-ed3">
         <name>OBJ_GetObjDesc</name>
         <value>0x208517</value>
         <object_component_ref idref="oc-8c9"/>
      </symbol>
      <symbol id="sm-ed4">
         <name>OBJ_GetObjectList</name>
         <value>0x2052c5</value>
         <object_component_ref idref="oc-8c3"/>
      </symbol>
      <symbol id="sm-ed5">
         <name>OBJ_CopyNumberToString</name>
         <value>0x2078b9</value>
         <object_component_ref idref="oc-920"/>
      </symbol>
      <symbol id="sm-ed6">
         <name>OBJ_GetNoOfObjects</name>
         <value>0x2064a1</value>
         <object_component_ref idref="oc-8bd"/>
      </symbol>
      <symbol id="sm-ed7">
         <name>OBJ_GetEntryDesc</name>
         <value>0x206f65</value>
         <object_component_ref idref="oc-8d5"/>
      </symbol>
      <symbol id="sm-ed8">
         <name>OBJ_Read</name>
         <value>0x201c0d</value>
         <object_component_ref idref="oc-8f9"/>
      </symbol>
      <symbol id="sm-ed9">
         <name>OBJ_GetObjectHandle</name>
         <value>0x207f49</value>
         <object_component_ref idref="oc-7d0"/>
      </symbol>
      <symbol id="sm-eda">
         <name>aSubindexDesc</name>
         <value>0x2000c5b0</value>
         <object_component_ref idref="oc-8e2"/>
      </symbol>
      <symbol id="sm-edb">
         <name>OBJ_GetEntryOffset</name>
         <value>0x203b85</value>
         <object_component_ref idref="oc-7d6"/>
      </symbol>
      <symbol id="sm-edc">
         <name>OBJ_GetObjectLength</name>
         <value>0x204071</value>
         <object_component_ref idref="oc-8f3"/>
      </symbol>
      <symbol id="sm-edd">
         <name>OBJ_GetDesc</name>
         <value>0x204c21</value>
         <object_component_ref idref="oc-8cf"/>
      </symbol>
      <symbol id="sm-ede">
         <name>sErrorSettings</name>
         <value>0x2000c5c0</value>
         <object_component_ref idref="oc-20d"/>
      </symbol>
      <symbol id="sm-edf">
         <name>OBJ_Write</name>
         <value>0x2014c5</value>
         <object_component_ref idref="oc-8ff"/>
      </symbol>
      <symbol id="sm-ffe">
         <name>u8PendingSdo</name>
         <value>0x2000c892</value>
      </symbol>
      <symbol id="sm-fff">
         <name>bStoreCompleteAccess</name>
         <value>0x2000c886</value>
      </symbol>
      <symbol id="sm-1000">
         <name>u8StoreSubindex</name>
         <value>0x2000c893</value>
      </symbol>
      <symbol id="sm-1001">
         <name>u16StoreIndex</name>
         <value>0x2000c86c</value>
      </symbol>
      <symbol id="sm-1002">
         <name>u32StoreDataSize</name>
         <value>0x2000c82c</value>
      </symbol>
      <symbol id="sm-1003">
         <name>pStoreData</name>
         <value>0x2000c804</value>
      </symbol>
      <symbol id="sm-1004">
         <name>pSdoPendFunc</name>
         <value>0x2000c7f4</value>
      </symbol>
      <symbol id="sm-1005">
         <name>aSdoInfoHeader</name>
         <value>0x2000c7c8</value>
      </symbol>
      <symbol id="sm-1006">
         <name>pSdoSegData</name>
         <value>0x2000c7fc</value>
      </symbol>
      <symbol id="sm-1007">
         <name>nSdoInfoFragmentsLeft</name>
         <value>0x2000c854</value>
      </symbol>
      <symbol id="sm-1008">
         <name>nSdoInfoIndex</name>
         <value>0x2000c856</value>
      </symbol>
      <symbol id="sm-1009">
         <name>pSdoInfoObjEntry</name>
         <value>0x2000c7f0</value>
      </symbol>
      <symbol id="sm-100a">
         <name>pSdoResStored</name>
         <value>0x2000c7f8</value>
      </symbol>
      <symbol id="sm-100b">
         <name>nSdoSegService</name>
         <value>0x2000c88b</value>
      </symbol>
      <symbol id="sm-100c">
         <name>bSdoSegFollows</name>
         <value>0x2000c882</value>
      </symbol>
      <symbol id="sm-100d">
         <name>bSdoSegAccess</name>
         <value>0x2000c881</value>
      </symbol>
      <symbol id="sm-100e">
         <name>nSdoSegIndex</name>
         <value>0x2000c858</value>
      </symbol>
      <symbol id="sm-100f">
         <name>nSdoSegSubindex</name>
         <value>0x2000c88c</value>
      </symbol>
      <symbol id="sm-1010">
         <name>nSdoSegBytesToHandle</name>
         <value>0x2000c7e0</value>
      </symbol>
      <symbol id="sm-1011">
         <name>bSdoSegLastToggle</name>
         <value>0x2000c883</value>
      </symbol>
      <symbol id="sm-1012">
         <name>nSdoSegCompleteSize</name>
         <value>0x2000c7e4</value>
      </symbol>
      <symbol id="sm-1013">
         <name>pSdoSegObjEntry</name>
         <value>0x2000c800</value>
      </symbol>
      <symbol id="sm-1014">
         <name>bSdoInWork</name>
         <value>0x2000c507</value>
         <object_component_ref idref="oc-6b8"/>
      </symbol>
      <symbol id="sm-1015">
         <name>SDOS_SdoRes</name>
         <value>0x204f91</value>
         <object_component_ref idref="oc-53b"/>
      </symbol>
      <symbol id="sm-1016">
         <name>SDOS_SdoInfoInd</name>
         <value>0x202c91</value>
         <object_component_ref idref="oc-802"/>
      </symbol>
      <symbol id="sm-1017">
         <name>cAbortCode</name>
         <value>0x200464</value>
         <object_component_ref idref="oc-817"/>
      </symbol>
      <symbol id="sm-1018">
         <name>SDOS_SdoInd</name>
         <value>0x2021c1</value>
         <object_component_ref idref="oc-8a8"/>
      </symbol>
      <symbol id="sm-1019">
         <name>SdoRes</name>
         <value>0x204739</value>
         <object_component_ref idref="oc-6b2"/>
      </symbol>
      <symbol id="sm-101a">
         <name>SODS_ClearPendingResponse</name>
         <value>0x2061bd</value>
         <object_component_ref idref="oc-7e1"/>
      </symbol>
      <symbol id="sm-1092">
         <name>Flash_initModule</name>
         <value>0x20000941</value>
         <object_component_ref idref="oc-1bd"/>
      </symbol>
      <symbol id="sm-10fb">
         <name>IPC_sendMessageToQueue</name>
         <value>0x205dd9</value>
         <object_component_ref idref="oc-6c9"/>
      </symbol>
      <symbol id="sm-10fc">
         <name>IPC_CM_To_CPU2_PutBuffer</name>
         <value>0x20086000</value>
         <object_component_ref idref="oc-5a6"/>
      </symbol>
      <symbol id="sm-10fd">
         <name>IPC_registerInterrupt</name>
         <value>0x207cf5</value>
         <object_component_ref idref="oc-359"/>
      </symbol>
      <symbol id="sm-10fe">
         <name>IPC_CM_To_CPU1_PutBuffer</name>
         <value>0x20082000</value>
         <object_component_ref idref="oc-5a0"/>
      </symbol>
      <symbol id="sm-10ff">
         <name>IPC_initMessageQueue</name>
         <value>0x206551</value>
         <object_component_ref idref="oc-353"/>
      </symbol>
      <symbol id="sm-1100">
         <name>IPC_Instance</name>
         <value>0x200358</value>
         <object_component_ref idref="oc-45c"/>
      </symbol>
      <symbol id="sm-1101">
         <name>IPC_CM_To_CPU2_GetBuffer</name>
         <value>0x20084000</value>
         <object_component_ref idref="oc-5a9"/>
      </symbol>
      <symbol id="sm-1102">
         <name>IPC_CM_To_CPU1_GetBuffer</name>
         <value>0x20080000</value>
         <object_component_ref idref="oc-5a3"/>
      </symbol>
      <symbol id="sm-1103">
         <name>IPC_readMessageFromQueue</name>
         <value>0x205f71</value>
         <object_component_ref idref="oc-464"/>
      </symbol>
      <symbol id="sm-1120">
         <name>SysCtl_enablePeripheral</name>
         <value>0x207aad</value>
         <object_component_ref idref="oc-335"/>
      </symbol>
      <symbol id="sm-1121">
         <name>SysCtl_resetPeripheral</name>
         <value>0x2072a9</value>
         <object_component_ref idref="oc-1e5"/>
      </symbol>
      <symbol id="sm-114a">
         <name>vectorTableRAM</name>
         <value>0x20000800</value>
         <object_component_ref idref="oc-1d0"/>
      </symbol>
      <symbol id="sm-114b">
         <name>Interrupt_enable</name>
         <value>0x206de5</value>
         <object_component_ref idref="oc-c1"/>
      </symbol>
      <symbol id="sm-114c">
         <name>Interrupt_registerHandler</name>
         <value>0x20785d</value>
         <object_component_ref idref="oc-bb"/>
      </symbol>
      <symbol id="sm-1167">
         <name>memcpy</name>
         <value>0x206745</value>
         <object_component_ref idref="oc-62"/>
      </symbol>
      <symbol id="sm-1168">
         <name>__aeabi_memcpy</name>
         <value>0x206745</value>
         <object_component_ref idref="oc-62"/>
      </symbol>
      <symbol id="sm-1169">
         <name>__aeabi_memcpy8</name>
         <value>0x206745</value>
         <object_component_ref idref="oc-62"/>
      </symbol>
      <symbol id="sm-116a">
         <name>__aeabi_memcpy4</name>
         <value>0x206745</value>
         <object_component_ref idref="oc-62"/>
      </symbol>
      <symbol id="sm-117e">
         <name>__TI_zero_init_nomemset</name>
         <value>0x20835d</value>
         <object_component_ref idref="oc-6e"/>
      </symbol>
      <symbol id="sm-1195">
         <name>__TI_decompress_none</name>
         <value>0x208533</value>
         <object_component_ref idref="oc-22"/>
      </symbol>
      <symbol id="sm-11b8">
         <name>__TI_decompress_lzss</name>
         <value>0x207611</value>
         <object_component_ref idref="oc-1c"/>
      </symbol>
      <symbol id="sm-11ca">
         <name>__stack</name>
         <value>0x1fffc000</value>
         <object_component_ref idref="oc-51"/>
      </symbol>
      <symbol id="sm-11cb">
         <name>_c_int00_noargs</name>
         <value>0x208199</value>
         <object_component_ref idref="oc-80"/>
      </symbol>
      <symbol id="sm-11da">
         <name>__aeabi_memset</name>
         <value>0x206fe3</value>
         <object_component_ref idref="oc-13e"/>
      </symbol>
      <symbol id="sm-11db">
         <name>memset</name>
         <value>0x206fe9</value>
         <object_component_ref idref="oc-13e"/>
      </symbol>
      <symbol id="sm-11dc">
         <name>__aeabi_memset8</name>
         <value>0x206fe3</value>
         <object_component_ref idref="oc-13e"/>
      </symbol>
      <symbol id="sm-11dd">
         <name>__aeabi_memset4</name>
         <value>0x206fe3</value>
         <object_component_ref idref="oc-13e"/>
      </symbol>
      <symbol id="sm-11de">
         <name>__aeabi_memclr8</name>
         <value>0x206fe1</value>
         <object_component_ref idref="oc-13e"/>
      </symbol>
      <symbol id="sm-11df">
         <name>__aeabi_memclr4</name>
         <value>0x206fe1</value>
         <object_component_ref idref="oc-13e"/>
      </symbol>
      <symbol id="sm-11e0">
         <name>__aeabi_memclr</name>
         <value>0x206fe1</value>
         <object_component_ref idref="oc-13e"/>
      </symbol>
      <symbol id="sm-1208">
         <name>__TI_auto_init_nobinit_nopinit</name>
         <value>0x207b3d</value>
         <object_component_ref idref="oc-268"/>
      </symbol>
      <symbol id="sm-1212">
         <name>_system_pre_init</name>
         <value>0x2085a5</value>
         <object_component_ref idref="oc-144"/>
      </symbol>
      <symbol id="sm-121e">
         <name>C$$EXIT</name>
         <value>0x2085a9</value>
         <object_component_ref idref="oc-25c"/>
      </symbol>
      <symbol id="sm-121f">
         <name>abort</name>
         <value>0x2085a9</value>
         <object_component_ref idref="oc-25c"/>
      </symbol>
      <symbol id="sm-1234">
         <name>_nop</name>
         <value>0x203d33</value>
         <object_component_ref idref="oc-558"/>
      </symbol>
      <symbol id="sm-1235">
         <name>_lock</name>
         <value>0x2000c5d8</value>
         <object_component_ref idref="oc-3df"/>
      </symbol>
      <symbol id="sm-1236">
         <name>_unlock</name>
         <value>0x2000c5dc</value>
         <object_component_ref idref="oc-3df"/>
      </symbol>
      <symbol id="sm-126f">
         <name>ESCSS_configureEEPROMSize</name>
         <value>0x207d6d</value>
         <object_component_ref idref="oc-d9"/>
      </symbol>
      <symbol id="sm-1270">
         <name>ESCSS_configureSync0Connections</name>
         <value>0x2077a5</value>
         <object_component_ref idref="oc-103"/>
      </symbol>
      <symbol id="sm-1271">
         <name>ESCSS_configureSync1Connections</name>
         <value>0x207801</value>
         <object_component_ref idref="oc-109"/>
      </symbol>
      <symbol id="sm-12fa">
         <name>_sys_memory</name>
         <value>0x20008000</value>
         <object_component_ref idref="oc-54"/>
      </symbol>
      <symbol id="sm-12fb">
         <name>free</name>
         <value>0x2058ad</value>
         <object_component_ref idref="oc-535"/>
      </symbol>
      <symbol id="sm-12fc">
         <name>memalign</name>
         <value>0x2054cd</value>
         <object_component_ref idref="oc-80a"/>
      </symbol>
      <symbol id="sm-12fd">
         <name>malloc</name>
         <value>0x20858d</value>
         <object_component_ref idref="oc-695"/>
      </symbol>
      <symbol id="sm-12fe">
         <name>aligned_alloc</name>
         <value>0x2054cd</value>
         <object_component_ref idref="oc-80a"/>
      </symbol>
      <symbol id="sm-130c">
         <name>strlen</name>
         <value>0x2084c1</value>
         <object_component_ref idref="oc-91a"/>
      </symbol>
      <symbol id="sm-131c">
         <name>strncpy</name>
         <value>0x207de1</value>
         <object_component_ref idref="oc-928"/>
      </symbol>
      <symbol id="sm-131d">
         <name>__TI_static_base__</name>
         <value>0x208718</value>
      </symbol>
      <symbol id="sm-1323">
         <name>__mpu_init</name>
         <value>0x0</value>
      </symbol>
      <symbol id="sm-1324">
         <name>_system_post_cinit</name>
         <value>0x0</value>
      </symbol>
   </symbol_table>
   <title>Link successful</title>
</link_info>
