<?xml version="1.0" encoding="ISO-8859-1" ?>
<link_info>
   <banner>TMS320C2000 Linker PC v25.11.0.LTS</banner>
   <copyright>Copyright (c) 1996-2018 Texas Instruments Incorporated</copyright>
   <command_line>E:\CCS20\CCS20.5.0\ccs\tools\compiler\ti-cgt-c2000_25.11.0.LTS\bin\lnk2000.exe -lC:\\Users\\YANGSH~1\\AppData\\Local\\Temp\\{DF72A965-9AF7-4CDE-BCE5-A80B0E35785F}</command_line>
   <link_time>0x6a979668</link_time>
   <link_errors>0x0</link_errors>
   <output_file>C:\Users\yangshilin\Desktop\Embedded Learning\DSP_PMSM_project\TEST\me\c28388_4.0\Dual_CPU\cpu1\CPU1_FLASH\Driverlib Empty Dual Example CCS Project.out</output_file>
   <entry_point>
      <name>code_start</name>
      <address>0x80000</address>
   </entry_point>
   <input_file_list>
      <input_file id="fl-2">
         <path>C:\Users\yangshilin\Desktop\Embedded Learning\DSP_PMSM_project\TEST\me\c28388_4.0\Dual_CPU\cpu1\CPU1_FLASH\.\syscfg\</path>
         <kind>object</kind>
         <file>board.obj</file>
         <name>board.obj</name>
      </input_file>
      <input_file id="fl-3">
         <path>C:\Users\yangshilin\Desktop\Embedded Learning\DSP_PMSM_project\TEST\me\c28388_4.0\Dual_CPU\cpu1\CPU1_FLASH\.\syscfg\</path>
         <kind>object</kind>
         <file>device.obj</file>
         <name>device.obj</name>
      </input_file>
      <input_file id="fl-4">
         <path>C:\Users\yangshilin\Desktop\Embedded Learning\DSP_PMSM_project\TEST\me\c28388_4.0\Dual_CPU\cpu1\CPU1_FLASH\.\syscfg\</path>
         <kind>object</kind>
         <file>c2000ware_libraries.obj</file>
         <name>c2000ware_libraries.obj</name>
      </input_file>
      <input_file id="fl-5">
         <path>C:\Users\yangshilin\Desktop\Embedded Learning\DSP_PMSM_project\TEST\me\c28388_4.0\Dual_CPU\cpu1\CPU1_FLASH\.\</path>
         <kind>object</kind>
         <file>empty_c28x_dual_driverlib_main_cpu1.obj</file>
         <name>empty_c28x_dual_driverlib_main_cpu1.obj</name>
      </input_file>
      <input_file id="fl-6">
         <path>C:\Users\yangshilin\Desktop\Embedded Learning\DSP_PMSM_project\TEST\me\c28388_4.0\Dual_CPU\cpu1\CPU1_FLASH\.\APP\Closed_loop\</path>
         <kind>object</kind>
         <file>Startup_stage.obj</file>
         <name>Startup_stage.obj</name>
      </input_file>
      <input_file id="fl-7">
         <path>C:\Users\yangshilin\Desktop\Embedded Learning\DSP_PMSM_project\TEST\me\c28388_4.0\Dual_CPU\cpu1\CPU1_FLASH\.\APP\Closed_loop\</path>
         <kind>object</kind>
         <file>foc_svpwm.obj</file>
         <name>foc_svpwm.obj</name>
      </input_file>
      <input_file id="fl-8">
         <path>C:\Users\yangshilin\Desktop\Embedded Learning\DSP_PMSM_project\TEST\me\c28388_4.0\Dual_CPU\cpu1\CPU1_FLASH\.\APP\Closed_loop\</path>
         <kind>object</kind>
         <file>speed_pi.obj</file>
         <name>speed_pi.obj</name>
      </input_file>
      <input_file id="fl-9">
         <path>C:\Users\yangshilin\Desktop\Embedded Learning\DSP_PMSM_project\TEST\me\c28388_4.0\Dual_CPU\cpu1\CPU1_FLASH\.\APP\ecat\</path>
         <kind>object</kind>
         <file>ecat_gpio.obj</file>
         <name>ecat_gpio.obj</name>
      </input_file>
      <input_file id="fl-a">
         <path>C:\Users\yangshilin\Desktop\Embedded Learning\DSP_PMSM_project\TEST\me\c28388_4.0\Dual_CPU\cpu1\CPU1_FLASH\.\APP\ipc\</path>
         <kind>object</kind>
         <file>ipc_cpu1.obj</file>
         <name>ipc_cpu1.obj</name>
      </input_file>
      <input_file id="fl-b">
         <path>C:\Users\yangshilin\Desktop\Embedded Learning\DSP_PMSM_project\TEST\me\c28388_4.0\Dual_CPU\cpu1\CPU1_FLASH\.\APP\key\</path>
         <kind>object</kind>
         <file>key.obj</file>
         <name>key.obj</name>
      </input_file>
      <input_file id="fl-c">
         <path>C:\Users\yangshilin\Desktop\Embedded Learning\DSP_PMSM_project\TEST\me\c28388_4.0\Dual_CPU\cpu1\CPU1_FLASH\.\device\</path>
         <kind>object</kind>
         <file>f2838x_codestartbranch.obj</file>
         <name>f2838x_codestartbranch.obj</name>
      </input_file>
      <input_file id="fl-12">
         <path>C:\Users\yangshilin\Desktop\Embedded Learning\DSP_PMSM_project\TEST\me\c28388_4.0\Dual_CPU\cpu1\CPU1_FLASH\</path>
         <kind>object</kind>
         <file>&lt;internal&gt;</file>
         <name>&lt;internal&gt;</name>
      </input_file>
      <input_file id="fl-13">
         <path>C:\ti\c2000\C2000Ware_26_00_00_00\driverlib\f2838x\driverlib\ccs\Debug\</path>
         <kind>archive</kind>
         <file>driverlib.lib</file>
         <name>adc.obj</name>
      </input_file>
      <input_file id="fl-14">
         <path>C:\ti\c2000\C2000Ware_26_00_00_00\driverlib\f2838x\driverlib\ccs\Debug\</path>
         <kind>archive</kind>
         <file>driverlib.lib</file>
         <name>dcc.obj</name>
      </input_file>
      <input_file id="fl-15">
         <path>C:\ti\c2000\C2000Ware_26_00_00_00\driverlib\f2838x\driverlib\ccs\Debug\</path>
         <kind>archive</kind>
         <file>driverlib.lib</file>
         <name>eqep.obj</name>
      </input_file>
      <input_file id="fl-16">
         <path>C:\ti\c2000\C2000Ware_26_00_00_00\driverlib\f2838x\driverlib\ccs\Debug\</path>
         <kind>archive</kind>
         <file>driverlib.lib</file>
         <name>flash.obj</name>
      </input_file>
      <input_file id="fl-17">
         <path>C:\ti\c2000\C2000Ware_26_00_00_00\driverlib\f2838x\driverlib\ccs\Debug\</path>
         <kind>archive</kind>
         <file>driverlib.lib</file>
         <name>gpio.obj</name>
      </input_file>
      <input_file id="fl-18">
         <path>C:\ti\c2000\C2000Ware_26_00_00_00\driverlib\f2838x\driverlib\ccs\Debug\</path>
         <kind>archive</kind>
         <file>driverlib.lib</file>
         <name>interrupt.obj</name>
      </input_file>
      <input_file id="fl-19">
         <path>C:\ti\c2000\C2000Ware_26_00_00_00\driverlib\f2838x\driverlib\ccs\Debug\</path>
         <kind>archive</kind>
         <file>driverlib.lib</file>
         <name>ipc.obj</name>
      </input_file>
      <input_file id="fl-1a">
         <path>C:\ti\c2000\C2000Ware_26_00_00_00\driverlib\f2838x\driverlib\ccs\Debug\</path>
         <kind>archive</kind>
         <file>driverlib.lib</file>
         <name>sysctl.obj</name>
      </input_file>
      <input_file id="fl-26">
         <path>E:\CCS20\CCS20.5.0\ccs\tools\compiler\ti-cgt-c2000_25.11.0.LTS\lib\</path>
         <kind>archive</kind>
         <file>rts2800_fpu64_eabi.lib</file>
         <name>s_cosf.c.obj</name>
      </input_file>
      <input_file id="fl-27">
         <path>E:\CCS20\CCS20.5.0\ccs\tools\compiler\ti-cgt-c2000_25.11.0.LTS\lib\</path>
         <kind>archive</kind>
         <file>rts2800_fpu64_eabi.lib</file>
         <name>s_sinf.c.obj</name>
      </input_file>
      <input_file id="fl-28">
         <path>E:\CCS20\CCS20.5.0\ccs\tools\compiler\ti-cgt-c2000_25.11.0.LTS\lib\</path>
         <kind>archive</kind>
         <file>rts2800_fpu64_eabi.lib</file>
         <name>boot28.asm.obj</name>
      </input_file>
      <input_file id="fl-29">
         <path>E:\CCS20\CCS20.5.0\ccs\tools\compiler\ti-cgt-c2000_25.11.0.LTS\lib\</path>
         <kind>archive</kind>
         <file>rts2800_fpu64_eabi.lib</file>
         <name>fs_div28.asm.obj</name>
      </input_file>
      <input_file id="fl-2a">
         <path>E:\CCS20\CCS20.5.0\ccs\tools\compiler\ti-cgt-c2000_25.11.0.LTS\lib\</path>
         <kind>archive</kind>
         <file>rts2800_fpu64_eabi.lib</file>
         <name>ll_cmp28.asm.obj</name>
      </input_file>
      <input_file id="fl-2b">
         <path>E:\CCS20\CCS20.5.0\ccs\tools\compiler\ti-cgt-c2000_25.11.0.LTS\lib\</path>
         <kind>archive</kind>
         <file>rts2800_fpu64_eabi.lib</file>
         <name>memcpy.c.obj</name>
      </input_file>
      <input_file id="fl-2c">
         <path>E:\CCS20\CCS20.5.0\ccs\tools\compiler\ti-cgt-c2000_25.11.0.LTS\lib\</path>
         <kind>archive</kind>
         <file>rts2800_fpu64_eabi.lib</file>
         <name>pre_init.c.obj</name>
      </input_file>
      <input_file id="fl-2d">
         <path>E:\CCS20\CCS20.5.0\ccs\tools\compiler\ti-cgt-c2000_25.11.0.LTS\lib\</path>
         <kind>archive</kind>
         <file>rts2800_fpu64_eabi.lib</file>
         <name>autoinit.c.obj</name>
      </input_file>
      <input_file id="fl-2e">
         <path>E:\CCS20\CCS20.5.0\ccs\tools\compiler\ti-cgt-c2000_25.11.0.LTS\lib\</path>
         <kind>archive</kind>
         <file>rts2800_fpu64_eabi.lib</file>
         <name>copy_zero_init.c.obj</name>
      </input_file>
      <input_file id="fl-2f">
         <path>E:\CCS20\CCS20.5.0\ccs\tools\compiler\ti-cgt-c2000_25.11.0.LTS\lib\</path>
         <kind>archive</kind>
         <file>rts2800_fpu64_eabi.lib</file>
         <name>copy_decompress_none.c.obj</name>
      </input_file>
      <input_file id="fl-30">
         <path>E:\CCS20\CCS20.5.0\ccs\tools\compiler\ti-cgt-c2000_25.11.0.LTS\lib\</path>
         <kind>archive</kind>
         <file>rts2800_fpu64_eabi.lib</file>
         <name>copy_decompress_lzss.c.obj</name>
      </input_file>
      <input_file id="fl-31">
         <path>E:\CCS20\CCS20.5.0\ccs\tools\compiler\ti-cgt-c2000_25.11.0.LTS\lib\</path>
         <kind>archive</kind>
         <file>rts2800_fpu64_eabi.lib</file>
         <name>exit.c.obj</name>
      </input_file>
      <input_file id="fl-32">
         <path>E:\CCS20\CCS20.5.0\ccs\tools\compiler\ti-cgt-c2000_25.11.0.LTS\lib\</path>
         <kind>archive</kind>
         <file>rts2800_fpu64_eabi.lib</file>
         <name>_lock.c.obj</name>
      </input_file>
      <input_file id="fl-33">
         <path>E:\CCS20\CCS20.5.0\ccs\tools\compiler\ti-cgt-c2000_25.11.0.LTS\lib\</path>
         <kind>archive</kind>
         <file>rts2800_fpu64_eabi.lib</file>
         <name>args_main.c.obj</name>
      </input_file>
      <input_file id="fl-34">
         <path>E:\CCS20\CCS20.5.0\ccs\tools\compiler\ti-cgt-c2000_25.11.0.LTS\lib\</path>
         <kind>archive</kind>
         <file>rts2800_fpu64_eabi.lib</file>
         <name>memset.c.obj</name>
      </input_file>
      <input_file id="fl-35">
         <path>E:\CCS20\CCS20.5.0\ccs\tools\compiler\ti-cgt-c2000_25.11.0.LTS\lib\</path>
         <kind>archive</kind>
         <file>rts2800_fpu64_eabi.lib</file>
         <name>cpy_tbl.c.obj</name>
      </input_file>
      <input_file id="fl-36">
         <path>E:\CCS20\CCS20.5.0\ccs\tools\compiler\ti-cgt-c2000_25.11.0.LTS\lib\</path>
         <kind>archive</kind>
         <file>rts2800_fpu64_eabi.lib</file>
         <name>startup.c.obj</name>
      </input_file>
   </input_file_list>
   <object_component_list>
      <object_component id="oc-2a">
         <name>codestart</name>
         <load_address>0x80000</load_address>
         <readonly>true</readonly>
         <executable>true</executable>
         <run_address>0x80000</run_address>
         <size>0x2</size>
         <alignment>0x1</alignment>
         <input_file_ref idref="fl-c"/>
      </object_component>
      <object_component id="oc-2f1">
         <name>.text:SYSCTL_init</name>
         <load_address>0x82000</load_address>
         <readonly>true</readonly>
         <executable>true</executable>
         <run_address>0x82000</run_address>
         <size>0x7bd</size>
         <alignment>0x1</alignment>
         <input_file_ref idref="fl-2"/>
      </object_component>
      <object_component id="oc-303">
         <name>.text:EPWM_init</name>
         <load_address>0x827bd</load_address>
         <readonly>true</readonly>
         <executable>true</executable>
         <run_address>0x827bd</run_address>
         <size>0x2f6</size>
         <alignment>0x1</alignment>
         <input_file_ref idref="fl-2"/>
      </object_component>
      <object_component id="oc-23f">
         <name>.text:FOC_CalculateSectorTimes</name>
         <load_address>0x82ab3</load_address>
         <readonly>true</readonly>
         <executable>true</executable>
         <run_address>0x82ab3</run_address>
         <size>0x1ef</size>
         <alignment>0x1</alignment>
         <input_file_ref idref="fl-7"/>
      </object_component>
      <object_component id="oc-104">
         <name>.text:ECAT_GPIO_init</name>
         <load_address>0x82ca2</load_address>
         <readonly>true</readonly>
         <executable>true</executable>
         <run_address>0x82ca2</run_address>
         <size>0x17d</size>
         <alignment>0x1</alignment>
         <input_file_ref idref="fl-9"/>
      </object_component>
      <object_component id="oc-273">
         <name>.text:SysCtl_setClock</name>
         <load_address>0x82e1f</load_address>
         <readonly>true</readonly>
         <executable>true</executable>
         <run_address>0x82e1f</run_address>
         <size>0x13b</size>
         <alignment>0x1</alignment>
         <input_file_ref idref="fl-1a"/>
      </object_component>
      <object_component id="oc-490">
         <name>.text:SysCtl_isPLLValid</name>
         <load_address>0x82f5a</load_address>
         <readonly>true</readonly>
         <executable>true</executable>
         <run_address>0x82f5a</run_address>
         <size>0x118</size>
         <alignment>0x1</alignment>
         <input_file_ref idref="fl-1a"/>
      </object_component>
      <object_component id="oc-27f">
         <name>.text:SysCtl_setAuxClock</name>
         <load_address>0x83072</load_address>
         <readonly>true</readonly>
         <executable>true</executable>
         <run_address>0x83072</run_address>
         <size>0x118</size>
         <alignment>0x1</alignment>
         <input_file_ref idref="fl-1a"/>
      </object_component>
      <object_component id="oc-1a1">
         <name>.text:IPC_CPU1_ExecuteCommand</name>
         <load_address>0x8318a</load_address>
         <readonly>true</readonly>
         <executable>true</executable>
         <run_address>0x8318a</run_address>
         <size>0xf5</size>
         <alignment>0x1</alignment>
         <input_file_ref idref="fl-a"/>
      </object_component>
      <object_component id="oc-476">
         <name>.text:DCC_verifyClockFrequency</name>
         <load_address>0x8327f</load_address>
         <readonly>true</readonly>
         <executable>true</executable>
         <run_address>0x8327f</run_address>
         <size>0xcb</size>
         <alignment>0x1</alignment>
         <input_file_ref idref="fl-14"/>
      </object_component>
      <object_component id="oc-35">
         <name>.text:epwm1ISR</name>
         <load_address>0x8334a</load_address>
         <readonly>true</readonly>
         <executable>true</executable>
         <run_address>0x8334a</run_address>
         <size>0xaa</size>
         <alignment>0x1</alignment>
         <input_file_ref idref="fl-5"/>
      </object_component>
      <object_component id="oc-2eb">
         <name>.text:PinMux_init</name>
         <load_address>0x833f4</load_address>
         <readonly>true</readonly>
         <executable>true</executable>
         <run_address>0x833f4</run_address>
         <size>0xa2</size>
         <alignment>0x1</alignment>
         <input_file_ref idref="fl-2"/>
      </object_component>
      <object_component id="oc-39">
         <name>.text:main</name>
         <load_address>0x83496</load_address>
         <readonly>true</readonly>
         <executable>true</executable>
         <run_address>0x83496</run_address>
         <size>0x9f</size>
         <alignment>0x1</alignment>
         <input_file_ref idref="fl-5"/>
      </object_component>
      <object_component id="oc-e6">
         <name>.text:Device_init</name>
         <load_address>0x83535</load_address>
         <readonly>true</readonly>
         <executable>true</executable>
         <run_address>0x83535</run_address>
         <size>0x93</size>
         <alignment>0x1</alignment>
         <input_file_ref idref="fl-3"/>
      </object_component>
      <object_component id="oc-a6">
         <name>.text</name>
         <load_address>0x835c8</load_address>
         <readonly>true</readonly>
         <executable>true</executable>
         <run_address>0x835c8</run_address>
         <size>0x88</size>
         <alignment>0x1</alignment>
         <input_file_ref idref="fl-29"/>
      </object_component>
      <object_component id="oc-5bf">
         <name>.text:EPWM_setADCTriggerSource</name>
         <load_address>0x83650</load_address>
         <readonly>true</readonly>
         <executable>true</executable>
         <run_address>0x83650</run_address>
         <size>0x75</size>
         <alignment>0x1</alignment>
         <input_file_ref idref="fl-2"/>
      </object_component>
      <object_component id="oc-6eb">
         <name>.text:DCC_setCounterSeeds</name>
         <load_address>0x836c5</load_address>
         <readonly>true</readonly>
         <executable>true</executable>
         <run_address>0x836c5</run_address>
         <size>0x73</size>
         <alignment>0x1</alignment>
         <input_file_ref idref="fl-14"/>
      </object_component>
      <object_component id="oc-756">
         <name>.text:DCC_setCounterSeeds</name>
         <load_address>0x83738</load_address>
         <readonly>true</readonly>
         <executable>true</executable>
         <run_address>0x83738</run_address>
         <size>0x73</size>
         <alignment>0x1</alignment>
         <input_file_ref idref="fl-1a"/>
      </object_component>
      <object_component id="oc-b7">
         <name>.text:PMSM_PID_Update</name>
         <load_address>0x837ab</load_address>
         <readonly>true</readonly>
         <executable>true</executable>
         <run_address>0x837ab</run_address>
         <size>0x71</size>
         <alignment>0x1</alignment>
         <input_file_ref idref="fl-8"/>
      </object_component>
      <object_component id="oc-4d">
         <name>.text:IPC_CPU1_CM_1_ISR</name>
         <load_address>0x8381c</load_address>
         <readonly>true</readonly>
         <executable>true</executable>
         <run_address>0x8381c</run_address>
         <size>0x6e</size>
         <alignment>0x1</alignment>
         <input_file_ref idref="fl-a"/>
      </object_component>
      <object_component id="oc-3fb">
         <name>.text</name>
         <load_address>0x8388a</load_address>
         <readonly>true</readonly>
         <executable>true</executable>
         <run_address>0x8388a</run_address>
         <size>0x6e</size>
         <alignment>0x1</alignment>
         <input_file_ref idref="fl-27"/>
      </object_component>
      <object_component id="oc-8c5">
         <name>.text:ADC_setINLTrim</name>
         <load_address>0x838f8</load_address>
         <readonly>true</readonly>
         <executable>true</executable>
         <run_address>0x838f8</run_address>
         <size>0x6c</size>
         <alignment>0x1</alignment>
         <input_file_ref idref="fl-13"/>
      </object_component>
      <object_component id="oc-5d8">
         <name>.text:myEQEP0_init</name>
         <load_address>0x83964</load_address>
         <readonly>true</readonly>
         <executable>true</executable>
         <run_address>0x83964</run_address>
         <size>0x6b</size>
         <alignment>0x1</alignment>
         <input_file_ref idref="fl-2"/>
      </object_component>
      <object_component id="oc-1db">
         <name>.text:IPC_initMessageQueue</name>
         <load_address>0x839cf</load_address>
         <readonly>true</readonly>
         <executable>true</executable>
         <run_address>0x839cf</run_address>
         <size>0x64</size>
         <alignment>0x1</alignment>
         <input_file_ref idref="fl-19"/>
      </object_component>
      <object_component id="oc-401">
         <name>.text</name>
         <load_address>0x83a33</load_address>
         <readonly>true</readonly>
         <executable>true</executable>
         <run_address>0x83a33</run_address>
         <size>0x63</size>
         <alignment>0x1</alignment>
         <input_file_ref idref="fl-26"/>
      </object_component>
      <object_component id="oc-41">
         <name>.text:IPC_1_ISR</name>
         <load_address>0x83a96</load_address>
         <readonly>true</readonly>
         <executable>true</executable>
         <run_address>0x83a96</run_address>
         <size>0x62</size>
         <alignment>0x1</alignment>
         <input_file_ref idref="fl-a"/>
      </object_component>
      <object_component id="oc-1b0">
         <name>.text:IPC_readMessageFromQueue</name>
         <load_address>0x83af8</load_address>
         <readonly>true</readonly>
         <executable>true</executable>
         <run_address>0x83af8</run_address>
         <size>0x62</size>
         <alignment>0x1</alignment>
         <input_file_ref idref="fl-19"/>
      </object_component>
      <object_component id="oc-2ce">
         <name>.text:SysCtl_getAuxClock</name>
         <load_address>0x83b5a</load_address>
         <readonly>true</readonly>
         <executable>true</executable>
         <run_address>0x83b5a</run_address>
         <size>0x61</size>
         <alignment>0x1</alignment>
         <input_file_ref idref="fl-1a"/>
      </object_component>
      <object_component id="oc-2c1">
         <name>.text:SysCtl_getClock</name>
         <load_address>0x83bbb</load_address>
         <readonly>true</readonly>
         <executable>true</executable>
         <run_address>0x83bbb</run_address>
         <size>0x60</size>
         <alignment>0x1</alignment>
         <input_file_ref idref="fl-1a"/>
      </object_component>
      <object_component id="oc-28b">
         <name>.text:SysCtl_selectOscSourceAuxPLL</name>
         <load_address>0x83c1b</load_address>
         <readonly>true</readonly>
         <executable>true</executable>
         <run_address>0x83c1b</run_address>
         <size>0x5e</size>
         <alignment>0x1</alignment>
         <input_file_ref idref="fl-1a"/>
      </object_component>
      <object_component id="oc-8cb">
         <name>.text:ADC_setOffsetTrim</name>
         <load_address>0x83c79</load_address>
         <readonly>true</readonly>
         <executable>true</executable>
         <run_address>0x83c79</run_address>
         <size>0x5d</size>
         <alignment>0x1</alignment>
         <input_file_ref idref="fl-13"/>
      </object_component>
      <object_component id="oc-14c">
         <name>.text:Rotor_Positioning2</name>
         <load_address>0x83cd6</load_address>
         <readonly>true</readonly>
         <executable>true</executable>
         <run_address>0x83cd6</run_address>
         <size>0x5c</size>
         <alignment>0x1</alignment>
         <input_file_ref idref="fl-6"/>
      </object_component>
      <object_component id="oc-39c">
         <name>.text:IPC_sendMessageToQueue</name>
         <load_address>0x83d32</load_address>
         <readonly>true</readonly>
         <executable>true</executable>
         <run_address>0x83d32</run_address>
         <size>0x5a</size>
         <alignment>0x1</alignment>
         <input_file_ref idref="fl-19"/>
      </object_component>
      <object_component id="oc-245">
         <name>.text:FOC_CalculatePWMValues</name>
         <load_address>0x83d8c</load_address>
         <readonly>true</readonly>
         <executable>true</executable>
         <run_address>0x83d8c</run_address>
         <size>0x59</size>
         <alignment>0x1</alignment>
         <input_file_ref idref="fl-7"/>
      </object_component>
      <object_component id="oc-328">
         <name>.text:GPIO_setPadConfig</name>
         <load_address>0x83de5</load_address>
         <readonly>true</readonly>
         <executable>true</executable>
         <run_address>0x83de5</run_address>
         <size>0x52</size>
         <alignment>0x1</alignment>
         <input_file_ref idref="fl-17"/>
      </object_component>
      <object_component id="oc-194">
         <name>.text:Key_Process</name>
         <load_address>0x83e37</load_address>
         <readonly>true</readonly>
         <executable>true</executable>
         <run_address>0x83e37</run_address>
         <size>0x4c</size>
         <alignment>0x1</alignment>
         <input_file_ref idref="fl-b"/>
      </object_component>
      <object_component id="oc-7a7">
         <name>.text:EPWM_isBaseValid</name>
         <load_address>0x83e83</load_address>
         <readonly>true</readonly>
         <executable>true</executable>
         <run_address>0x83e83</run_address>
         <size>0x4b</size>
         <alignment>0x1</alignment>
         <input_file_ref idref="fl-2"/>
      </object_component>
      <object_component id="oc-254">
         <name>.text:EPWM_isBaseValid</name>
         <load_address>0x83ece</load_address>
         <readonly>true</readonly>
         <executable>true</executable>
         <run_address>0x83ece</run_address>
         <size>0x4b</size>
         <alignment>0x1</alignment>
         <input_file_ref idref="fl-5"/>
      </object_component>
      <object_component id="oc-427">
         <name>.text:EPWM_isBaseValid</name>
         <load_address>0x83f19</load_address>
         <readonly>true</readonly>
         <executable>true</executable>
         <run_address>0x83f19</run_address>
         <size>0x4b</size>
         <alignment>0x1</alignment>
         <input_file_ref idref="fl-7"/>
      </object_component>
      <object_component id="oc-5ad">
         <name>.text:EPWM_setInterruptSource</name>
         <load_address>0x83f64</load_address>
         <readonly>true</readonly>
         <executable>true</executable>
         <run_address>0x83f64</run_address>
         <size>0x4b</size>
         <alignment>0x1</alignment>
         <input_file_ref idref="fl-2"/>
      </object_component>
      <object_component id="oc-19a">
         <name>.text:IPC_CPU1_PollSend</name>
         <load_address>0x83faf</load_address>
         <readonly>true</readonly>
         <executable>true</executable>
         <run_address>0x83faf</run_address>
         <size>0x4a</size>
         <alignment>0x1</alignment>
         <input_file_ref idref="fl-a"/>
      </object_component>
      <object_component id="oc-116">
         <name>.text:IPC_CPU1_CM_SyncWithCM</name>
         <load_address>0x83ff9</load_address>
         <readonly>true</readonly>
         <executable>true</executable>
         <run_address>0x83ff9</run_address>
         <size>0x7</size>
         <alignment>0x1</alignment>
         <input_file_ref idref="fl-a"/>
      </object_component>
      <object_component id="oc-484">
         <name>.text:SysCtl_selectOscSource</name>
         <load_address>0x84000</load_address>
         <readonly>true</readonly>
         <executable>true</executable>
         <run_address>0x84000</run_address>
         <size>0x47</size>
         <alignment>0x1</alignment>
         <input_file_ref idref="fl-1a"/>
      </object_component>
      <object_component id="oc-49b">
         <name>.text:SysCtl_pollX1Counter</name>
         <load_address>0x84047</load_address>
         <readonly>true</readonly>
         <executable>true</executable>
         <run_address>0x84047</run_address>
         <size>0x44</size>
         <alignment>0x1</alignment>
         <input_file_ref idref="fl-1a"/>
      </object_component>
      <object_component id="oc-7dd">
         <name>.text:EQEP_setInputPolarity</name>
         <load_address>0x8408b</load_address>
         <readonly>true</readonly>
         <executable>true</executable>
         <run_address>0x8408b</run_address>
         <size>0x43</size>
         <alignment>0x1</alignment>
         <input_file_ref idref="fl-15"/>
      </object_component>
      <object_component id="oc-c9">
         <name>.text:FOC_SVPWM_Update</name>
         <load_address>0x840ce</load_address>
         <readonly>true</readonly>
         <executable>true</executable>
         <run_address>0x840ce</run_address>
         <size>0x41</size>
         <alignment>0x1</alignment>
         <input_file_ref idref="fl-7"/>
      </object_component>
      <object_component id="oc-55f">
         <name>.text:EPWM_setActionQualifierAction</name>
         <load_address>0x8410f</load_address>
         <readonly>true</readonly>
         <executable>true</executable>
         <run_address>0x8410f</run_address>
         <size>0x40</size>
         <alignment>0x1</alignment>
         <input_file_ref idref="fl-2"/>
      </object_component>
      <object_component id="oc-718">
         <name>.text:SysCtl_selectXTAL</name>
         <load_address>0x8414f</load_address>
         <readonly>true</readonly>
         <executable>true</executable>
         <run_address>0x8414f</run_address>
         <size>0x40</size>
         <alignment>0x1</alignment>
         <input_file_ref idref="fl-1a"/>
      </object_component>
      <object_component id="oc-54d">
         <name>.text:EPWM_setCounterCompareShadowLoadMode</name>
         <load_address>0x8418f</load_address>
         <readonly>true</readonly>
         <executable>true</executable>
         <run_address>0x8418f</run_address>
         <size>0x3e</size>
         <alignment>0x1</alignment>
         <input_file_ref idref="fl-2"/>
      </object_component>
      <object_component id="oc-f2">
         <name>.text:Interrupt_initModule</name>
         <load_address>0x841cd</load_address>
         <readonly>true</readonly>
         <executable>true</executable>
         <run_address>0x841cd</run_address>
         <size>0x3d</size>
         <alignment>0x1</alignment>
         <input_file_ref idref="fl-18"/>
      </object_component>
      <object_component id="oc-84c">
         <name>.text:GPIO_readPin</name>
         <load_address>0x8420a</load_address>
         <readonly>true</readonly>
         <executable>true</executable>
         <run_address>0x8420a</run_address>
         <size>0x3c</size>
         <alignment>0x1</alignment>
         <input_file_ref idref="fl-b"/>
      </object_component>
      <object_component id="oc-3a2">
         <name>.text:IPC_CPU1_SendStatusToCM</name>
         <load_address>0x84246</load_address>
         <readonly>true</readonly>
         <executable>true</executable>
         <run_address>0x84246</run_address>
         <size>0x3b</size>
         <alignment>0x1</alignment>
         <input_file_ref idref="fl-a"/>
      </object_component>
      <object_component id="oc-5c5">
         <name>.text:EPWM_setADCTriggerEventPrescale</name>
         <load_address>0x84281</load_address>
         <readonly>true</readonly>
         <executable>true</executable>
         <run_address>0x84281</run_address>
         <size>0x3a</size>
         <alignment>0x1</alignment>
         <input_file_ref idref="fl-2"/>
      </object_component>
      <object_component id="oc-559">
         <name>.text:EPWM_setActionQualifierShadowLoadMode</name>
         <load_address>0x842bb</load_address>
         <readonly>true</readonly>
         <executable>true</executable>
         <run_address>0x842bb</run_address>
         <size>0x3a</size>
         <alignment>0x1</alignment>
         <input_file_ref idref="fl-2"/>
      </object_component>
      <object_component id="oc-152">
         <name>.text:PMSM_PID_Init</name>
         <load_address>0x842f5</load_address>
         <readonly>true</readonly>
         <executable>true</executable>
         <run_address>0x842f5</run_address>
         <size>0x39</size>
         <alignment>0x1</alignment>
         <input_file_ref idref="fl-8"/>
      </object_component>
      <object_component id="oc-35d">
         <name>.text:GPIO_setControllerCore</name>
         <load_address>0x8432e</load_address>
         <readonly>true</readonly>
         <executable>true</executable>
         <run_address>0x8432e</run_address>
         <size>0x37</size>
         <alignment>0x1</alignment>
         <input_file_ref idref="fl-17"/>
      </object_component>
      <object_component id="oc-31c">
         <name>.text:GPIO_setPinConfig</name>
         <load_address>0x84365</load_address>
         <readonly>true</readonly>
         <executable>true</executable>
         <run_address>0x84365</run_address>
         <size>0x37</size>
         <alignment>0x1</alignment>
         <input_file_ref idref="fl-17"/>
      </object_component>
      <object_component id="oc-322">
         <name>.text:GPIO_setQualificationMode</name>
         <load_address>0x8439c</load_address>
         <readonly>true</readonly>
         <executable>true</executable>
         <run_address>0x8439c</run_address>
         <size>0x37</size>
         <alignment>0x1</alignment>
         <input_file_ref idref="fl-17"/>
      </object_component>
      <object_component id="oc-18e">
         <name>.text:Interrupt_enable</name>
         <load_address>0x843d3</load_address>
         <readonly>true</readonly>
         <executable>true</executable>
         <run_address>0x843d3</run_address>
         <size>0x37</size>
         <alignment>0x1</alignment>
         <input_file_ref idref="fl-18"/>
      </object_component>
      <object_component id="oc-17c">
         <name>.text:Key_Init</name>
         <load_address>0x8440a</load_address>
         <readonly>true</readonly>
         <executable>true</executable>
         <run_address>0x8440a</run_address>
         <size>0x37</size>
         <alignment>0x1</alignment>
         <input_file_ref idref="fl-b"/>
      </object_component>
      <object_component id="oc-291">
         <name>.text:CAN_selectClockSource</name>
         <load_address>0x84441</load_address>
         <readonly>true</readonly>
         <executable>true</executable>
         <run_address>0x84441</run_address>
         <size>0x36</size>
         <alignment>0x1</alignment>
         <input_file_ref idref="fl-3"/>
      </object_component>
      <object_component id="oc-1e1">
         <name>.text:IPC_registerInterrupt</name>
         <load_address>0x84477</load_address>
         <readonly>true</readonly>
         <executable>true</executable>
         <run_address>0x84477</run_address>
         <size>0x36</size>
         <alignment>0x1</alignment>
         <input_file_ref idref="fl-19"/>
      </object_component>
      <object_component id="oc-4c6">
         <name>.text:SysCtl_configureType</name>
         <load_address>0x844ad</load_address>
         <readonly>true</readonly>
         <executable>true</executable>
         <run_address>0x844ad</run_address>
         <size>0x36</size>
         <alignment>0x1</alignment>
         <input_file_ref idref="fl-1a"/>
      </object_component>
      <object_component id="oc-140">
         <name>.text:FOC_InitVariables</name>
         <load_address>0x844e3</load_address>
         <readonly>true</readonly>
         <executable>true</executable>
         <run_address>0x844e3</run_address>
         <size>0x31</size>
         <alignment>0x1</alignment>
         <input_file_ref idref="fl-7"/>
      </object_component>
      <object_component id="oc-32e">
         <name>.text:GPIO_setDirectionMode</name>
         <load_address>0x84514</load_address>
         <readonly>true</readonly>
         <executable>true</executable>
         <run_address>0x84514</run_address>
         <size>0x31</size>
         <alignment>0x1</alignment>
         <input_file_ref idref="fl-17"/>
      </object_component>
      <object_component id="oc-7d1">
         <name>.text:EQEP_selectSource</name>
         <load_address>0x84545</load_address>
         <readonly>true</readonly>
         <executable>true</executable>
         <run_address>0x84545</run_address>
         <size>0x30</size>
         <alignment>0x1</alignment>
         <input_file_ref idref="fl-2"/>
      </object_component>
      <object_component id="oc-233">
         <name>.text:FOC_VoltageCalculation</name>
         <load_address>0x84575</load_address>
         <readonly>true</readonly>
         <executable>true</executable>
         <run_address>0x84575</run_address>
         <size>0x2f</size>
         <alignment>0x1</alignment>
         <input_file_ref idref="fl-7"/>
      </object_component>
      <object_component id="oc-1d">
         <name>.text:decompress:lzss</name>
         <load_address>0x845a4</load_address>
         <readonly>true</readonly>
         <executable>true</executable>
         <run_address>0x845a4</run_address>
         <size>0x2e</size>
         <alignment>0x1</alignment>
         <input_file_ref idref="fl-30"/>
      </object_component>
      <object_component id="oc-571">
         <name>.text:EPWM_setDeadBandDelayMode</name>
         <load_address>0x845d2</load_address>
         <readonly>true</readonly>
         <executable>true</executable>
         <run_address>0x845d2</run_address>
         <size>0x2c</size>
         <alignment>0x1</alignment>
         <input_file_ref idref="fl-2"/>
      </object_component>
      <object_component id="oc-239">
         <name>.text:FOC_GetSector</name>
         <load_address>0x845fe</load_address>
         <readonly>true</readonly>
         <executable>true</executable>
         <run_address>0x845fe</run_address>
         <size>0x2b</size>
         <alignment>0x1</alignment>
         <input_file_ref idref="fl-7"/>
      </object_component>
      <object_component id="oc-408">
         <name>.text:FOC_InvPark</name>
         <load_address>0x84629</load_address>
         <readonly>true</readonly>
         <executable>true</executable>
         <run_address>0x84629</run_address>
         <size>0x2b</size>
         <alignment>0x1</alignment>
         <input_file_ref idref="fl-7"/>
      </object_component>
      <object_component id="oc-11c">
         <name>.text:IPC_CPU1_AssignSCIAtoCPU2</name>
         <load_address>0x84654</load_address>
         <readonly>true</readonly>
         <executable>true</executable>
         <run_address>0x84654</run_address>
         <size>0x2b</size>
         <alignment>0x1</alignment>
         <input_file_ref idref="fl-a"/>
      </object_component>
      <object_component id="oc-669">
         <name>.text:__TI_auto_init_nobinit_nopinit</name>
         <load_address>0x8467f</load_address>
         <readonly>true</readonly>
         <executable>true</executable>
         <run_address>0x8467f</run_address>
         <size>0x2b</size>
         <alignment>0x1</alignment>
         <input_file_ref idref="fl-2d"/>
      </object_component>
      <object_component id="oc-ab">
         <name>.text:wrap_angle_0_to_2pi</name>
         <load_address>0x846aa</load_address>
         <readonly>true</readonly>
         <executable>true</executable>
         <run_address>0x846aa</run_address>
         <size>0x2b</size>
         <alignment>0x1</alignment>
         <input_file_ref idref="fl-5"/>
      </object_component>
      <object_component id="oc-4de">
         <name>.text:SysCtl_selectCPUForPeripheral</name>
         <load_address>0x846d5</load_address>
         <readonly>true</readonly>
         <executable>true</executable>
         <run_address>0x846d5</run_address>
         <size>0x2a</size>
         <alignment>0x1</alignment>
         <input_file_ref idref="fl-2"/>
      </object_component>
      <object_component id="oc-3e8">
         <name>.text</name>
         <load_address>0x846ff</load_address>
         <readonly>true</readonly>
         <executable>true</executable>
         <run_address>0x846ff</run_address>
         <size>0x29</size>
         <alignment>0x1</alignment>
         <input_file_ref idref="fl-31"/>
      </object_component>
      <object_component id="oc-782">
         <name>.text:ADC_setMode</name>
         <load_address>0x84728</load_address>
         <readonly>true</readonly>
         <executable>true</executable>
         <run_address>0x84728</run_address>
         <size>0x28</size>
         <alignment>0x1</alignment>
         <input_file_ref idref="fl-13"/>
      </object_component>
      <object_component id="oc-5b3">
         <name>.text:EPWM_setInterruptEventCount</name>
         <load_address>0x84750</load_address>
         <readonly>true</readonly>
         <executable>true</executable>
         <run_address>0x84750</run_address>
         <size>0x28</size>
         <alignment>0x1</alignment>
         <input_file_ref idref="fl-2"/>
      </object_component>
      <object_component id="oc-357">
         <name>.text:SysCtl_selectCPUForPeripheralInstance</name>
         <load_address>0x84778</load_address>
         <readonly>true</readonly>
         <executable>true</executable>
         <run_address>0x84778</run_address>
         <size>0x28</size>
         <alignment>0x1</alignment>
         <input_file_ref idref="fl-a"/>
      </object_component>
      <object_component id="oc-50a">
         <name>.text:myADC1_init</name>
         <load_address>0x847a0</load_address>
         <readonly>true</readonly>
         <executable>true</executable>
         <run_address>0x847a0</run_address>
         <size>0x27</size>
         <alignment>0x1</alignment>
         <input_file_ref idref="fl-2"/>
      </object_component>
      <object_component id="oc-15e">
         <name>.text:PMSM_PID_SetOutputLimit</name>
         <load_address>0x847c7</load_address>
         <readonly>true</readonly>
         <executable>true</executable>
         <run_address>0x847c7</run_address>
         <size>0x25</size>
         <alignment>0x1</alignment>
         <input_file_ref idref="fl-8"/>
      </object_component>
      <object_component id="oc-343">
         <name>.text:SysCtl_controlCMReset</name>
         <load_address>0x847ec</load_address>
         <readonly>true</readonly>
         <executable>true</executable>
         <run_address>0x847ec</run_address>
         <size>0x25</size>
         <alignment>0x1</alignment>
         <input_file_ref idref="fl-1a"/>
      </object_component>
      <object_component id="oc-71e">
         <name>.text:SysCtl_selectXTALSingleEnded</name>
         <load_address>0x84811</load_address>
         <readonly>true</readonly>
         <executable>true</executable>
         <run_address>0x84811</run_address>
         <size>0x25</size>
         <alignment>0x1</alignment>
         <input_file_ref idref="fl-1a"/>
      </object_component>
      <object_component id="oc-6f1">
         <name>.text:DCC_enableSingleShotMode</name>
         <load_address>0x84836</load_address>
         <readonly>true</readonly>
         <executable>true</executable>
         <run_address>0x84836</run_address>
         <size>0x24</size>
         <alignment>0x1</alignment>
         <input_file_ref idref="fl-14"/>
      </object_component>
      <object_component id="oc-75c">
         <name>.text:DCC_enableSingleShotMode</name>
         <load_address>0x8485a</load_address>
         <readonly>true</readonly>
         <executable>true</executable>
         <run_address>0x8485a</run_address>
         <size>0x24</size>
         <alignment>0x1</alignment>
         <input_file_ref idref="fl-1a"/>
      </object_component>
      <object_component id="oc-553">
         <name>.text:EPWM_disableCounterCompareShadowLoadMode</name>
         <load_address>0x8487e</load_address>
         <readonly>true</readonly>
         <executable>true</executable>
         <run_address>0x8487e</run_address>
         <size>0x24</size>
         <alignment>0x1</alignment>
         <input_file_ref idref="fl-2"/>
      </object_component>
      <object_component id="oc-56b">
         <name>.text:EPWM_setDeadBandDelayPolarity</name>
         <load_address>0x848a2</load_address>
         <readonly>true</readonly>
         <executable>true</executable>
         <run_address>0x848a2</run_address>
         <size>0x24</size>
         <alignment>0x1</alignment>
         <input_file_ref idref="fl-2"/>
      </object_component>
      <object_component id="oc-51d">
         <name>.text:EPWM_setupEPWMLinks</name>
         <load_address>0x848c6</load_address>
         <readonly>true</readonly>
         <executable>true</executable>
         <run_address>0x848c6</run_address>
         <size>0x24</size>
         <alignment>0x1</alignment>
         <input_file_ref idref="fl-2"/>
      </object_component>
      <object_component id="oc-1cf">
         <name>.text:IPC_CPU1_SendAckToCM</name>
         <load_address>0x848ea</load_address>
         <readonly>true</readonly>
         <executable>true</executable>
         <run_address>0x848ea</run_address>
         <size>0x24</size>
         <alignment>0x1</alignment>
         <input_file_ref idref="fl-a"/>
      </object_component>
      <object_component id="oc-547">
         <name>.text:EPWM_setCounterCompareValue</name>
         <load_address>0x8490e</load_address>
         <readonly>true</readonly>
         <executable>true</executable>
         <run_address>0x8490e</run_address>
         <size>0x22</size>
         <alignment>0x1</alignment>
         <input_file_ref idref="fl-2"/>
      </object_component>
      <object_component id="oc-24d">
         <name>.text:EPWM_setCounterCompareValue</name>
         <load_address>0x84930</load_address>
         <readonly>true</readonly>
         <executable>true</executable>
         <run_address>0x84930</run_address>
         <size>0x22</size>
         <alignment>0x1</alignment>
         <input_file_ref idref="fl-7"/>
      </object_component>
      <object_component id="oc-ec">
         <name>.text:Device_initGPIO</name>
         <load_address>0x84952</load_address>
         <readonly>true</readonly>
         <executable>true</executable>
         <run_address>0x84952</run_address>
         <size>0x21</size>
         <alignment>0x1</alignment>
         <input_file_ref idref="fl-3"/>
      </object_component>
      <object_component id="oc-627">
         <name>.text:SysCtl_controlCPU2Reset</name>
         <load_address>0x84973</load_address>
         <readonly>true</readonly>
         <executable>true</executable>
         <run_address>0x84973</run_address>
         <size>0x21</size>
         <alignment>0x1</alignment>
         <input_file_ref idref="fl-1a"/>
      </object_component>
      <object_component id="oc-7a">
         <name>.text</name>
         <load_address>0x84994</load_address>
         <readonly>true</readonly>
         <executable>true</executable>
         <run_address>0x84994</run_address>
         <size>0x20</size>
         <alignment>0x1</alignment>
         <input_file_ref idref="fl-2b"/>
      </object_component>
      <object_component id="oc-13a">
         <name>.text:EPWM_clearTripZoneFlag</name>
         <load_address>0x849b4</load_address>
         <readonly>true</readonly>
         <executable>true</executable>
         <run_address>0x849b4</run_address>
         <size>0x1f</size>
         <alignment>0x1</alignment>
         <input_file_ref idref="fl-5"/>
      </object_component>
      <object_component id="oc-589">
         <name>.text:EPWM_setFallingEdgeDelayCountShadowLoadMode</name>
         <load_address>0x849d3</load_address>
         <readonly>true</readonly>
         <executable>true</executable>
         <run_address>0x849d3</run_address>
         <size>0x1f</size>
         <alignment>0x1</alignment>
         <input_file_ref idref="fl-2"/>
      </object_component>
      <object_component id="oc-577">
         <name>.text:EPWM_setRisingEdgeDelayCountShadowLoadMode</name>
         <load_address>0x849f2</load_address>
         <readonly>true</readonly>
         <executable>true</executable>
         <run_address>0x849f2</run_address>
         <size>0x1f</size>
         <alignment>0x1</alignment>
         <input_file_ref idref="fl-2"/>
      </object_component>
      <object_component id="oc-6df">
         <name>.text:DCC_setCounter0ClkSource</name>
         <load_address>0x84a11</load_address>
         <readonly>true</readonly>
         <executable>true</executable>
         <run_address>0x84a11</run_address>
         <size>0x1e</size>
         <alignment>0x1</alignment>
         <input_file_ref idref="fl-14"/>
      </object_component>
      <object_component id="oc-74a">
         <name>.text:DCC_setCounter0ClkSource</name>
         <load_address>0x84a2f</load_address>
         <readonly>true</readonly>
         <executable>true</executable>
         <run_address>0x84a2f</run_address>
         <size>0x1e</size>
         <alignment>0x1</alignment>
         <input_file_ref idref="fl-1a"/>
      </object_component>
      <object_component id="oc-6e5">
         <name>.text:DCC_setCounter1ClkSource</name>
         <load_address>0x84a4d</load_address>
         <readonly>true</readonly>
         <executable>true</executable>
         <run_address>0x84a4d</run_address>
         <size>0x1e</size>
         <alignment>0x1</alignment>
         <input_file_ref idref="fl-14"/>
      </object_component>
      <object_component id="oc-750">
         <name>.text:DCC_setCounter1ClkSource</name>
         <load_address>0x84a6b</load_address>
         <readonly>true</readonly>
         <executable>true</executable>
         <run_address>0x84a6b</run_address>
         <size>0x1e</size>
         <alignment>0x1</alignment>
         <input_file_ref idref="fl-1a"/>
      </object_component>
      <object_component id="oc-26d">
         <name>.text:Device_verifyXTAL</name>
         <load_address>0x84a89</load_address>
         <readonly>true</readonly>
         <executable>true</executable>
         <run_address>0x84a89</run_address>
         <size>0x1e</size>
         <alignment>0x1</alignment>
         <input_file_ref idref="fl-3"/>
      </object_component>
      <object_component id="oc-535">
         <name>.text:EPWM_setPhaseShift</name>
         <load_address>0x84aa7</load_address>
         <readonly>true</readonly>
         <executable>true</executable>
         <run_address>0x84aa7</run_address>
         <size>0x1e</size>
         <alignment>0x1</alignment>
         <input_file_ref idref="fl-2"/>
      </object_component>
      <object_component id="oc-5d">
         <name>.text:Interrupt_initVectorTable</name>
         <load_address>0x84ac5</load_address>
         <readonly>true</readonly>
         <executable>true</executable>
         <run_address>0x84ac5</run_address>
         <size>0x1e</size>
         <alignment>0x1</alignment>
         <input_file_ref idref="fl-18"/>
      </object_component>
      <object_component id="oc-541">
         <name>.text:EPWM_enableSyncOutPulseSource</name>
         <load_address>0x84ae3</load_address>
         <readonly>true</readonly>
         <executable>true</executable>
         <run_address>0x84ae3</run_address>
         <size>0x1d</size>
         <alignment>0x1</alignment>
         <input_file_ref idref="fl-2"/>
      </object_component>
      <object_component id="oc-595">
         <name>.text:EPWM_setFallingEdgeDelayCount</name>
         <load_address>0x84b00</load_address>
         <readonly>true</readonly>
         <executable>true</executable>
         <run_address>0x84b00</run_address>
         <size>0x1d</size>
         <alignment>0x1</alignment>
         <input_file_ref idref="fl-2"/>
      </object_component>
      <object_component id="oc-583">
         <name>.text:EPWM_setRisingEdgeDelayCount</name>
         <load_address>0x84b1d</load_address>
         <readonly>true</readonly>
         <executable>true</executable>
         <run_address>0x84b1d</run_address>
         <size>0x1d</size>
         <alignment>0x1</alignment>
         <input_file_ref idref="fl-2"/>
      </object_component>
      <object_component id="oc-7e9">
         <name>.text:EQEP_setEmulationMode</name>
         <load_address>0x84b3a</load_address>
         <readonly>true</readonly>
         <executable>true</executable>
         <run_address>0x84b3a</run_address>
         <size>0x1d</size>
         <alignment>0x1</alignment>
         <input_file_ref idref="fl-2"/>
      </object_component>
      <object_component id="oc-7ef">
         <name>.text:EQEP_setPositionCounterConfig</name>
         <load_address>0x84b57</load_address>
         <readonly>true</readonly>
         <executable>true</executable>
         <run_address>0x84b57</run_address>
         <size>0x1d</size>
         <alignment>0x1</alignment>
         <input_file_ref idref="fl-2"/>
      </object_component>
      <object_component id="oc-40e">
         <name>.text:FOC_InvClarke</name>
         <load_address>0x84b74</load_address>
         <readonly>true</readonly>
         <executable>true</executable>
         <run_address>0x84b74</run_address>
         <size>0x1d</size>
         <alignment>0x1</alignment>
         <input_file_ref idref="fl-7"/>
      </object_component>
      <object_component id="oc-7a0">
         <name>.text:ADC_setSOCPriority</name>
         <load_address>0x84b91</load_address>
         <readonly>true</readonly>
         <executable>true</executable>
         <run_address>0x84b91</run_address>
         <size>0x1c</size>
         <alignment>0x1</alignment>
         <input_file_ref idref="fl-2"/>
      </object_component>
      <object_component id="oc-70f">
         <name>.text:DCC_getErrorStatus</name>
         <load_address>0x84bad</load_address>
         <readonly>true</readonly>
         <executable>true</executable>
         <run_address>0x84bad</run_address>
         <size>0x1c</size>
         <alignment>0x1</alignment>
         <input_file_ref idref="fl-14"/>
      </object_component>
      <object_component id="oc-709">
         <name>.text:DCC_getSingleShotStatus</name>
         <load_address>0x84bc9</load_address>
         <readonly>true</readonly>
         <executable>true</executable>
         <run_address>0x84bc9</run_address>
         <size>0x1c</size>
         <alignment>0x1</alignment>
         <input_file_ref idref="fl-14"/>
      </object_component>
      <object_component id="oc-5b9">
         <name>.text:EPWM_enableADCTrigger</name>
         <load_address>0x84be5</load_address>
         <readonly>true</readonly>
         <executable>true</executable>
         <run_address>0x84be5</run_address>
         <size>0x1c</size>
         <alignment>0x1</alignment>
         <input_file_ref idref="fl-2"/>
      </object_component>
      <object_component id="oc-511">
         <name>.text:EPWM_setClockPrescaler</name>
         <load_address>0x84c01</load_address>
         <readonly>true</readonly>
         <executable>true</executable>
         <run_address>0x84c01</run_address>
         <size>0x1c</size>
         <alignment>0x1</alignment>
         <input_file_ref idref="fl-2"/>
      </object_component>
      <object_component id="oc-831">
         <name>.text:EQEP_setCaptureConfig</name>
         <load_address>0x84c1d</load_address>
         <readonly>true</readonly>
         <executable>true</executable>
         <run_address>0x84c1d</run_address>
         <size>0x1c</size>
         <alignment>0x1</alignment>
         <input_file_ref idref="fl-2"/>
      </object_component>
      <object_component id="oc-81f">
         <name>.text:EQEP_setSWPositionInit</name>
         <load_address>0x84c39</load_address>
         <readonly>true</readonly>
         <executable>true</executable>
         <run_address>0x84c39</run_address>
         <size>0x1c</size>
         <alignment>0x1</alignment>
         <input_file_ref idref="fl-2"/>
      </object_component>
      <object_component id="oc-8b7">
         <name>.text:ADC_isBaseValid</name>
         <load_address>0x84c55</load_address>
         <readonly>true</readonly>
         <executable>true</executable>
         <run_address>0x84c55</run_address>
         <size>0x1b</size>
         <alignment>0x1</alignment>
         <input_file_ref idref="fl-2"/>
      </object_component>
      <object_component id="oc-8be">
         <name>.text:ADC_isBaseValid</name>
         <load_address>0x84c70</load_address>
         <readonly>true</readonly>
         <executable>true</executable>
         <run_address>0x84c70</run_address>
         <size>0x1b</size>
         <alignment>0x1</alignment>
         <input_file_ref idref="fl-13"/>
      </object_component>
      <object_component id="oc-59b">
         <name>.text:EPWM_setDeadBandControlShadowLoadMode</name>
         <load_address>0x84c8b</load_address>
         <readonly>true</readonly>
         <executable>true</executable>
         <run_address>0x84c8b</run_address>
         <size>0x1b</size>
         <alignment>0x1</alignment>
         <input_file_ref idref="fl-2"/>
      </object_component>
      <object_component id="oc-2bb">
         <name>.text:SysCtl_setCLBClkDivider</name>
         <load_address>0x84ca6</load_address>
         <readonly>true</readonly>
         <executable>true</executable>
         <run_address>0x84ca6</run_address>
         <size>0x1b</size>
         <alignment>0x1</alignment>
         <input_file_ref idref="fl-3"/>
      </object_component>
      <object_component id="oc-4c0">
         <name>.text:SysCtl_setStandbyQualificationPeriod</name>
         <load_address>0x84cc1</load_address>
         <readonly>true</readonly>
         <executable>true</executable>
         <run_address>0x84cc1</run_address>
         <size>0x1b</size>
         <alignment>0x1</alignment>
         <input_file_ref idref="fl-2"/>
      </object_component>
      <object_component id="oc-6ba">
         <name>.text:DCC_isBaseValid</name>
         <load_address>0x84cdc</load_address>
         <readonly>true</readonly>
         <executable>true</executable>
         <run_address>0x84cdc</run_address>
         <size>0x1a</size>
         <alignment>0x1</alignment>
         <input_file_ref idref="fl-14"/>
      </object_component>
      <object_component id="oc-8a7">
         <name>.text:DCC_isBaseValid</name>
         <load_address>0x84cf6</load_address>
         <readonly>true</readonly>
         <executable>true</executable>
         <run_address>0x84cf6</run_address>
         <size>0x1a</size>
         <alignment>0x1</alignment>
         <input_file_ref idref="fl-1a"/>
      </object_component>
      <object_component id="oc-565">
         <name>.text:EPWM_disableActionQualifierShadowLoadMode</name>
         <load_address>0x84d10</load_address>
         <readonly>true</readonly>
         <executable>true</executable>
         <run_address>0x84d10</run_address>
         <size>0x1a</size>
         <alignment>0x1</alignment>
         <input_file_ref idref="fl-2"/>
      </object_component>
      <object_component id="oc-7e3">
         <name>.text:EQEP_setDecoderConfig</name>
         <load_address>0x84d2a</load_address>
         <readonly>true</readonly>
         <executable>true</executable>
         <run_address>0x84d2a</run_address>
         <size>0x1a</size>
         <alignment>0x1</alignment>
         <input_file_ref idref="fl-2"/>
      </object_component>
      <object_component id="oc-819">
         <name>.text:EQEP_setPositionInitMode</name>
         <load_address>0x84d44</load_address>
         <readonly>true</readonly>
         <executable>true</executable>
         <run_address>0x84d44</run_address>
         <size>0x1a</size>
         <alignment>0x1</alignment>
         <input_file_ref idref="fl-2"/>
      </object_component>
      <object_component id="oc-80d">
         <name>.text:EQEP_setQMAModuleMode</name>
         <load_address>0x84d5e</load_address>
         <readonly>true</readonly>
         <executable>true</executable>
         <run_address>0x84d5e</run_address>
         <size>0x1a</size>
         <alignment>0x1</alignment>
         <input_file_ref idref="fl-2"/>
      </object_component>
      <object_component id="oc-7d7">
         <name>.text:EQEP_setStrobeSource</name>
         <load_address>0x84d78</load_address>
         <readonly>true</readonly>
         <executable>true</executable>
         <run_address>0x84d78</run_address>
         <size>0x1a</size>
         <alignment>0x1</alignment>
         <input_file_ref idref="fl-2"/>
      </object_component>
      <object_component id="oc-2c8">
         <name>.text:SysCtl_getLowSpeedClock</name>
         <load_address>0x84d92</load_address>
         <readonly>true</readonly>
         <executable>true</executable>
         <run_address>0x84d92</run_address>
         <size>0x1a</size>
         <alignment>0x1</alignment>
         <input_file_ref idref="fl-1a"/>
      </object_component>
      <object_component id="oc-5cb">
         <name>.text:EPWM_setCountModeAfterSync</name>
         <load_address>0x84dac</load_address>
         <readonly>true</readonly>
         <executable>true</executable>
         <run_address>0x84dac</run_address>
         <size>0x19</size>
         <alignment>0x1</alignment>
         <input_file_ref idref="fl-2"/>
      </object_component>
      <object_component id="oc-a0">
         <name>.text:EQEP_getDirection</name>
         <load_address>0x84dc5</load_address>
         <readonly>true</readonly>
         <executable>true</executable>
         <run_address>0x84dc5</run_address>
         <size>0x19</size>
         <alignment>0x1</alignment>
         <input_file_ref idref="fl-5"/>
      </object_component>
      <object_component id="oc-807">
         <name>.text:EQEP_setLatchMode</name>
         <load_address>0x84dde</load_address>
         <readonly>true</readonly>
         <executable>true</executable>
         <run_address>0x84dde</run_address>
         <size>0x19</size>
         <alignment>0x1</alignment>
         <input_file_ref idref="fl-2"/>
      </object_component>
      <object_component id="oc-cf">
         <name>.text:FOC_ApplyPWM</name>
         <load_address>0x84df7</load_address>
         <readonly>true</readonly>
         <executable>true</executable>
         <run_address>0x84df7</run_address>
         <size>0x19</size>
         <alignment>0x1</alignment>
         <input_file_ref idref="fl-7"/>
      </object_component>
      <object_component id="oc-416">
         <name>.text:FOC_LimitFloat</name>
         <load_address>0x84e10</load_address>
         <readonly>true</readonly>
         <executable>true</executable>
         <run_address>0x84e10</run_address>
         <size>0x19</size>
         <alignment>0x1</alignment>
         <input_file_ref idref="fl-7"/>
      </object_component>
      <object_component id="oc-337">
         <name>.text:IPC_setBootMode</name>
         <load_address>0x84e29</load_address>
         <readonly>true</readonly>
         <executable>true</executable>
         <run_address>0x84e29</run_address>
         <size>0x19</size>
         <alignment>0x1</alignment>
         <input_file_ref idref="fl-3"/>
      </object_component>
      <object_component id="oc-220">
         <name>.text:SpeedPI_Clamp</name>
         <load_address>0x84e42</load_address>
         <readonly>true</readonly>
         <executable>true</executable>
         <run_address>0x84e42</run_address>
         <size>0x19</size>
         <alignment>0x1</alignment>
         <input_file_ref idref="fl-8"/>
      </object_component>
      <object_component id="oc-4ea">
         <name>.text:SysCtl_allocateSharedPeripheral</name>
         <load_address>0x84e5b</load_address>
         <readonly>true</readonly>
         <executable>true</executable>
         <run_address>0x84e5b</run_address>
         <size>0x19</size>
         <alignment>0x1</alignment>
         <input_file_ref idref="fl-2"/>
      </object_component>
      <object_component id="oc-10a">
         <name>.text:SysCtl_allocateSharedPeripheral</name>
         <load_address>0x84e74</load_address>
         <readonly>true</readonly>
         <executable>true</executable>
         <run_address>0x84e74</run_address>
         <size>0x19</size>
         <alignment>0x1</alignment>
         <input_file_ref idref="fl-5"/>
      </object_component>
      <object_component id="oc-2af">
         <name>.text:SysCtl_setECatClk</name>
         <load_address>0x84e8d</load_address>
         <readonly>true</readonly>
         <executable>true</executable>
         <run_address>0x84e8d</run_address>
         <size>0x19</size>
         <alignment>0x1</alignment>
         <input_file_ref idref="fl-3"/>
      </object_component>
      <object_component id="oc-201">
         <name>.text</name>
         <load_address>0x84ea6</load_address>
         <readonly>true</readonly>
         <executable>true</executable>
         <run_address>0x84ea6</run_address>
         <size>0x19</size>
         <alignment>0x1</alignment>
         <input_file_ref idref="fl-28"/>
      </object_component>
      <object_component id="oc-5a1">
         <name>.text:EPWM_disableDeadBandControlShadowLoadMode</name>
         <load_address>0x84ebf</load_address>
         <readonly>true</readonly>
         <executable>true</executable>
         <run_address>0x84ebf</run_address>
         <size>0x18</size>
         <alignment>0x1</alignment>
         <input_file_ref idref="fl-2"/>
      </object_component>
      <object_component id="oc-58f">
         <name>.text:EPWM_disableFallingEdgeDelayCountShadowLoadMode</name>
         <load_address>0x84ed7</load_address>
         <readonly>true</readonly>
         <executable>true</executable>
         <run_address>0x84ed7</run_address>
         <size>0x18</size>
         <alignment>0x1</alignment>
         <input_file_ref idref="fl-2"/>
      </object_component>
      <object_component id="oc-57d">
         <name>.text:EPWM_disableRisingEdgeDelayCountShadowLoadMode</name>
         <load_address>0x84eef</load_address>
         <readonly>true</readonly>
         <executable>true</executable>
         <run_address>0x84eef</run_address>
         <size>0x18</size>
         <alignment>0x1</alignment>
         <input_file_ref idref="fl-2"/>
      </object_component>
      <object_component id="oc-4f6">
         <name>.text:SysCtl_disablePeripheral</name>
         <load_address>0x84f07</load_address>
         <readonly>true</readonly>
         <executable>true</executable>
         <run_address>0x84f07</run_address>
         <size>0x18</size>
         <alignment>0x1</alignment>
         <input_file_ref idref="fl-2"/>
      </object_component>
      <object_component id="oc-f8">
         <name>.text:SysCtl_disablePeripheral</name>
         <load_address>0x84f1f</load_address>
         <readonly>true</readonly>
         <executable>true</executable>
         <run_address>0x84f1f</run_address>
         <size>0x18</size>
         <alignment>0x1</alignment>
         <input_file_ref idref="fl-5"/>
      </object_component>
      <object_component id="oc-8db">
         <name>.text:EQEP_isBaseValid</name>
         <load_address>0x84f37</load_address>
         <readonly>true</readonly>
         <executable>true</executable>
         <run_address>0x84f37</run_address>
         <size>0x17</size>
         <alignment>0x1</alignment>
         <input_file_ref idref="fl-2"/>
      </object_component>
      <object_component id="oc-8e3">
         <name>.text:EQEP_isBaseValid</name>
         <load_address>0x84f4e</load_address>
         <readonly>true</readonly>
         <executable>true</executable>
         <run_address>0x84f4e</run_address>
         <size>0x17</size>
         <alignment>0x1</alignment>
         <input_file_ref idref="fl-15"/>
      </object_component>
      <object_component id="oc-207">
         <name>.text:EQEP_isBaseValid</name>
         <load_address>0x84f65</load_address>
         <readonly>true</readonly>
         <executable>true</executable>
         <run_address>0x84f65</run_address>
         <size>0x17</size>
         <alignment>0x1</alignment>
         <input_file_ref idref="fl-5"/>
      </object_component>
      <object_component id="oc-1a7">
         <name>.text:IPC_CPU1_SendAck</name>
         <load_address>0x84f7c</load_address>
         <readonly>true</readonly>
         <executable>true</executable>
         <run_address>0x84f7c</run_address>
         <size>0x17</size>
         <alignment>0x1</alignment>
         <input_file_ref idref="fl-a"/>
      </object_component>
      <object_component id="oc-4f0">
         <name>.text:SysCtl_enablePeripheral</name>
         <load_address>0x84f93</load_address>
         <readonly>true</readonly>
         <executable>true</executable>
         <run_address>0x84f93</run_address>
         <size>0x17</size>
         <alignment>0x1</alignment>
         <input_file_ref idref="fl-2"/>
      </object_component>
      <object_component id="oc-470">
         <name>.text:SysCtl_enablePeripheral</name>
         <load_address>0x84faa</load_address>
         <readonly>true</readonly>
         <executable>true</executable>
         <run_address>0x84faa</run_address>
         <size>0x17</size>
         <alignment>0x1</alignment>
         <input_file_ref idref="fl-3"/>
      </object_component>
      <object_component id="oc-726">
         <name>.text:SysCtl_enablePeripheral</name>
         <load_address>0x84fc1</load_address>
         <readonly>true</readonly>
         <executable>true</executable>
         <run_address>0x84fc1</run_address>
         <size>0x17</size>
         <alignment>0x1</alignment>
         <input_file_ref idref="fl-1a"/>
      </object_component>
      <object_component id="oc-146">
         <name>.text:SysCtl_enablePeripheral</name>
         <load_address>0x84fd8</load_address>
         <readonly>true</readonly>
         <executable>true</executable>
         <run_address>0x84fd8</run_address>
         <size>0x17</size>
         <alignment>0x1</alignment>
         <input_file_ref idref="fl-5"/>
      </object_component>
      <object_component id="oc-78e">
         <name>.text:ADC_setInterruptCycleOffset</name>
         <load_address>0x84fef</load_address>
         <readonly>true</readonly>
         <executable>true</executable>
         <run_address>0x84fef</run_address>
         <size>0x16</size>
         <alignment>0x1</alignment>
         <input_file_ref idref="fl-2"/>
      </object_component>
      <object_component id="oc-788">
         <name>.text:ADC_setInterruptPulseMode</name>
         <load_address>0x85005</load_address>
         <readonly>true</readonly>
         <executable>true</executable>
         <run_address>0x85005</run_address>
         <size>0x16</size>
         <alignment>0x1</alignment>
         <input_file_ref idref="fl-2"/>
      </object_component>
      <object_component id="oc-77c">
         <name>.text:ADC_setPrescaler</name>
         <load_address>0x8501b</load_address>
         <readonly>true</readonly>
         <executable>true</executable>
         <run_address>0x8501b</run_address>
         <size>0x16</size>
         <alignment>0x1</alignment>
         <input_file_ref idref="fl-2"/>
      </object_component>
      <object_component id="oc-6d9">
         <name>.text:DCC_disableDoneSignal</name>
         <load_address>0x85031</load_address>
         <readonly>true</readonly>
         <executable>true</executable>
         <run_address>0x85031</run_address>
         <size>0x16</size>
         <alignment>0x1</alignment>
         <input_file_ref idref="fl-14"/>
      </object_component>
      <object_component id="oc-744">
         <name>.text:DCC_disableDoneSignal</name>
         <load_address>0x85047</load_address>
         <readonly>true</readonly>
         <executable>true</executable>
         <run_address>0x85047</run_address>
         <size>0x16</size>
         <alignment>0x1</alignment>
         <input_file_ref idref="fl-1a"/>
      </object_component>
      <object_component id="oc-6fd">
         <name>.text:DCC_enableDoneSignal</name>
         <load_address>0x8505d</load_address>
         <readonly>true</readonly>
         <executable>true</executable>
         <run_address>0x8505d</run_address>
         <size>0x16</size>
         <alignment>0x1</alignment>
         <input_file_ref idref="fl-14"/>
      </object_component>
      <object_component id="oc-110">
         <name>.text:Device_bootCM</name>
         <load_address>0x85073</load_address>
         <readonly>true</readonly>
         <executable>true</executable>
         <run_address>0x85073</run_address>
         <size>0x16</size>
         <alignment>0x1</alignment>
         <input_file_ref idref="fl-3"/>
      </object_component>
      <object_component id="oc-365">
         <name>.text:Device_bootCPU2</name>
         <load_address>0x85089</load_address>
         <readonly>true</readonly>
         <executable>true</executable>
         <run_address>0x85089</run_address>
         <size>0x16</size>
         <alignment>0x1</alignment>
         <input_file_ref idref="fl-3"/>
      </object_component>
      <object_component id="oc-53b">
         <name>.text:EPWM_setSyncInPulseSource</name>
         <load_address>0x8509f</load_address>
         <readonly>true</readonly>
         <executable>true</executable>
         <run_address>0x8509f</run_address>
         <size>0x16</size>
         <alignment>0x1</alignment>
         <input_file_ref idref="fl-2"/>
      </object_component>
      <object_component id="oc-59">
         <name>.text:Interrupt_defaultHandler</name>
         <load_address>0x850b5</load_address>
         <readonly>true</readonly>
         <executable>true</executable>
         <run_address>0x850b5</run_address>
         <size>0x16</size>
         <alignment>0x1</alignment>
         <input_file_ref idref="fl-18"/>
      </object_component>
      <object_component id="oc-c3">
         <name>.text:PMSM_PID_Reset</name>
         <load_address>0x850cb</load_address>
         <readonly>true</readonly>
         <executable>true</executable>
         <run_address>0x850cb</run_address>
         <size>0x16</size>
         <alignment>0x1</alignment>
         <input_file_ref idref="fl-8"/>
      </object_component>
      <object_component id="oc-2a3">
         <name>.text:SysCtl_setEMIF1ClockDivider</name>
         <load_address>0x850e1</load_address>
         <readonly>true</readonly>
         <executable>true</executable>
         <run_address>0x850e1</run_address>
         <size>0x16</size>
         <alignment>0x1</alignment>
         <input_file_ref idref="fl-3"/>
      </object_component>
      <object_component id="oc-2a9">
         <name>.text:SysCtl_setEMIF2ClockDivider</name>
         <load_address>0x850f7</load_address>
         <readonly>true</readonly>
         <executable>true</executable>
         <run_address>0x850f7</run_address>
         <size>0x16</size>
         <alignment>0x1</alignment>
         <input_file_ref idref="fl-3"/>
      </object_component>
      <object_component id="oc-4cc">
         <name>.text:SysCtl_setSemOwner</name>
         <load_address>0x8510d</load_address>
         <readonly>true</readonly>
         <executable>true</executable>
         <run_address>0x8510d</run_address>
         <size>0x16</size>
         <alignment>0x1</alignment>
         <input_file_ref idref="fl-1a"/>
      </object_component>
      <object_component id="oc-79a">
         <name>.text:ADC_disableBurstMode</name>
         <load_address>0x85123</load_address>
         <readonly>true</readonly>
         <executable>true</executable>
         <run_address>0x85123</run_address>
         <size>0x15</size>
         <alignment>0x1</alignment>
         <input_file_ref idref="fl-2"/>
      </object_component>
      <object_component id="oc-fe">
         <name>.text:Board_init</name>
         <load_address>0x85138</load_address>
         <readonly>true</readonly>
         <executable>true</executable>
         <run_address>0x85138</run_address>
         <size>0x15</size>
         <alignment>0x1</alignment>
         <input_file_ref idref="fl-2"/>
      </object_component>
      <object_component id="oc-4a2">
         <name>.text:CAN_isBaseValid</name>
         <load_address>0x8514d</load_address>
         <readonly>true</readonly>
         <executable>true</executable>
         <run_address>0x8514d</run_address>
         <size>0x15</size>
         <alignment>0x1</alignment>
         <input_file_ref idref="fl-3"/>
      </object_component>
      <object_component id="oc-6c7">
         <name>.text:DCC_clearDoneFlag</name>
         <load_address>0x85162</load_address>
         <readonly>true</readonly>
         <executable>true</executable>
         <run_address>0x85162</run_address>
         <size>0x15</size>
         <alignment>0x1</alignment>
         <input_file_ref idref="fl-14"/>
      </object_component>
      <object_component id="oc-732">
         <name>.text:DCC_clearDoneFlag</name>
         <load_address>0x85177</load_address>
         <readonly>true</readonly>
         <executable>true</executable>
         <run_address>0x85177</run_address>
         <size>0x15</size>
         <alignment>0x1</alignment>
         <input_file_ref idref="fl-1a"/>
      </object_component>
      <object_component id="oc-6c1">
         <name>.text:DCC_clearErrorFlag</name>
         <load_address>0x8518c</load_address>
         <readonly>true</readonly>
         <executable>true</executable>
         <run_address>0x8518c</run_address>
         <size>0x15</size>
         <alignment>0x1</alignment>
         <input_file_ref idref="fl-14"/>
      </object_component>
      <object_component id="oc-72c">
         <name>.text:DCC_clearErrorFlag</name>
         <load_address>0x851a1</load_address>
         <readonly>true</readonly>
         <executable>true</executable>
         <run_address>0x851a1</run_address>
         <size>0x15</size>
         <alignment>0x1</alignment>
         <input_file_ref idref="fl-1a"/>
      </object_component>
      <object_component id="oc-6d3">
         <name>.text:DCC_disableErrorSignal</name>
         <load_address>0x851b6</load_address>
         <readonly>true</readonly>
         <executable>true</executable>
         <run_address>0x851b6</run_address>
         <size>0x15</size>
         <alignment>0x1</alignment>
         <input_file_ref idref="fl-14"/>
      </object_component>
      <object_component id="oc-73e">
         <name>.text:DCC_disableErrorSignal</name>
         <load_address>0x851cb</load_address>
         <readonly>true</readonly>
         <executable>true</executable>
         <run_address>0x851cb</run_address>
         <size>0x15</size>
         <alignment>0x1</alignment>
         <input_file_ref idref="fl-1a"/>
      </object_component>
      <object_component id="oc-22d">
         <name>.text:FOC_CalculateElectricalAngle</name>
         <load_address>0x851e0</load_address>
         <readonly>true</readonly>
         <executable>true</executable>
         <run_address>0x851e0</run_address>
         <size>0x15</size>
         <alignment>0x1</alignment>
         <input_file_ref idref="fl-7"/>
      </object_component>
      <object_component id="oc-2d6">
         <name>.text:GPIO_unlockPortConfig</name>
         <load_address>0x851f5</load_address>
         <readonly>true</readonly>
         <executable>true</executable>
         <run_address>0x851f5</run_address>
         <size>0x15</size>
         <alignment>0x1</alignment>
         <input_file_ref idref="fl-3"/>
      </object_component>
      <object_component id="oc-6cd">
         <name>.text:DCC_disableModule</name>
         <load_address>0x8520a</load_address>
         <readonly>true</readonly>
         <executable>true</executable>
         <run_address>0x8520a</run_address>
         <size>0x14</size>
         <alignment>0x1</alignment>
         <input_file_ref idref="fl-14"/>
      </object_component>
      <object_component id="oc-738">
         <name>.text:DCC_disableModule</name>
         <load_address>0x8521e</load_address>
         <readonly>true</readonly>
         <executable>true</executable>
         <run_address>0x8521e</run_address>
         <size>0x14</size>
         <alignment>0x1</alignment>
         <input_file_ref idref="fl-1a"/>
      </object_component>
      <object_component id="oc-6f7">
         <name>.text:DCC_enableErrorSignal</name>
         <load_address>0x85232</load_address>
         <readonly>true</readonly>
         <executable>true</executable>
         <run_address>0x85232</run_address>
         <size>0x14</size>
         <alignment>0x1</alignment>
         <input_file_ref idref="fl-14"/>
      </object_component>
      <object_component id="oc-703">
         <name>.text:DCC_enableModule</name>
         <load_address>0x85246</load_address>
         <readonly>true</readonly>
         <executable>true</executable>
         <run_address>0x85246</run_address>
         <size>0x14</size>
         <alignment>0x1</alignment>
[...]
         <name>Motor_Electric_Angle</name>
         <value>0xa81c</value>
         <object_component_ref idref="oc-e1"/>
      </symbol>
      <symbol id="sm-513">
         <name>g_motor_estop_active</name>
         <value>0xa801</value>
         <object_component_ref idref="oc-e1"/>
      </symbol>
      <symbol id="sm-514">
         <name>K_AFF</name>
         <value>0xa812</value>
         <object_component_ref idref="oc-e1"/>
      </symbol>
      <symbol id="sm-515">
         <name>g_motor_run_enabled</name>
         <value>0xa800</value>
         <object_component_ref idref="oc-e1"/>
      </symbol>
      <symbol id="sm-516">
         <name>OverflowCount</name>
         <value>0xa816</value>
         <object_component_ref idref="oc-e1"/>
      </symbol>
      <symbol id="sm-517">
         <name>ONEPI</name>
         <value>0xa804</value>
         <object_component_ref idref="oc-e1"/>
      </symbol>
      <symbol id="sm-518">
         <name>uq_fb</name>
         <value>0xa80c</value>
         <object_component_ref idref="oc-e1"/>
      </symbol>
      <symbol id="sm-519">
         <name>uq_ff</name>
         <value>0xa80e</value>
         <object_component_ref idref="oc-e1"/>
      </symbol>
      <symbol id="sm-51a">
         <name>vel_ff</name>
         <value>0xa806</value>
         <object_component_ref idref="oc-e1"/>
      </symbol>
      <symbol id="sm-51b">
         <name>current_speed</name>
         <value>0xa826</value>
         <object_component_ref idref="oc-e1"/>
      </symbol>
      <symbol id="sm-52a">
         <name>Rotor_Positioning2</name>
         <value>0x83cd6</value>
         <object_component_ref idref="oc-14c"/>
      </symbol>
      <symbol id="sm-5bd">
         <name>PWM_Channel</name>
         <value>0xa84c</value>
         <object_component_ref idref="oc-22a"/>
      </symbol>
      <symbol id="sm-5be">
         <name>UC</name>
         <value>0xa846</value>
         <object_component_ref idref="oc-22a"/>
      </symbol>
      <symbol id="sm-5bf">
         <name>UB</name>
         <value>0xa844</value>
         <object_component_ref idref="oc-22a"/>
      </symbol>
      <symbol id="sm-5c0">
         <name>UA</name>
         <value>0xa842</value>
         <object_component_ref idref="oc-22a"/>
      </symbol>
      <symbol id="sm-5c1">
         <name>FOC_CalculateSectorTimes</name>
         <value>0x82ab3</value>
         <object_component_ref idref="oc-23f"/>
      </symbol>
      <symbol id="sm-5c2">
         <name>UA1</name>
         <value>0xa840</value>
         <object_component_ref idref="oc-22a"/>
      </symbol>
      <symbol id="sm-5c3">
         <name>FOC_CalculatePWMValues</name>
         <value>0x83d8c</value>
         <object_component_ref idref="oc-245"/>
      </symbol>
      <symbol id="sm-5c4">
         <name>FOC_ApplyPWM</name>
         <value>0x84df7</value>
         <object_component_ref idref="oc-cf"/>
      </symbol>
      <symbol id="sm-5c5">
         <name>FOC_SVPWM_Update</name>
         <value>0x840ce</value>
         <object_component_ref idref="oc-c9"/>
      </symbol>
      <symbol id="sm-5c6">
         <name>FOC_GetSector</name>
         <value>0x845fe</value>
         <object_component_ref idref="oc-239"/>
      </symbol>
      <symbol id="sm-5c7">
         <name>FOC_InitVariables</name>
         <value>0x844e3</value>
         <object_component_ref idref="oc-140"/>
      </symbol>
      <symbol id="sm-5c8">
         <name>FOC_VoltageCalculation</name>
         <value>0x84575</value>
         <object_component_ref idref="oc-233"/>
      </symbol>
      <symbol id="sm-5c9">
         <name>FOC_CalculateElectricalAngle</name>
         <value>0x851e0</value>
         <object_component_ref idref="oc-22d"/>
      </symbol>
      <symbol id="sm-62d">
         <name>PMSM_PID_Update</name>
         <value>0x837ab</value>
         <object_component_ref idref="oc-b7"/>
      </symbol>
      <symbol id="sm-62e">
         <name>PMSM_PID_Enable</name>
         <value>0x856cf</value>
         <object_component_ref idref="oc-176"/>
      </symbol>
      <symbol id="sm-62f">
         <name>PMSM_PID_GetOutput</name>
         <value>0x8579e</value>
         <object_component_ref idref="oc-bd"/>
      </symbol>
      <symbol id="sm-630">
         <name>PMSM_PID_SetFilterAlpha</name>
         <value>0x85608</value>
         <object_component_ref idref="oc-164"/>
      </symbol>
      <symbol id="sm-631">
         <name>PMSM_PID_SetOutputLimit</name>
         <value>0x847c7</value>
         <object_component_ref idref="oc-15e"/>
      </symbol>
      <symbol id="sm-632">
         <name>speedPID</name>
         <value>0xa880</value>
         <object_component_ref idref="oc-21a"/>
      </symbol>
      <symbol id="sm-633">
         <name>PMSM_PID_SetTargetSpeed</name>
         <value>0x856ac</value>
         <object_component_ref idref="oc-170"/>
      </symbol>
      <symbol id="sm-634">
         <name>PMSM_PID_Init</name>
         <value>0x842f5</value>
         <object_component_ref idref="oc-152"/>
      </symbol>
      <symbol id="sm-635">
         <name>PMSM_PID_Reset</name>
         <value>0x850cb</value>
         <object_component_ref idref="oc-c3"/>
      </symbol>
      <symbol id="sm-636">
         <name>PMSM_SetPIDParams</name>
         <value>0x85511</value>
         <object_component_ref idref="oc-158"/>
      </symbol>
      <symbol id="sm-637">
         <name>PMSM_PID_SetUpdatePrescaler</name>
         <value>0x85739</value>
         <object_component_ref idref="oc-16a"/>
      </symbol>
      <symbol id="sm-644">
         <name>ECAT_GPIO_init</name>
         <value>0x82ca2</value>
         <object_component_ref idref="oc-104"/>
      </symbol>
      <symbol id="sm-724">
         <name>IPC_CPU1_TickFromISR</name>
         <value>0x8571b</value>
         <object_component_ref idref="oc-b1"/>
      </symbol>
      <symbol id="sm-725">
         <name>IPC_CPU1_SyncWithCPU2</name>
         <value>0x85711</value>
         <object_component_ref idref="oc-128"/>
      </symbol>
      <symbol id="sm-726">
         <name>g_cm_ipc_cmd_ack_drop_count</name>
         <value>0xa838</value>
         <object_component_ref idref="oc-1cc"/>
      </symbol>
      <symbol id="sm-727">
         <name>IPC_CPU1_Init</name>
         <value>0x856c4</value>
         <object_component_ref idref="oc-122"/>
      </symbol>
      <symbol id="sm-728">
         <name>g_cm_ipc_tx_drop_count</name>
         <value>0xa830</value>
         <object_component_ref idref="oc-1cc"/>
      </symbol>
      <symbol id="sm-729">
         <name>g_cm_ipc_cmd_error_count</name>
         <value>0xa834</value>
         <object_component_ref idref="oc-1cc"/>
      </symbol>
      <symbol id="sm-72a">
         <name>g_ipc_tx_count</name>
         <value>0xa82a</value>
         <object_component_ref idref="oc-1cc"/>
      </symbol>
      <symbol id="sm-72b">
         <name>g_cm_ipc_tx_count</name>
         <value>0xa82e</value>
         <object_component_ref idref="oc-1cc"/>
      </symbol>
      <symbol id="sm-72c">
         <name>IPC_1_ISR</name>
         <value>0x83a96</value>
         <object_component_ref idref="oc-41"/>
      </symbol>
      <symbol id="sm-72d">
         <name>IPC_CPU1_CM_SyncWithCM</name>
         <value>0x83ff9</value>
         <object_component_ref idref="oc-116"/>
      </symbol>
      <symbol id="sm-72e">
         <name>IPC_CPU1_PollSend</name>
         <value>0x83faf</value>
         <object_component_ref idref="oc-19a"/>
      </symbol>
      <symbol id="sm-72f">
         <name>IPC_CPU1_CM_1_ISR</name>
         <value>0x8381c</value>
         <object_component_ref idref="oc-4d"/>
      </symbol>
      <symbol id="sm-730">
         <name>IPC_CPU1_CM_Init</name>
         <value>0x853f4</value>
         <object_component_ref idref="oc-4e"/>
      </symbol>
      <symbol id="sm-731">
         <name>g_cm_ipc_cmd_rx_count</name>
         <value>0xa832</value>
         <object_component_ref idref="oc-1cc"/>
      </symbol>
      <symbol id="sm-732">
         <name>g_ipc_tx_drop_count</name>
         <value>0xa82c</value>
         <object_component_ref idref="oc-1cc"/>
      </symbol>
      <symbol id="sm-733">
         <name>IPC_CPU1_AssignSCIAtoCPU2</name>
         <value>0x84654</value>
         <object_component_ref idref="oc-11c"/>
      </symbol>
      <symbol id="sm-734">
         <name>g_cm_ipc_cmd_ack_tx_count</name>
         <value>0xa836</value>
         <object_component_ref idref="oc-1cc"/>
      </symbol>
      <symbol id="sm-79e">
         <name>Key_SetCommandSpeed</name>
         <value>0x85685</value>
         <object_component_ref idref="oc-182"/>
      </symbol>
      <symbol id="sm-79f">
         <name>Key_GetCommandSpeed</name>
         <value>0x85799</value>
         <object_component_ref idref="oc-64d"/>
      </symbol>
      <symbol id="sm-7a0">
         <name>Key_Init</name>
         <value>0x8440a</value>
         <object_component_ref idref="oc-17c"/>
      </symbol>
      <symbol id="sm-7a1">
         <name>Key_Process</name>
         <value>0x83e37</value>
         <object_component_ref idref="oc-194"/>
      </symbol>
      <symbol id="sm-7b0">
         <name>code_start</name>
         <value>0x80000</value>
         <object_component_ref idref="oc-2a"/>
      </symbol>
      <symbol id="sm-7f4">
         <name>ADC_setOffsetTrim</name>
         <value>0x83c79</value>
         <object_component_ref idref="oc-8cb"/>
      </symbol>
      <symbol id="sm-7f5">
         <name>ADC_setMode</name>
         <value>0x84728</value>
         <object_component_ref idref="oc-782"/>
      </symbol>
      <symbol id="sm-7f6">
         <name>ADC_setINLTrim</name>
         <value>0x838f8</value>
         <object_component_ref idref="oc-8c5"/>
      </symbol>
      <symbol id="sm-8a1">
         <name>DCC_verifyClockFrequency</name>
         <value>0x8327f</value>
         <object_component_ref idref="oc-476"/>
      </symbol>
      <symbol id="sm-8c3">
         <name>EQEP_setInputPolarity</name>
         <value>0x8408b</value>
         <object_component_ref idref="oc-7dd"/>
      </symbol>
      <symbol id="sm-933">
         <name>Flash_initModule</name>
         <value>0x8000</value>
         <object_component_ref idref="oc-267"/>
      </symbol>
      <symbol id="sm-975">
         <name>GPIO_setQualificationMode</name>
         <value>0x8439c</value>
         <object_component_ref idref="oc-322"/>
      </symbol>
      <symbol id="sm-976">
         <name>GPIO_setPadConfig</name>
         <value>0x83de5</value>
         <object_component_ref idref="oc-328"/>
      </symbol>
      <symbol id="sm-977">
         <name>GPIO_setDirectionMode</name>
         <value>0x84514</value>
         <object_component_ref idref="oc-32e"/>
      </symbol>
      <symbol id="sm-978">
         <name>GPIO_setPinConfig</name>
         <value>0x84365</value>
         <object_component_ref idref="oc-31c"/>
      </symbol>
      <symbol id="sm-979">
         <name>GPIO_setControllerCore</name>
         <value>0x8432e</value>
         <object_component_ref idref="oc-35d"/>
      </symbol>
      <symbol id="sm-9c8">
         <name>Interrupt_defaultHandler</name>
         <value>0x850b5</value>
         <object_component_ref idref="oc-59"/>
      </symbol>
      <symbol id="sm-9c9">
         <name>Interrupt_initModule</name>
         <value>0x841cd</value>
         <object_component_ref idref="oc-f2"/>
      </symbol>
      <symbol id="sm-9ca">
         <name>Interrupt_nmiHandler</name>
         <value>0x8572f</value>
         <object_component_ref idref="oc-71"/>
      </symbol>
      <symbol id="sm-9cb">
         <name>Interrupt_enable</name>
         <value>0x843d3</value>
         <object_component_ref idref="oc-18e"/>
      </symbol>
      <symbol id="sm-9cc">
         <name>Interrupt_initVectorTable</name>
         <value>0x84ac5</value>
         <object_component_ref idref="oc-5d"/>
      </symbol>
      <symbol id="sm-9cd">
         <name>Interrupt_illegalOperationHandler</name>
         <value>0x85725</value>
         <object_component_ref idref="oc-6b"/>
      </symbol>
      <symbol id="sm-a3a">
         <name>IPC_sendMessageToQueue</name>
         <value>0x83d32</value>
         <object_component_ref idref="oc-39c"/>
      </symbol>
      <symbol id="sm-a3b">
         <name>IPC_registerInterrupt</name>
         <value>0x84477</value>
         <object_component_ref idref="oc-1e1"/>
      </symbol>
      <symbol id="sm-a3c">
         <name>IPC_CPU_To_CM_GetBuffer</name>
         <value>0x38000</value>
         <object_component_ref idref="oc-65d"/>
      </symbol>
      <symbol id="sm-a3d">
         <name>IPC_initMessageQueue</name>
         <value>0x839cf</value>
         <object_component_ref idref="oc-1db"/>
      </symbol>
      <symbol id="sm-a3e">
         <name>IPC_CPU1_To_CPU2_GetBuffer</name>
         <value>0x3b000</value>
         <object_component_ref idref="oc-657"/>
      </symbol>
      <symbol id="sm-a3f">
         <name>IPC_CPU1_To_CPU2_PutBuffer</name>
         <value>0x3a000</value>
         <object_component_ref idref="oc-654"/>
      </symbol>
      <symbol id="sm-a40">
         <name>IPC_CPU_To_CM_PutBuffer</name>
         <value>0x39000</value>
         <object_component_ref idref="oc-65a"/>
      </symbol>
      <symbol id="sm-a41">
         <name>IPC_Instance</name>
         <value>0x9048e</value>
         <object_component_ref idref="oc-3ae"/>
      </symbol>
      <symbol id="sm-a42">
         <name>IPC_readMessageFromQueue</name>
         <value>0x83af8</value>
         <object_component_ref idref="oc-1b0"/>
      </symbol>
      <symbol id="sm-bbc">
         <name>SysCtl_controlCPU2Reset</name>
         <value>0x84973</value>
         <object_component_ref idref="oc-627"/>
      </symbol>
      <symbol id="sm-bbd">
         <name>SysCtl_isPLLValid</name>
         <value>0x82f5a</value>
         <object_component_ref idref="oc-490"/>
      </symbol>
      <symbol id="sm-bbe">
         <name>SysCtl_delay</name>
         <value>0x811e</value>
         <object_component_ref idref="oc-371"/>
      </symbol>
      <symbol id="sm-bbf">
         <name>SysCtl_getAuxClock</name>
         <value>0x83b5a</value>
         <object_component_ref idref="oc-2ce"/>
      </symbol>
      <symbol id="sm-bc0">
         <name>SysCtl_selectXTALSingleEnded</name>
         <value>0x84811</value>
         <object_component_ref idref="oc-71e"/>
      </symbol>
      <symbol id="sm-bc1">
         <name>SysCtl_selectXTAL</name>
         <value>0x8414f</value>
         <object_component_ref idref="oc-718"/>
      </symbol>
      <symbol id="sm-bc2">
         <name>SysCtl_selectOscSource</name>
         <value>0x84000</value>
         <object_component_ref idref="oc-484"/>
      </symbol>
      <symbol id="sm-bc3">
         <name>SysCtl_getLowSpeedClock</name>
         <value>0x84d92</value>
         <object_component_ref idref="oc-2c8"/>
      </symbol>
      <symbol id="sm-bc4">
         <name>SysCtl_controlCMReset</name>
         <value>0x847ec</value>
         <object_component_ref idref="oc-343"/>
      </symbol>
      <symbol id="sm-bc5">
         <name>SysCtl_setClock</name>
         <value>0x82e1f</value>
         <object_component_ref idref="oc-273"/>
      </symbol>
      <symbol id="sm-bc6">
         <name>SysCtl_getClock</name>
         <value>0x83bbb</value>
         <object_component_ref idref="oc-2c1"/>
      </symbol>
      <symbol id="sm-bc7">
         <name>SysCtl_selectOscSourceAuxPLL</name>
         <value>0x83c1b</value>
         <object_component_ref idref="oc-28b"/>
      </symbol>
      <symbol id="sm-bc8">
         <name>SysCtl_setAuxClock</name>
         <value>0x83072</value>
         <object_component_ref idref="oc-27f"/>
      </symbol>
      <symbol id="sm-bc9">
         <name>SysCtl_setSemOwner</name>
         <value>0x8510d</value>
         <object_component_ref idref="oc-4cc"/>
      </symbol>
      <symbol id="sm-bca">
         <name>SysCtl_configureType</name>
         <value>0x844ad</value>
         <object_component_ref idref="oc-4c6"/>
      </symbol>
      <symbol id="sm-bd9">
         <name>cosf</name>
         <value>0x83a33</value>
         <object_component_ref idref="oc-401"/>
      </symbol>
      <symbol id="sm-be7">
         <name>sinf</name>
         <value>0x8388a</value>
         <object_component_ref idref="oc-3fb"/>
      </symbol>
      <symbol id="sm-bf1">
         <name>_c_int00</name>
         <value>0x84ea6</value>
         <object_component_ref idref="oc-201"/>
      </symbol>
      <symbol id="sm-bf2">
         <name>__stack</name>
         <value>0x400</value>
         <object_component_ref idref="oc-77"/>
      </symbol>
      <symbol id="sm-bff">
         <name>__c28xabi_divf</name>
         <value>0x835c8</value>
         <object_component_ref idref="oc-a6"/>
      </symbol>
      <symbol id="sm-c12">
         <name>memcpy</name>
         <value>0x84994</value>
         <object_component_ref idref="oc-7a"/>
      </symbol>
      <symbol id="sm-c1f">
         <name>_system_pre_init</name>
         <value>0x857a9</value>
         <object_component_ref idref="oc-3db"/>
      </symbol>
      <symbol id="sm-c2e">
         <name>__TI_auto_init_nobinit_nopinit</name>
         <value>0x8467f</value>
         <object_component_ref idref="oc-669"/>
      </symbol>
      <symbol id="sm-c3d">
         <name>__TI_zero_init_nomemset</name>
         <value>0x8569f</value>
         <object_component_ref idref="oc-82"/>
      </symbol>
      <symbol id="sm-c4a">
         <name>__TI_decompress_none</name>
         <value>0x85768</value>
         <object_component_ref idref="oc-23"/>
      </symbol>
      <symbol id="sm-c5e">
         <name>__TI_decompress_lzss</name>
         <value>0x845a4</value>
         <object_component_ref idref="oc-1d"/>
      </symbol>
      <symbol id="sm-c74">
         <name>C$$EXIT</name>
         <value>0x846ff</value>
         <object_component_ref idref="oc-3e8"/>
      </symbol>
      <symbol id="sm-c75">
         <name>abort</name>
         <value>0x846ff</value>
         <object_component_ref idref="oc-3e8"/>
      </symbol>
      <symbol id="sm-c76">
         <name>exit</name>
         <value>0x84701</value>
         <object_component_ref idref="oc-3e8"/>
      </symbol>
      <symbol id="sm-c77">
         <name>__TI_dtors_ptr</name>
         <value>0xa83e</value>
         <object_component_ref idref="oc-69b"/>
      </symbol>
      <symbol id="sm-c78">
         <name>__TI_cleanup_ptr</name>
         <value>0xa83c</value>
         <object_component_ref idref="oc-69b"/>
      </symbol>
      <symbol id="sm-c79">
         <name>__TI_enable_exit_profile_output</name>
         <value>0xa83a</value>
         <object_component_ref idref="oc-69b"/>
      </symbol>
      <symbol id="sm-c90">
         <name>_nop</name>
         <value>0x85767</value>
         <object_component_ref idref="oc-87a"/>
      </symbol>
      <symbol id="sm-c91">
         <name>_lock</name>
         <value>0xa85a</value>
         <object_component_ref idref="oc-69e"/>
      </symbol>
      <symbol id="sm-c92">
         <name>_unlock</name>
         <value>0xa85c</value>
         <object_component_ref idref="oc-90a"/>
      </symbol>
      <symbol id="sm-c93">
         <name>_register_lock</name>
         <value>0x85763</value>
         <object_component_ref idref="oc-87a"/>
      </symbol>
      <symbol id="sm-c94">
         <name>_register_unlock</name>
         <value>0x8575f</value>
         <object_component_ref idref="oc-87a"/>
      </symbol>
      <symbol id="sm-ca3">
         <name>_args_main</name>
         <value>0x85499</value>
         <object_component_ref idref="oc-3e2"/>
      </symbol>
      <symbol id="sm-cb2">
         <name>_system_post_cinit</name>
         <value>0x857ac</value>
         <object_component_ref idref="oc-860"/>
      </symbol>
   </symbol_table>
   <title>Link successful</title>
</link_info>
