******************************************************************************
             TMS320C2000 Linker PC v25.11.0                    
******************************************************************************
>> Linked Wed Sep  2 11:22:16 2026

OUTPUT FILE NAME:   <Driverlib Empty Dual Example CCS Project.out>
ENTRY POINT SYMBOL: "code_start"  address: 00080000


MEMORY CONFIGURATION

         name            origin    length      used     unused   attr    fill
----------------------  --------  ---------  --------  --------  ----  --------
  BOOT_RSVD             00000002   000001af  00000000  000001af  RWIX
  RAMM0                 000001b1   0000024f  00000000  0000024f  RWIX
  RAMM1                 00000400   000003f8  00000100  000002f8  RWIX
  RAMLS0                00008000   00000800  00000122  000006de  RWIX
  RAMLS1                00008800   00000800  00000000  00000800  RWIX
  RAMLS2                00009000   00000800  00000000  00000800  RWIX
  RAMLS3                00009800   00000800  00000000  00000800  RWIX
  RAMLS4                0000a000   00000800  00000000  00000800  RWIX
  RAMLS5                0000a800   00000800  00000098  00000768  RWIX
  RAMLS6                0000b000   00000800  00000000  00000800  RWIX
  RAMLS7                0000b800   00000800  00000000  00000800  RWIX
  RAMD0                 0000c000   00000800  00000000  00000800  RWIX
  RAMD1                 0000c800   00000800  00000000  00000800  RWIX
  RAMGS0                0000d000   00001000  00000000  00001000  RWIX
  RAMGS1                0000e000   00001000  00000000  00001000  RWIX
  RAMGS2                0000f000   00001000  00000000  00001000  RWIX
  RAMGS3                00010000   00001000  00000000  00001000  RWIX
  RAMGS4                00011000   00001000  00000000  00001000  RWIX
  RAMGS5                00012000   00001000  00000000  00001000  RWIX
  RAMGS6                00013000   00001000  00000000  00001000  RWIX
  RAMGS7                00014000   00001000  00000000  00001000  RWIX
  RAMGS8                00015000   00001000  00000000  00001000  RWIX
  RAMGS9                00016000   00001000  00000000  00001000  RWIX
  RAMGS10               00017000   00001000  00000000  00001000  RWIX
  RAMGS11               00018000   00001000  00000000  00001000  RWIX
  RAMGS12               00019000   00001000  00000000  00001000  RWIX
  RAMGS13               0001a000   00001000  00000000  00001000  RWIX
  RAMGS14               0001b000   00001000  00000000  00001000  RWIX
  RAMGS15               0001c000   00000ff8  00000000  00000ff8  RWIX
  CMTOCPURAM            00038000   00000800  00000088  00000778  RWIX
  CPUTOCMRAM            00039000   00000800  00000088  00000778  RWIX
  CPU1TOCPU2RAM         0003a000   00000800  00000088  00000778  RWIX
  CPU2TOCPU1RAM         0003b000   00000800  00000088  00000778  RWIX
  CANA_MSG_RAM          00049000   00000800  00000000  00000800  RWIX
  CANB_MSG_RAM          0004b000   00000800  00000000  00000800  RWIX
  BEGIN                 00080000   00000002  00000002  00000000  RWIX
  FLASH0                00080002   00001ffe  00000000  00001ffe  RWIX
  FLASH1                00082000   00002000  00002000  00000000  RWIX
  FLASH2                00084000   00002000  000017ad  00000853  RWIX
  FLASH3                00086000   00002000  00000122  00001ede  RWIX
  FLASH4                00088000   00008000  00000030  00007fd0  RWIX
  FLASH5                00090000   00008000  00000683  0000797d  RWIX
  FLASH6                00098000   00008000  00000000  00008000  RWIX
  FLASH7                000a0000   00008000  00000000  00008000  RWIX
  FLASH8                000a8000   00008000  00000000  00008000  RWIX
  FLASH9                000b0000   00008000  00000000  00008000  RWIX
  FLASH10               000b8000   00002000  00000000  00002000  RWIX
  FLASH11               000ba000   00002000  00000000  00002000  RWIX
  FLASH12               000bc000   00002000  00000000  00002000  RWIX
  FLASH13               000be000   00001ff0  00000000  00001ff0  RWIX
  RESET                 003fffc0   00000002  00000000  00000002  RWIX


SECTION ALLOCATION MAP

 output                                  attributes/
section   page    origin      length       input sections
--------  ----  ----------  ----------   ----------------
codestart 
*          0    00080000    00000002     
                  00080000    00000002     f2838x_codestartbranch.obj (codestart)

.cinit     0    00088000    00000030     
                  00088000    0000001e     (.cinit..data.load) [load image, compression = lzss]
                  0008801e    00000006     (__TI_handler_table)
                  00088024    00000004     (.cinit..bss.load) [load image, compression = zero_init]
                  00088028    00000008     (__TI_cinit_table)

.reset     0    003fffc0    00000000     DSECT

.stack     0    00000400    00000100     UNINITIALIZED
                  00000400    00000100     --HOLE--

.init_array 
*          0    00082000    00000000     UNINITIALIZED

.bss       0    0000a862    00000036     UNINITIALIZED
                  0000a862    0000001c     ipc_cpu1.obj (.bss)
                  0000a87e    00000002     --HOLE--
                  0000a880    00000018     speed_pi.obj (.bss)

.data      0    0000a800    00000062     UNINITIALIZED
                  0000a800    00000028     empty_c28x_dual_driverlib_main_cpu1.obj (.data)
                  0000a828    00000012     ipc_cpu1.obj (.data)
                  0000a83a    00000006     rts2800_fpu64_eabi.lib : exit.c.obj (.data)
                  0000a840    0000001a     foc_svpwm.obj (.data)
                  0000a85a    00000002     rts2800_fpu64_eabi.lib : _lock.c.obj (.data:_lock)
                  0000a85c    00000002                            : _lock.c.obj (.data:_unlock)
                  0000a85e    00000002     key.obj (.data)
                  0000a860    00000002     speed_pi.obj (.data)

MSGRAM_CM_TO_CPU 
*          0    00038000    00000088     UNINITIALIZED
                  00038000    00000088     driverlib.lib : ipc.obj (MSGRAM_CM_TO_CPU)

MSGRAM_CPU_TO_CM 
*          0    00039000    00000088     UNINITIALIZED
                  00039000    00000088     driverlib.lib : ipc.obj (MSGRAM_CPU_TO_CM)

.const     0    00090000    00000683     
                  00090000    00000112     board.obj (.const:.string)
                  00090112    00000098     device.obj (.const:.string)
                  000901aa    00000098     driverlib.lib : flash.obj (.const:.string)
                  00090242    00000097                   : gpio.obj (.const:.string)
                  000902d9    00000001     --HOLE-- [fill = 0]
                  000902da    00000097                   : sysctl.obj (.const:.string)
                  00090371    00000001     --HOLE-- [fill = 0]
                  00090372    00000094                   : dcc.obj (.const:.string)
                  00090406    00000088     empty_c28x_dual_driverlib_main_cpu1.obj (.const:.string)
                  0009048e    00000088     driverlib.lib : ipc.obj (.const:IPC_Instance)
                  00090516    0000004b                   : eqep.obj (.const:.string)
                  00090561    00000001     --HOLE-- [fill = 0]
                  00090562    0000004a                   : adc.obj (.const:.string)
                  000905ac    0000004a                   : ipc.obj (.const:.string)
                  000905f6    00000044     foc_svpwm.obj (.const:.string)
                  0009063a    00000044     key.obj (.const:.string)
                  0009067e    00000002     --HOLE-- [fill = 0]
                  00090680    00000003     board.obj (.const)

MSGRAM_CPU1_TO_CPU2 
*          0    0003a000    00000088     UNINITIALIZED
                  0003a000    00000088     driverlib.lib : ipc.obj (MSGRAM_CPU1_TO_CPU2)

MSGRAM_CPU2_TO_CPU1 
*          0    0003b000    00000088     UNINITIALIZED
                  0003b000    00000088     driverlib.lib : ipc.obj (MSGRAM_CPU2_TO_CPU1)

.TI.ramfunc 
*          0    00086000    00000122     RUN ADDR = 00008000
                  00086000    0000003f     driverlib.lib : flash.obj (.TI.ramfunc:Flash_initModule)
                  0008603f    0000002c                   : flash.obj (.TI.ramfunc:Flash_setBankPowerMode)
                  0008606b    00000022                   : flash.obj (.TI.ramfunc:Flash_setWaitstates)
                  0008608d    0000001d                   : flash.obj (.TI.ramfunc:Flash_setPumpPowerMode)
                  000860aa    00000018                   : flash.obj (.TI.ramfunc:Flash_disableCache)
                  000860c2    00000018                   : flash.obj (.TI.ramfunc:Flash_disablePrefetch)
                  000860da    00000017                   : flash.obj (.TI.ramfunc:Flash_enableCache)
                  000860f1    00000017                   : flash.obj (.TI.ramfunc:Flash_enablePrefetch)
                  00086108    00000016                   : flash.obj (.TI.ramfunc:Flash_enableECC)
                  0008611e    00000004                   : sysctl.obj (.TI.ramfunc)

.text.1    0    00082000    00002000     
                  00082000    000007bd     board.obj (.text:SYSCTL_init)
                  000827bd    000002f6     board.obj (.text:EPWM_init)
                  00082ab3    000001ef     foc_svpwm.obj (.text:FOC_CalculateSectorTimes)
                  00082ca2    0000017d     ecat_gpio.obj (.text:ECAT_GPIO_init)
                  00082e1f    0000013b     driverlib.lib : sysctl.obj (.text:SysCtl_setClock)
                  00082f5a    00000118                   : sysctl.obj (.text:SysCtl_isPLLValid)
                  00083072    00000118                   : sysctl.obj (.text:SysCtl_setAuxClock)
                  0008318a    000000f5     ipc_cpu1.obj (.text:IPC_CPU1_ExecuteCommand)
                  0008327f    000000cb     driverlib.lib : dcc.obj (.text:DCC_verifyClockFrequency)
                  0008334a    000000aa     empty_c28x_dual_driverlib_main_cpu1.obj (.text:epwm1ISR)
                  000833f4    000000a2     board.obj (.text:PinMux_init)
                  00083496    0000009f     empty_c28x_dual_driverlib_main_cpu1.obj (.text:main)
                  00083535    00000093     device.obj (.text:Device_init)
                  000835c8    00000088     rts2800_fpu64_eabi.lib : fs_div28.asm.obj (.text)
                  00083650    00000075     board.obj (.text:EPWM_setADCTriggerSource)
                  000836c5    00000073     driverlib.lib : dcc.obj (.text:DCC_setCounterSeeds)
                  00083738    00000073                   : sysctl.obj (.text:DCC_setCounterSeeds)
                  000837ab    00000071     speed_pi.obj (.text:PMSM_PID_Update)
                  0008381c    0000006e     ipc_cpu1.obj (.text:IPC_CPU1_CM_1_ISR)
                  0008388a    0000006e     rts2800_fpu64_eabi.lib : s_sinf.c.obj (.text)
                  000838f8    0000006c     driverlib.lib : adc.obj (.text:ADC_setINLTrim)
                  00083964    0000006b     board.obj (.text:myEQEP0_init)
                  000839cf    00000064     driverlib.lib : ipc.obj (.text:IPC_initMessageQueue)
                  00083a33    00000063     rts2800_fpu64_eabi.lib : s_cosf.c.obj (.text)
                  00083a96    00000062     ipc_cpu1.obj (.text:IPC_1_ISR)
                  00083af8    00000062     driverlib.lib : ipc.obj (.text:IPC_readMessageFromQueue)
                  00083b5a    00000061                   : sysctl.obj (.text:SysCtl_getAuxClock)
                  00083bbb    00000060                   : sysctl.obj (.text:SysCtl_getClock)
                  00083c1b    0000005e                   : sysctl.obj (.text:SysCtl_selectOscSourceAuxPLL)
                  00083c79    0000005d                   : adc.obj (.text:ADC_setOffsetTrim)
                  00083cd6    0000005c     Startup_stage.obj (.text:Rotor_Positioning2)
                  00083d32    0000005a     driverlib.lib : ipc.obj (.text:IPC_sendMessageToQueue)
                  00083d8c    00000059     foc_svpwm.obj (.text:FOC_CalculatePWMValues)
                  00083de5    00000052     driverlib.lib : gpio.obj (.text:GPIO_setPadConfig)
                  00083e37    0000004c     key.obj (.text:Key_Process)
                  00083e83    0000004b     board.obj (.text:EPWM_isBaseValid)
                  00083ece    0000004b     empty_c28x_dual_driverlib_main_cpu1.obj (.text:EPWM_isBaseValid)
                  00083f19    0000004b     foc_svpwm.obj (.text:EPWM_isBaseValid)
                  00083f64    0000004b     board.obj (.text:EPWM_setInterruptSource)
                  00083faf    0000004a     ipc_cpu1.obj (.text:IPC_CPU1_PollSend)
                  00083ff9    00000007     ipc_cpu1.obj (.text:IPC_CPU1_CM_SyncWithCM)

.text.2    0    00084000    000017ad     
                  00084000    00000047     driverlib.lib : sysctl.obj (.text:SysCtl_selectOscSource)
                  00084047    00000044                   : sysctl.obj (.text:SysCtl_pollX1Counter)
                  0008408b    00000043                   : eqep.obj (.text:EQEP_setInputPolarity)
                  000840ce    00000041     foc_svpwm.obj (.text:FOC_SVPWM_Update)
                  0008410f    00000040     board.obj (.text:EPWM_setActionQualifierAction)
                  0008414f    00000040     driverlib.lib : sysctl.obj (.text:SysCtl_selectXTAL)
                  0008418f    0000003e     board.obj (.text:EPWM_setCounterCompareShadowLoadMode)
                  000841cd    0000003d     driverlib.lib : interrupt.obj (.text:Interrupt_initModule)
                  0008420a    0000003c     key.obj (.text:GPIO_readPin)
                  00084246    0000003b     ipc_cpu1.obj (.text:IPC_CPU1_SendStatusToCM)
                  00084281    0000003a     board.obj (.text:EPWM_setADCTriggerEventPrescale)
                  000842bb    0000003a     board.obj (.text:EPWM_setActionQualifierShadowLoadMode)
                  000842f5    00000039     speed_pi.obj (.text:PMSM_PID_Init)
                  0008432e    00000037     driverlib.lib : gpio.obj (.text:GPIO_setControllerCore)
                  00084365    00000037                   : gpio.obj (.text:GPIO_setPinConfig)
                  0008439c    00000037                   : gpio.obj (.text:GPIO_setQualificationMode)
                  000843d3    00000037                   : interrupt.obj (.text:Interrupt_enable)
                  0008440a    00000037     key.obj (.text:Key_Init)
                  00084441    00000036     device.obj (.text:CAN_selectClockSource)
                  00084477    00000036     driverlib.lib : ipc.obj (.text:IPC_registerInterrupt)
                  000844ad    00000036                   : sysctl.obj (.text:SysCtl_configureType)
                  000844e3    00000031     foc_svpwm.obj (.text:FOC_InitVariables)
                  00084514    00000031     driverlib.lib : gpio.obj (.text:GPIO_setDirectionMode)
                  00084545    00000030     board.obj (.text:EQEP_selectSource)
                  00084575    0000002f     foc_svpwm.obj (.text:FOC_VoltageCalculation)
                  000845a4    0000002e     rts2800_fpu64_eabi.lib : copy_decompress_lzss.c.obj (.text:decompress:lzss)
                  000845d2    0000002c     board.obj (.text:EPWM_setDeadBandDelayMode)
                  000845fe    0000002b     foc_svpwm.obj (.text:FOC_GetSector)
                  00084629    0000002b     foc_svpwm.obj (.text:FOC_InvPark)
                  00084654    0000002b     ipc_cpu1.obj (.text:IPC_CPU1_AssignSCIAtoCPU2)
                  0008467f    0000002b     rts2800_fpu64_eabi.lib : autoinit.c.obj (.text:__TI_auto_init_nobinit_nopinit)
                  000846aa    0000002b     empty_c28x_dual_driverlib_main_cpu1.obj (.text:wrap_angle_0_to_2pi)
                  000846d5    0000002a     board.obj (.text:SysCtl_selectCPUForPeripheral)
                  000846ff    00000029     rts2800_fpu64_eabi.lib : exit.c.obj (.text)
                  00084728    00000028     driverlib.lib : adc.obj (.text:ADC_setMode)
                  00084750    00000028     board.obj (.text:EPWM_setInterruptEventCount)
                  00084778    00000028     ipc_cpu1.obj (.text:SysCtl_selectCPUForPeripheralInstance)
                  000847a0    00000027     board.obj (.text:myADC1_init)
                  000847c7    00000025     speed_pi.obj (.text:PMSM_PID_SetOutputLimit)
                  000847ec    00000025     driverlib.lib : sysctl.obj (.text:SysCtl_controlCMReset)
                  00084811    00000025                   : sysctl.obj (.text:SysCtl_selectXTALSingleEnded)
                  00084836    00000024                   : dcc.obj (.text:DCC_enableSingleShotMode)
                  0008485a    00000024                   : sysctl.obj (.text:DCC_enableSingleShotMode)
                  0008487e    00000024     board.obj (.text:EPWM_disableCounterCompareShadowLoadMode)
                  000848a2    00000024     board.obj (.text:EPWM_setDeadBandDelayPolarity)
                  000848c6    00000024     board.obj (.text:EPWM_setupEPWMLinks)
                  000848ea    00000024     ipc_cpu1.obj (.text:IPC_CPU1_SendAckToCM)
                  0008490e    00000022     board.obj (.text:EPWM_setCounterCompareValue)
                  00084930    00000022     foc_svpwm.obj (.text:EPWM_setCounterCompareValue)
                  00084952    00000021     device.obj (.text:Device_initGPIO)
                  00084973    00000021     driverlib.lib : sysctl.obj (.text:SysCtl_controlCPU2Reset)
                  00084994    00000020     rts2800_fpu64_eabi.lib : memcpy.c.obj (.text)
                  000849b4    0000001f     empty_c28x_dual_driverlib_main_cpu1.obj (.text:EPWM_clearTripZoneFlag)
                  000849d3    0000001f     board.obj (.text:EPWM_setFallingEdgeDelayCountShadowLoadMode)
                  000849f2    0000001f     board.obj (.text:EPWM_setRisingEdgeDelayCountShadowLoadMode)
                  00084a11    0000001e     driverlib.lib : dcc.obj (.text:DCC_setCounter0ClkSource)
                  00084a2f    0000001e                   : sysctl.obj (.text:DCC_setCounter0ClkSource)
                  00084a4d    0000001e                   : dcc.obj (.text:DCC_setCounter1ClkSource)
                  00084a6b    0000001e                   : sysctl.obj (.text:DCC_setCounter1ClkSource)
                  00084a89    0000001e     device.obj (.text:Device_verifyXTAL)
                  00084aa7    0000001e     board.obj (.text:EPWM_setPhaseShift)
                  00084ac5    0000001e     driverlib.lib : interrupt.obj (.text:Interrupt_initVectorTable)
                  00084ae3    0000001d     board.obj (.text:EPWM_enableSyncOutPulseSource)
                  00084b00    0000001d     board.obj (.text:EPWM_setFallingEdgeDelayCount)
                  00084b1d    0000001d     board.obj (.text:EPWM_setRisingEdgeDelayCount)
                  00084b3a    0000001d     board.obj (.text:EQEP_setEmulationMode)
                  00084b57    0000001d     board.obj (.text:EQEP_setPositionCounterConfig)
                  00084b74    0000001d     foc_svpwm.obj (.text:FOC_InvClarke)
                  00084b91    0000001c     board.obj (.text:ADC_setSOCPriority)
                  00084bad    0000001c     driverlib.lib : dcc.obj (.text:DCC_getErrorStatus)
                  00084bc9    0000001c                   : dcc.obj (.text:DCC_getSingleShotStatus)
                  00084be5    0000001c     board.obj (.text:EPWM_enableADCTrigger)
                  00084c01    0000001c     board.obj (.text:EPWM_setClockPrescaler)
                  00084c1d    0000001c     board.obj (.text:EQEP_setCaptureConfig)
                  00084c39    0000001c     board.obj (.text:EQEP_setSWPositionInit)
                  00084c55    0000001b     board.obj (.text:ADC_isBaseValid)
                  00084c70    0000001b     driverlib.lib : adc.obj (.text:ADC_isBaseValid)
                  00084c8b    0000001b     board.obj (.text:EPWM_setDeadBandControlShadowLoadMode)
                  00084ca6    0000001b     device.obj (.text:SysCtl_setCLBClkDivider)
                  00084cc1    0000001b     board.obj (.text:SysCtl_setStandbyQualificationPeriod)
                  00084cdc    0000001a     driverlib.lib : dcc.obj (.text:DCC_isBaseValid)
                  00084cf6    0000001a                   : sysctl.obj (.text:DCC_isBaseValid)
                  00084d10    0000001a     board.obj (.text:EPWM_disableActionQualifierShadowLoadMode)
                  00084d2a    0000001a     board.obj (.text:EQEP_setDecoderConfig)
                  00084d44    0000001a     board.obj (.text:EQEP_setPositionInitMode)
                  00084d5e    0000001a     board.obj (.text:EQEP_setQMAModuleMode)
                  00084d78    0000001a     board.obj (.text:EQEP_setStrobeSource)
                  00084d92    0000001a     driverlib.lib : sysctl.obj (.text:SysCtl_getLowSpeedClock)
                  00084dac    00000019     board.obj (.text:EPWM_setCountModeAfterSync)
                  00084dc5    00000019     empty_c28x_dual_driverlib_main_cpu1.obj (.text:EQEP_getDirection)
                  00084dde    00000019     board.obj (.text:EQEP_setLatchMode)
                  00084df7    00000019     foc_svpwm.obj (.text:FOC_ApplyPWM)
                  00084e10    00000019     foc_svpwm.obj (.text:FOC_LimitFloat)
                  00084e29    00000019     device.obj (.text:IPC_setBootMode)
                  00084e42    00000019     speed_pi.obj (.text:SpeedPI_Clamp)
                  00084e5b    00000019     board.obj (.text:SysCtl_allocateSharedPeripheral)
                  00084e74    00000019     empty_c28x_dual_driverlib_main_cpu1.obj (.text:SysCtl_allocateSharedPeripheral)
                  00084e8d    00000019     device.obj (.text:SysCtl_setECatClk)
                  00084ea6    00000019     rts2800_fpu64_eabi.lib : boot28.asm.obj (.text)
                  00084ebf    00000018     board.obj (.text:EPWM_disableDeadBandControlShadowLoadMode)
                  00084ed7    00000018     board.obj (.text:EPWM_disableFallingEdgeDelayCountShadowLoadMode)
                  00084eef    00000018     board.obj (.text:EPWM_disableRisingEdgeDelayCountShadowLoadMode)
                  00084f07    00000018     board.obj (.text:SysCtl_disablePeripheral)
                  00084f1f    00000018     empty_c28x_dual_driverlib_main_cpu1.obj (.text:SysCtl_disablePeripheral)
                  00084f37    00000017     board.obj (.text:EQEP_isBaseValid)
                  00084f4e    00000017     driverlib.lib : eqep.obj (.text:EQEP_isBaseValid)
                  00084f65    00000017     empty_c28x_dual_driverlib_main_cpu1.obj (.text:EQEP_isBaseValid)
                  00084f7c    00000017     ipc_cpu1.obj (.text:IPC_CPU1_SendAck)
                  00084f93    00000017     board.obj (.text:SysCtl_enablePeripheral)
                  00084faa    00000017     device.obj (.text:SysCtl_enablePeripheral)
                  00084fc1    00000017     driverlib.lib : sysctl.obj (.text:SysCtl_enablePeripheral)
                  00084fd8    00000017     empty_c28x_dual_driverlib_main_cpu1.obj (.text:SysCtl_enablePeripheral)
                  00084fef    00000016     board.obj (.text:ADC_setInterruptCycleOffset)
                  00085005    00000016     board.obj (.text:ADC_setInterruptPulseMode)
                  0008501b    00000016     board.obj (.text:ADC_setPrescaler)
                  00085031    00000016     driverlib.lib : dcc.obj (.text:DCC_disableDoneSignal)
                  00085047    00000016                   : sysctl.obj (.text:DCC_disableDoneSignal)
                  0008505d    00000016                   : dcc.obj (.text:DCC_enableDoneSignal)
                  00085073    00000016     device.obj (.text:Device_bootCM)
                  00085089    00000016     device.obj (.text:Device_bootCPU2)
                  0008509f    00000016     board.obj (.text:EPWM_setSyncInPulseSource)
                  000850b5    00000016     driverlib.lib : interrupt.obj (.text:Interrupt_defaultHandler)
                  000850cb    00000016     speed_pi.obj (.text:PMSM_PID_Reset)
                  000850e1    00000016     device.obj (.text:SysCtl_setEMIF1ClockDivider)
                  000850f7    00000016     device.obj (.text:SysCtl_setEMIF2ClockDivider)
                  0008510d    00000016     driverlib.lib : sysctl.obj (.text:SysCtl_setSemOwner)
                  00085123    00000015     board.obj (.text:ADC_disableBurstMode)
                  00085138    00000015     board.obj (.text:Board_init)
                  0008514d    00000015     device.obj (.text:CAN_isBaseValid)
                  00085162    00000015     driverlib.lib : dcc.obj (.text:DCC_clearDoneFlag)
                  00085177    00000015                   : sysctl.obj (.text:DCC_clearDoneFlag)
                  0008518c    00000015                   : dcc.obj (.text:DCC_clearErrorFlag)
                  000851a1    00000015                   : sysctl.obj (.text:DCC_clearErrorFlag)
                  000851b6    00000015                   : dcc.obj (.text:DCC_disableErrorSignal)
                  000851cb    00000015                   : sysctl.obj (.text:DCC_disableErrorSignal)
                  000851e0    00000015     foc_svpwm.obj (.text:FOC_CalculateElectricalAngle)
                  000851f5    00000015     device.obj (.text:GPIO_unlockPortConfig)
                  0008520a    00000014     driverlib.lib : dcc.obj (.text:DCC_disableModule)
                  0008521e    00000014                   : sysctl.obj (.text:DCC_disableModule)
                  00085232    00000014                   : dcc.obj (.text:DCC_enableErrorSignal)
                  00085246    00000014                   : dcc.obj (.text:DCC_enableModule)
                  0008525a    00000014                   : sysctl.obj (.text:DCC_enableModule)
                  0008526e    00000014     board.obj (.text:EPWM_setTimeBaseCounterMode)
                  00085282    00000014     board.obj (.text:EPWM_setTimeBasePeriod)
                  00085296    00000014     ipc_cpu1.obj (.text:IPC_waitForAck)
                  000852aa    00000014     board.obj (.text:SysCtl_selectErrPinPolarity)
                  000852be    00000014     device.obj (.text:SysCtl_setEnetClk)
                  000852d2    00000014     board.obj (.text:SysCtl_setPeripheralAccessControl)
                  000852e6    00000014     board.obj (.text:XINT1_init)
                  000852fa    00000014     board.obj (.text:XINT2_init)
                  0008530e    00000014     board.obj (.text:XINT3_init)
                  00085322    00000014     board.obj (.text:XINT4_init)
                  00085336    00000013     board.obj (.text:ADC_enableConverter)
                  00085349    00000013     device.obj (.text:Device_enableUnbondedGPIOPullupsFor176Pin)
                  0008535c    00000013     empty_c28x_dual_driverlib_main_cpu1.obj (.text:EPWM_clearEventTriggerInterruptFlag)
                  0008536f    00000013     board.obj (.text:EPWM_enableInterrupt)
                  00085382    00000013     board.obj (.text:EQEP_disableDirectionChangeDuringIndex)
                  00085395    00000013     board.obj (.text:EQEP_disableUnitTimer)
                  000853a8    00000013     board.obj (.text:EQEP_disableWatchdog)
                  000853bb    00000013     board.obj (.text:EQEP_enableCapture)
                  000853ce    00000013     board.obj (.text:EQEP_enableModule)
                  000853e1    00000013     empty_c28x_dual_driverlib_main_cpu1.obj (.text:EQEP_enableModule)
                  000853f4    00000013     ipc_cpu1.obj (.text:IPC_CPU1_CM_Init)
                  00085407    00000013     ipc_cpu1.obj (.text:IPC_sync)
                  0008541a    00000013     key.obj (.text:Key_ClampSpeed)
                  0008542d    00000012     board.obj (.text:EPWM_setTimeBaseCounter)
                  0008543f    00000012     empty_c28x_dual_driverlib_main_cpu1.obj (.text:EQEP_getCapturePeriodLatch)
                  00085451    00000012     ipc_cpu1.obj (.text:IPC_waitForFlag)
                  00085463    00000012     key.obj (.text:Key_CheckPressed)
                  00085475    00000012     device.obj (.text:SysCtl_setMCANClk)
                  00085487    00000012     board.obj (.text:SysCtl_setSyncOutputConfig)
                  00085499    00000012     rts2800_fpu64_eabi.lib : args_main.c.obj (.text)
                  000854ab    00000011     device.obj (.text:Device_enableUnbondedGPIOPullups)
                  000854bc    00000011     board.obj (.text:EPWM_disablePhaseShiftLoad)
                  000854cd    00000011     board.obj (.text:EPWM_enablePhaseShiftLoad)
                  000854de    00000011     board.obj (.text:EQEP_setInitialPosition)
                  000854ef    00000011     board.obj (.text:EQEP_setPosition)
                  00085500    00000011     empty_c28x_dual_driverlib_main_cpu1.obj (.text:EQEP_setPosition)
                  00085511    00000011     speed_pi.obj (.text:PMSM_SetPIDParams)
                  00085522    00000011     device.obj (.text:SysCtl_setCMClk)
                  00085533    00000010     empty_c28x_dual_driverlib_main_cpu1.obj (.text:EQEP_getPosition)
                  00085543    00000010     driverlib.lib : flash.obj (.text:Flash_isCtrlBaseValid)
                  00085553    00000010                   : flash.obj (.text:Flash_isECCBaseValid)
                  00085563    0000000f     ipc_cpu1.obj (.text:IPC_ackFlagRtoL)
                  00085572    0000000f     ipc_cpu1.obj (.text:IPC_clearFlagLtoR)
                  00085581    0000000f     device.obj (.text:IPC_setFlagLtoR)
                  00085590    0000000f     driverlib.lib : ipc.obj (.text:IPC_setFlagLtoR)
                  0008559f    0000000f     ipc_cpu1.obj (.text:IPC_setFlagLtoR)
                  000855ae    0000000f     board.obj (.text:Interrupt_register)
                  000855bd    0000000f     driverlib.lib : ipc.obj (.text:Interrupt_register)
                  000855cc    0000000f     empty_c28x_dual_driverlib_main_cpu1.obj (.text:Interrupt_register)
                  000855db    0000000f     driverlib.lib : ipc.obj (.text:Interrupt_unregister)
                  000855ea    0000000f     key.obj (.text:Key_IsPressed)
                  000855f9    0000000f     key.obj (.text:Key_WaitRelease)
                  00085608    0000000f     speed_pi.obj (.text:PMSM_PID_SetFilterAlpha)
                  00085617    0000000f     device.obj (.text:SysCtl_setEPWMClockDivider)
                  00085626    0000000f     driverlib.lib : sysctl.obj (.text:SysCtl_setPLLSysClk)
                  00085635    0000000e                   : gpio.obj (.text:GPIO_isPinValid)
                  00085643    0000000e     key.obj (.text:GPIO_isPinValid)
                  00085651    0000000d     foc_svpwm.obj (.text:FOC_LimitCompareValue)
                  0008565e    0000000d     board.obj (.text:INTERRUPT_init)
                  0008566b    0000000d     driverlib.lib : interrupt.obj (.text:Interrupt_disableGlobal)
                  00085678    0000000d                   : interrupt.obj (.text:Interrupt_enableGlobal)
                  00085685    0000000d     key.obj (.text:Key_SetCommandSpeed)
                  00085692    0000000d     device.obj (.text:SysCtl_setLowSpeedClock)
                  0008569f    0000000d     rts2800_fpu64_eabi.lib : copy_zero_init.c.obj (.text:decompress:ZI:__TI_zero_init_nomemset)
                  000856ac    0000000c     speed_pi.obj (.text:PMSM_PID_SetTargetSpeed)
                  000856b8    0000000c     board.obj (.text:SysCtl_enableExtADCSOCSource)
                  000856c4    0000000b     ipc_cpu1.obj (.text:IPC_CPU1_Init)
                  000856cf    0000000b     speed_pi.obj (.text:PMSM_PID_Enable)
                  000856da    0000000b     device.obj (.text:SysCtl_disableWatchdog)
                  000856e5    0000000b     device.obj (.text:SysCtl_isCMReset)
                  000856f0    0000000b     driverlib.lib : sysctl.obj (.text:SysCtl_isCMReset)
                  000856fb    0000000b     device.obj (.text:SysCtl_isCPU2Reset)
                  00085706    0000000b     driverlib.lib : sysctl.obj (.text:SysCtl_isMCDClockFailureDetected)
                  00085711    0000000a     ipc_cpu1.obj (.text:IPC_CPU1_SyncWithCPU2)
                  0008571b    0000000a     ipc_cpu1.obj (.text:IPC_CPU1_TickFromISR)
                  00085725    0000000a     driverlib.lib : interrupt.obj (.text:Interrupt_illegalOperationHandler)
                  0008572f    0000000a                   : interrupt.obj (.text:Interrupt_nmiHandler)
                  00085739    0000000a     speed_pi.obj (.text:PMSM_PID_SetUpdatePrescaler)
                  00085743    0000000a     board.obj (.text:SYNC_init)
                  0008574d    00000009     board.obj (.text:GPIO_init)
                  00085756    00000009     ipc_cpu1.obj (.text:IPC_init)
                  0008575f    00000009     rts2800_fpu64_eabi.lib : _lock.c.obj (.text)
                  00085768    00000008                            : copy_decompress_none.c.obj (.text:decompress:none)
                  00085770    00000008     f2838x_codestartbranch.obj (.text)
                  00085778    00000007     board.obj (.text:SysCtl_disableMCD)
                  0008577f    00000007     driverlib.lib : sysctl.obj (.text:SysCtl_resetMCD)
                  00085786    00000007     device.obj (.text:__error__)
                  0008578d    00000006     empty_c28x_dual_driverlib_main_cpu1.obj (.text:Interrupt_clearACKGroup)
                  00085793    00000006     ipc_cpu1.obj (.text:Interrupt_clearACKGroup)
                  00085799    00000005     key.obj (.text:Key_GetCommandSpeed)
                  0008579e    00000005     speed_pi.obj (.text:PMSM_PID_GetOutput)
                  000857a3    00000003     board.obj (.text:ADC_init)
                  000857a6    00000003     board.obj (.text:EQEP_init)
                  000857a9    00000002     rts2800_fpu64_eabi.lib : pre_init.c.obj (.text)
                  000857ab    00000001     board.obj (.text:IPC_SYSCFG_init)
                  000857ac    00000001     rts2800_fpu64_eabi.lib : startup.c.obj (.text)

MODULE SUMMARY

       Module                                    code    ro data   rw data
       ------                                    ----    -------   -------
    .\
       empty_c28x_dual_driverlib_main_cpu1.obj   708     136       40     
    +--+-----------------------------------------+-------+---------+---------+
       Total:                                    708     136       40     
                                                                          
    .\APP\Closed_loop\
       foc_svpwm.obj                             1053    68        26     
       speed_pi.obj                              324     0         26     
       Startup_stage.obj                         92      0         0      
    +--+-----------------------------------------+-------+---------+---------+
       Total:                                    1469    68        52     
                                                                          
    .\APP\ecat\
       ecat_gpio.obj                             381     0         0      
    +--+-----------------------------------------+-------+---------+---------+
       Total:                                    381     0         0      
                                                                          
    .\APP\ipc\
       ipc_cpu1.obj                              902     0         46     
    +--+-----------------------------------------+-------+---------+---------+
       Total:                                    902     0         46     
                                                                          
    .\APP\key\
       key.obj                                   290     68        2      
    +--+-----------------------------------------+-------+---------+---------+
       Total:                                    290     68        2      
                                                                          
    .\device\
       f2838x_codestartbranch.obj                10      0         0      
    +--+-----------------------------------------+-------+---------+---------+
       Total:                                    10      0         0      
                                                                          
    .\syscfg\
       board.obj                                 5277    277       0      
       device.obj                                668     152       0      
    +--+-----------------------------------------+-------+---------+---------+
       Total:                                    5945    429       0      
                                                                          
    C:/ti/c2000/C2000Ware_26_00_00_00/driverlib/f2838x/driverlib/ccs/Debug/driverlib.lib
       sysctl.obj                                2011    151       0      
       ipc.obj                                   387     210       544    
       dcc.obj                                   663     148       0      
       flash.obj                                 604     152       0      
       gpio.obj                                  310     151       0      
       adc.obj                                   268     74        0      
       interrupt.obj                             214     0         0      
       eqep.obj                                  90      75        0      
    +--+-----------------------------------------+-------+---------+---------+
       Total:                                    4547    961       544    
                                                                          
    E:\CCS20\CCS20.5.0\ccs\tools\compiler\ti-cgt-c2000_25.11.0.LTS\lib\rts2800_fpu64_eabi.lib
       fs_div28.asm.obj                          136     0         0      
       s_sinf.c.obj                              110     0         0      
       s_cosf.c.obj                              99      0         0      
       exit.c.obj                                41      0         6      
       copy_decompress_lzss.c.obj                46      0         0      
       autoinit.c.obj                            43      0         0      
       memcpy.c.obj                              32      0         0      
       boot28.asm.obj                            25      0         0      
       args_main.c.obj                           18      0         0      
       _lock.c.obj                               9       0         4      
       copy_zero_init.c.obj                      13      0         0      
       copy_decompress_none.c.obj                8       0         0      
       pre_init.c.obj                            2       0         0      
       startup.c.obj                             1       0         0      
    +--+-----------------------------------------+-------+---------+---------+
       Total:                                    583     0         10     
                                                                          
       Stack:                                    0       0         256    
       Linker Generated:                         0       48        0      
    +--+-----------------------------------------+-------+---------+---------+
       Grand Total:                              14835   1710      950    


LINKER GENERATED COPY TABLES

__TI_cinit_table @ 00088028 records: 2, size/record: 4, table size: 8
	.data: load addr=00088000, load size=0000001e bytes, run addr=0000a800, run size=00000062 bytes, compression=lzss
	.bss: load addr=00088024, load size=00000004 bytes, run addr=0000a862, run size=00000036 bytes, compression=zero_init


LINKER GENERATED HANDLER TABLE

__TI_handler_table @ 0008801e records: 3, size/record: 2, table size: 6
	index: 0, handler: __TI_zero_init
	index: 1, handler: __TI_decompress_lzss
	index: 2, handler: __TI_decompress_none


GLOBAL DATA SYMBOLS: SORTED BY DATA PAGE

address     data page           name
--------    ----------------    ----
00000400      10 (00000400)     __stack

0000a800     2a0 (0000a800)     g_motor_run_enabled
0000a801     2a0 (0000a800)     g_motor_estop_active
0000a802     2a0 (0000a800)     TWOPI
0000a804     2a0 (0000a800)     ONEPI
0000a806     2a0 (0000a800)     vel_ff
0000a808     2a0 (0000a800)     acc_ff
0000a80a     2a0 (0000a800)     speed_ref_total
0000a80c     2a0 (0000a800)     uq_fb
0000a80e     2a0 (0000a800)     uq_ff
0000a810     2a0 (0000a800)     K_VFF
0000a812     2a0 (0000a800)     K_AFF
0000a814     2a0 (0000a800)     current_count
0000a816     2a0 (0000a800)     OverflowCount
0000a818     2a0 (0000a800)     ud
0000a81a     2a0 (0000a800)     uq
0000a81c     2a0 (0000a800)     Motor_Electric_Angle
0000a81e     2a0 (0000a800)     Motor_mechanical_Angle
0000a820     2a0 (0000a800)     target_position
0000a822     2a0 (0000a800)     current_position
0000a824     2a0 (0000a800)     target_speed
0000a826     2a0 (0000a800)     current_speed
0000a82a     2a0 (0000a800)     g_ipc_tx_count
0000a82c     2a0 (0000a800)     g_ipc_tx_drop_count
0000a82e     2a0 (0000a800)     g_cm_ipc_tx_count
0000a830     2a0 (0000a800)     g_cm_ipc_tx_drop_count
0000a832     2a0 (0000a800)     g_cm_ipc_cmd_rx_count
0000a834     2a0 (0000a800)     g_cm_ipc_cmd_error_count
0000a836     2a0 (0000a800)     g_cm_ipc_cmd_ack_tx_count
0000a838     2a0 (0000a800)     g_cm_ipc_cmd_ack_drop_count
0000a83a     2a0 (0000a800)     __TI_enable_exit_profile_output
0000a83c     2a0 (0000a800)     __TI_cleanup_ptr
0000a83e     2a0 (0000a800)     __TI_dtors_ptr

0000a840     2a1 (0000a840)     UA1
0000a842     2a1 (0000a840)     UA
0000a844     2a1 (0000a840)     UB
0000a846     2a1 (0000a840)     UC
0000a84c     2a1 (0000a840)     PWM_Channel
0000a85a     2a1 (0000a840)     _lock
0000a85c     2a1 (0000a840)     _unlock

0000a880     2a2 (0000a880)     speedPID

00038000     e00 (00038000)     IPC_CPU_To_CM_GetBuffer

00039000     e40 (00039000)     IPC_CPU_To_CM_PutBuffer

0003a000     e80 (0003a000)     IPC_CPU1_To_CPU2_PutBuffer

0003b000     ec0 (0003b000)     IPC_CPU1_To_CPU2_GetBuffer

0009048e    2412 (00090480)     IPC_Instance


GLOBAL SYMBOLS: SORTED ALPHABETICALLY BY Name 

page  address   name                                     
----  -------   ----                                     
0     000857a3  ADC_init                                 
0     000838f8  ADC_setINLTrim                           
0     00084728  ADC_setMode                              
0     00083c79  ADC_setOffsetTrim                        
0     00085138  Board_init                               
0     000846ff  C$$EXIT                                  
0     0008327f  DCC_verifyClockFrequency                 
0     00085073  Device_bootCM                            
0     00085089  Device_bootCPU2                          
0     000854ab  Device_enableUnbondedGPIOPullups         
0     00085349  Device_enableUnbondedGPIOPullupsFor176Pin
0     00083535  Device_init                              
0     00084952  Device_initGPIO                          
0     00084a89  Device_verifyXTAL                        
0     00082ca2  ECAT_GPIO_init                           
0     000827bd  EPWM_init                                
0     000857a6  EQEP_init                                
0     0008408b  EQEP_setInputPolarity                    
0     00084df7  FOC_ApplyPWM                             
0     000851e0  FOC_CalculateElectricalAngle             
0     00083d8c  FOC_CalculatePWMValues                   
0     00082ab3  FOC_CalculateSectorTimes                 
0     000845fe  FOC_GetSector                            
0     000844e3  FOC_InitVariables                        
0     000840ce  FOC_SVPWM_Update                         
0     00084575  FOC_VoltageCalculation                   
0     00008000  Flash_initModule                         
0     0008574d  GPIO_init                                
0     0008432e  GPIO_setControllerCore                   
0     00084514  GPIO_setDirectionMode                    
0     00083de5  GPIO_setPadConfig                        
0     00084365  GPIO_setPinConfig                        
0     0008439c  GPIO_setQualificationMode                
0     0008565e  INTERRUPT_init                           
0     00083a96  IPC_1_ISR                                
0     00084654  IPC_CPU1_AssignSCIAtoCPU2                
0     0008381c  IPC_CPU1_CM_1_ISR                        
0     000853f4  IPC_CPU1_CM_Init                         
0     00083ff9  IPC_CPU1_CM_SyncWithCM                   
0     000856c4  IPC_CPU1_Init                            
0     00083faf  IPC_CPU1_PollSend                        
0     00085711  IPC_CPU1_SyncWithCPU2                    
0     0008571b  IPC_CPU1_TickFromISR                     
0     0003b000  IPC_CPU1_To_CPU2_GetBuffer               
0     0003a000  IPC_CPU1_To_CPU2_PutBuffer               
0     00038000  IPC_CPU_To_CM_GetBuffer                  
0     00039000  IPC_CPU_To_CM_PutBuffer                  
0     0009048e  IPC_Instance                             
0     000857ab  IPC_SYSCFG_init                          
0     000839cf  IPC_initMessageQueue                     
0     00083af8  IPC_readMessageFromQueue                 
0     00084477  IPC_registerInterrupt                    
0     00083d32  IPC_sendMessageToQueue                   
0     000850b5  Interrupt_defaultHandler                 
0     000843d3  Interrupt_enable                         
0     00085725  Interrupt_illegalOperationHandler        
0     000841cd  Interrupt_initModule                     
0     00084ac5  Interrupt_initVectorTable                
0     0008572f  Interrupt_nmiHandler                     
0     0000a812  K_AFF                                    
0     0000a810  K_VFF                                    
0     00085799  Key_GetCommandSpeed                      
0     0008440a  Key_Init                                 
0     00083e37  Key_Process                              
0     00085685  Key_SetCommandSpeed                      
0     0000a81c  Motor_Electric_Angle                     
0     0000a81e  Motor_mechanical_Angle                   
0     0000a804  ONEPI                                    
0     0000a816  OverflowCount                            
0     000856cf  PMSM_PID_Enable                          
0     0008579e  PMSM_PID_GetOutput                       
0     000842f5  PMSM_PID_Init                            
0     000850cb  PMSM_PID_Reset                           
0     00085608  PMSM_PID_SetFilterAlpha                  
0     000847c7  PMSM_PID_SetOutputLimit                  
0     000856ac  PMSM_PID_SetTargetSpeed                  
0     00085739  PMSM_PID_SetUpdatePrescaler              
0     000837ab  PMSM_PID_Update                          
0     00085511  PMSM_SetPIDParams                        
0     0000a84c  PWM_Channel                              
0     000833f4  PinMux_init                              
0     00086122  RamfuncsLoadEnd                          
abs   00000122  RamfuncsLoadSize                         
0     00086000  RamfuncsLoadStart                        
0     00008122  RamfuncsRunEnd                           
abs   00000122  RamfuncsRunSize                          
0     00008000  RamfuncsRunStart                         
0     00083cd6  Rotor_Positioning2                       
0     00085743  SYNC_init                                
0     00082000  SYSCTL_init                              
0     000844ad  SysCtl_configureType                     
0     000847ec  SysCtl_controlCMReset                    
0     00084973  SysCtl_controlCPU2Reset                  
0     0000811e  SysCtl_delay                             
0     00083b5a  SysCtl_getAuxClock                       
0     00083bbb  SysCtl_getClock                          
0     00084d92  SysCtl_getLowSpeedClock                  
0     00082f5a  SysCtl_isPLLValid                        
0     00084000  SysCtl_selectOscSource                   
0     00083c1b  SysCtl_selectOscSourceAuxPLL             
0     0008414f  SysCtl_selectXTAL                        
0     00084811  SysCtl_selectXTALSingleEnded             
0     00083072  SysCtl_setAuxClock                       
0     00082e1f  SysCtl_setClock                          
0     0008510d  SysCtl_setSemOwner                       
0     0000a802  TWOPI                                    
0     0000a842  UA                                       
0     0000a840  UA1                                      
0     0000a844  UB                                       
0     0000a846  UC                                       
0     000852e6  XINT1_init                               
0     000852fa  XINT2_init                               
0     0008530e  XINT3_init                               
0     00085322  XINT4_init                               
0     00088028  __TI_CINIT_Base                          
0     00088030  __TI_CINIT_Limit                         
0     00088030  __TI_CINIT_Warm                          
0     0008801e  __TI_Handler_Table_Base                  
0     00088024  __TI_Handler_Table_Limit                 
0     00000500  __TI_STACK_END                           
abs   00000100  __TI_STACK_SIZE                          
0     0008467f  __TI_auto_init_nobinit_nopinit           
0     0000a83c  __TI_cleanup_ptr                         
0     000845a4  __TI_decompress_lzss                     
0     00085768  __TI_decompress_none                     
0     0000a83e  __TI_dtors_ptr                           
0     0000a83a  __TI_enable_exit_profile_output          
abs   ffffffff  __TI_pprof_out_hndl                      
abs   ffffffff  __TI_prof_data_size                      
abs   ffffffff  __TI_prof_data_start                     
0     0008569f  __TI_zero_init_nomemset                  
0     000835c8  __c28xabi_divf                           
abs   ffffffff  __c_args__                               
0     00085786  __error__                                
0     00000400  __stack                                  
0     00085499  _args_main                               
0     00084ea6  _c_int00                                 
0     0000a85a  _lock                                    
0     00085767  _nop                                     
0     00085763  _register_lock                           
0     0008575f  _register_unlock                         
0     000857ac  _system_post_cinit                       
0     000857a9  _system_pre_init                         
0     0000a85c  _unlock                                  
0     000846ff  abort                                    
0     0000a808  acc_ff                                   
0     00080000  code_start                               
0     00083a33  cosf                                     
0     0000a814  current_count                            
0     0000a822  current_position                         
0     0000a826  current_speed                            
0     0008334a  epwm1ISR                                 
0     00084701  exit                                     
0     0000a838  g_cm_ipc_cmd_ack_drop_count              
0     0000a836  g_cm_ipc_cmd_ack_tx_count                
0     0000a834  g_cm_ipc_cmd_error_count                 
0     0000a832  g_cm_ipc_cmd_rx_count                    
0     0000a82e  g_cm_ipc_tx_count                        
0     0000a830  g_cm_ipc_tx_drop_count                   
0     0000a82a  g_ipc_tx_count                           
0     0000a82c  g_ipc_tx_drop_count                      
0     0000a801  g_motor_estop_active                     
0     0000a800  g_motor_run_enabled                      
0     00083496  main                                     
0     00084994  memcpy                                   
0     000847a0  myADC1_init                              
0     00083964  myEQEP0_init                             
0     0008388a  sinf                                     
0     0000a880  speedPID                                 
0     0000a80a  speed_ref_total                          
0     0000a820  target_position                          
0     0000a824  target_speed                             
0     0000a818  ud                                       
0     0000a81a  uq                                       
0     0000a80c  uq_fb                                    
0     0000a80e  uq_ff                                    
0     0000a806  vel_ff                                   


GLOBAL SYMBOLS: SORTED BY Symbol Address 

page  address   name                                     
----  -------   ----                                     
0     00000400  __stack                                  
0     00000500  __TI_STACK_END                           
0     00008000  Flash_initModule                         
0     00008000  RamfuncsRunStart                         
0     0000811e  SysCtl_delay                             
0     00008122  RamfuncsRunEnd                           
0     0000a800  g_motor_run_enabled                      
0     0000a801  g_motor_estop_active                     
0     0000a802  TWOPI                                    
0     0000a804  ONEPI                                    
0     0000a806  vel_ff                                   
0     0000a808  acc_ff                                   
0     0000a80a  speed_ref_total                          
0     0000a80c  uq_fb                                    
0     0000a80e  uq_ff                                    
0     0000a810  K_VFF                                    
0     0000a812  K_AFF                                    
0     0000a814  current_count                            
0     0000a816  OverflowCount                            
0     0000a818  ud                                       
0     0000a81a  uq                                       
0     0000a81c  Motor_Electric_Angle                     
0     0000a81e  Motor_mechanical_Angle                   
0     0000a820  target_position                          
0     0000a822  current_position                         
0     0000a824  target_speed                             
0     0000a826  current_speed                            
0     0000a82a  g_ipc_tx_count                           
0     0000a82c  g_ipc_tx_drop_count                      
0     0000a82e  g_cm_ipc_tx_count                        
0     0000a830  g_cm_ipc_tx_drop_count                   
0     0000a832  g_cm_ipc_cmd_rx_count                    
0     0000a834  g_cm_ipc_cmd_error_count                 
0     0000a836  g_cm_ipc_cmd_ack_tx_count                
0     0000a838  g_cm_ipc_cmd_ack_drop_count              
0     0000a83a  __TI_enable_exit_profile_output          
0     0000a83c  __TI_cleanup_ptr                         
0     0000a83e  __TI_dtors_ptr                           
0     0000a840  UA1                                      
0     0000a842  UA                                       
0     0000a844  UB                                       
0     0000a846  UC                                       
0     0000a84c  PWM_Channel                              
0     0000a85a  _lock                                    
0     0000a85c  _unlock                                  
0     0000a880  speedPID                                 
0     00038000  IPC_CPU_To_CM_GetBuffer                  
0     00039000  IPC_CPU_To_CM_PutBuffer                  
0     0003a000  IPC_CPU1_To_CPU2_PutBuffer               
0     0003b000  IPC_CPU1_To_CPU2_GetBuffer               
0     00080000  code_start                               
0     00082000  SYSCTL_init                              
0     000827bd  EPWM_init                                
0     00082ab3  FOC_CalculateSectorTimes                 
0     00082ca2  ECAT_GPIO_init                           
0     00082e1f  SysCtl_setClock                          
0     00082f5a  SysCtl_isPLLValid                        
0     00083072  SysCtl_setAuxClock                       
0     0008327f  DCC_verifyClockFrequency                 
0     0008334a  epwm1ISR                                 
0     000833f4  PinMux_init                              
0     00083496  main                                     
0     00083535  Device_init                              
0     000835c8  __c28xabi_divf                           
0     000837ab  PMSM_PID_Update                          
0     0008381c  IPC_CPU1_CM_1_ISR                        
0     0008388a  sinf                                     
0     000838f8  ADC_setINLTrim                           
0     00083964  myEQEP0_init                             
0     000839cf  IPC_initMessageQueue                     
0     00083a33  cosf                                     
0     00083a96  IPC_1_ISR                                
0     00083af8  IPC_readMessageFromQueue                 
0     00083b5a  SysCtl_getAuxClock                       
0     00083bbb  SysCtl_getClock                          
0     00083c1b  SysCtl_selectOscSourceAuxPLL             
0     00083c79  ADC_setOffsetTrim                        
0     00083cd6  Rotor_Positioning2                       
0     00083d32  IPC_sendMessageToQueue                   
0     00083d8c  FOC_CalculatePWMValues                   
0     00083de5  GPIO_setPadConfig                        
0     00083e37  Key_Process                              
0     00083faf  IPC_CPU1_PollSend                        
0     00083ff9  IPC_CPU1_CM_SyncWithCM                   
0     00084000  SysCtl_selectOscSource                   
0     0008408b  EQEP_setInputPolarity                    
0     000840ce  FOC_SVPWM_Update                         
0     0008414f  SysCtl_selectXTAL                        
0     000841cd  Interrupt_initModule                     
0     000842f5  PMSM_PID_Init                            
0     0008432e  GPIO_setControllerCore                   
0     00084365  GPIO_setPinConfig                        
0     0008439c  GPIO_setQualificationMode                
0     000843d3  Interrupt_enable                         
0     0008440a  Key_Init                                 
0     00084477  IPC_registerInterrupt                    
0     000844ad  SysCtl_configureType                     
0     000844e3  FOC_InitVariables                        
0     00084514  GPIO_setDirectionMode                    
0     00084575  FOC_VoltageCalculation                   
0     000845a4  __TI_decompress_lzss                     
0     000845fe  FOC_GetSector                            
0     00084654  IPC_CPU1_AssignSCIAtoCPU2                
0     0008467f  __TI_auto_init_nobinit_nopinit           
0     000846ff  C$$EXIT                                  
0     000846ff  abort                                    
0     00084701  exit                                     
0     00084728  ADC_setMode                              
0     000847a0  myADC1_init                              
0     000847c7  PMSM_PID_SetOutputLimit                  
0     000847ec  SysCtl_controlCMReset                    
0     00084811  SysCtl_selectXTALSingleEnded             
0     00084952  Device_initGPIO                          
0     00084973  SysCtl_controlCPU2Reset                  
0     00084994  memcpy                                   
0     00084a89  Device_verifyXTAL                        
0     00084ac5  Interrupt_initVectorTable                
0     00084d92  SysCtl_getLowSpeedClock                  
0     00084df7  FOC_ApplyPWM                             
0     00084ea6  _c_int00                                 
0     00085073  Device_bootCM                            
0     00085089  Device_bootCPU2                          
0     000850b5  Interrupt_defaultHandler                 
0     000850cb  PMSM_PID_Reset                           
0     0008510d  SysCtl_setSemOwner                       
0     00085138  Board_init                               
0     000851e0  FOC_CalculateElectricalAngle             
0     000852e6  XINT1_init                               
0     000852fa  XINT2_init                               
0     0008530e  XINT3_init                               
0     00085322  XINT4_init                               
0     00085349  Device_enableUnbondedGPIOPullupsFor176Pin
0     000853f4  IPC_CPU1_CM_Init                         
0     00085499  _args_main                               
0     000854ab  Device_enableUnbondedGPIOPullups         
0     00085511  PMSM_SetPIDParams                        
0     00085608  PMSM_PID_SetFilterAlpha                  
0     0008565e  INTERRUPT_init                           
0     00085685  Key_SetCommandSpeed                      
0     0008569f  __TI_zero_init_nomemset                  
0     000856ac  PMSM_PID_SetTargetSpeed                  
0     000856c4  IPC_CPU1_Init                            
0     000856cf  PMSM_PID_Enable                          
0     00085711  IPC_CPU1_SyncWithCPU2                    
0     0008571b  IPC_CPU1_TickFromISR                     
0     00085725  Interrupt_illegalOperationHandler        
0     0008572f  Interrupt_nmiHandler                     
0     00085739  PMSM_PID_SetUpdatePrescaler              
0     00085743  SYNC_init                                
0     0008574d  GPIO_init                                
0     0008575f  _register_unlock                         
0     00085763  _register_lock                           
0     00085767  _nop                                     
0     00085768  __TI_decompress_none                     
0     00085786  __error__                                
0     00085799  Key_GetCommandSpeed                      
0     0008579e  PMSM_PID_GetOutput                       
0     000857a3  ADC_init                                 
0     000857a6  EQEP_init                                
0     000857a9  _system_pre_init                         
0     000857ab  IPC_SYSCFG_init                          
0     000857ac  _system_post_cinit                       
0     00086000  RamfuncsLoadStart                        
0     00086122  RamfuncsLoadEnd                          
0     0008801e  __TI_Handler_Table_Base                  
0     00088024  __TI_Handler_Table_Limit                 
0     00088028  __TI_CINIT_Base                          
0     00088030  __TI_CINIT_Limit                         
0     00088030  __TI_CINIT_Warm                          
0     0009048e  IPC_Instance                             
abs   00000100  __TI_STACK_SIZE                          
abs   00000122  RamfuncsLoadSize                         
abs   00000122  RamfuncsRunSize                          
abs   ffffffff  __TI_pprof_out_hndl                      
abs   ffffffff  __TI_prof_data_size                      
abs   ffffffff  __TI_prof_data_start                     
abs   ffffffff  __c_args__                               

[177 symbols]
