******************************************************************************
             TMS320C2000 Linker PC v25.11.0                    
******************************************************************************
>> Linked Wed Sep  2 11:22:16 2026

OUTPUT FILE NAME:   <empty_c28x_dual_driverlib_project_cpu2.out>
ENTRY POINT SYMBOL: "code_start"  address: 00080000


MEMORY CONFIGURATION

         name            origin    length      used     unused   attr    fill
----------------------  --------  ---------  --------  --------  ----  --------
  BOOT_RSVD             00000002   000001a7  00000000  000001a7  RWIX
  RAMM0                 000001a9   00000257  00000000  00000257  RWIX
  RAMM1                 00000400   000003f8  00000100  000002f8  RWIX
  RAMLS0                00008000   00000800  0000011e  000006e2  RWIX
  RAMLS1                00008800   00000800  00000000  00000800  RWIX
  RAMLS2                00009000   00000800  00000025  000007db  RWIX
  RAMLS3                00009800   00000800  0000010e  000006f2  RWIX
  RAMLS4                0000a000   00000800  00000000  00000800  RWIX
  RAMLS5                0000a800   00000800  00000000  00000800  RWIX
  RAMLS6                0000b000   00000800  00000000  00000800  RWIX
  RAMLS7                0000b800   00000800  00000000  00000800  RWIX
  RAMD0                 0000c000   00000800  00000000  00000800  RWIX
  RAMD1                 0000c800   00000800  00000000  00000800  RWIX
  RAMGS0                0000d000   00001000  00000000  00001000  RWIX
  RAMGS1                0000e000   00001000  00000000  00001000  RWIX
  RAMGS2                0000f000   00001000  00000000  00001000  RWIX
  RAMGS3                00010000   00001000  00000000  00001000  RWIX
  RAMGS4                00011000   00001000  00000000  00001000  RWIX
  RAMGS5                00012000   00001000  00000000  00001000  RWIX
  RAMGS6                00013000   00001000  00000000  00001000  RWIX
  RAMGS7                00014000   00001000  00000000  00001000  RWIX
  RAMGS8                00015000   00001000  00000000  00001000  RWIX
  RAMGS9                00016000   00001000  00000000  00001000  RWIX
  RAMGS10               00017000   00001000  00000000  00001000  RWIX
  RAMGS11               00018000   00001000  00000000  00001000  RWIX
  RAMGS12               00019000   00001000  00000000  00001000  RWIX
  RAMGS13               0001a000   00001000  00000000  00001000  RWIX
  RAMGS14               0001b000   00001000  00000000  00001000  RWIX
  RAMGS15               0001c000   00000ff8  00000000  00000ff8  RWIX
  CMTOCPURAM            00038000   00000800  00000088  00000778  RWIX
  CPUTOCMRAM            00039000   00000800  00000088  00000778  RWIX
  CPU1TOCPU2RAM         0003a000   00000800  00000088  00000778  RWIX
  CPU2TOCPU1RAM         0003b000   00000800  00000088  00000778  RWIX
  BEGIN                 00080000   00000002  00000002  00000000  RWIX
  FLASH0                00080002   00001ffe  00000000  00001ffe  RWIX
  FLASH1                00082000   00002000  00002000  00000000  RWIX
  FLASH2                00084000   00002000  0000103a  00000fc6  RWIX
  FLASH3                00086000   00002000  0000011e  00001ee2  RWIX
  FLASH4                00088000   00008000  00000000  00008000  RWIX
  FLASH5                00090000   00008000  00000715  000078eb  RWIX
  FLASH6                00098000   00008000  00000000  00008000  RWIX
  FLASH7                000a0000   00008000  00000000  00008000  RWIX
  FLASH8                000a8000   00008000  00000000  00008000  RWIX
  FLASH9                000b0000   00008000  00000000  00008000  RWIX
  FLASH10               000b8000   00002000  00000000  00002000  RWIX
  FLASH11               000ba000   00002000  00000000  00002000  RWIX
  FLASH12               000bc000   00002000  00000000  00002000  RWIX
  FLASH13               000be000   00001ff0  00000000  00001ff0  RWIX
  RESET                 003fffc0   00000002  00000000  00000002  RWIX


SECTION ALLOCATION MAP

 output                                  attributes/
section   page    origin      length       input sections
--------  ----  ----------  ----------   ----------------
codestart 
*          0    00080000    00000002     
                  00080000    00000002     f2838x_codestartbranch.obj (codestart)

.cinit     0    00085018    00000022     
                  00085018    00000010     (.cinit..data.load) [load image, compression = lzss]
                  00085028    00000006     (__TI_handler_table)
                  0008502e    00000004     (.cinit..bss.load) [load image, compression = zero_init]
                  00085032    00000008     (__TI_cinit_table)

.reset     0    003fffc0    00000000     DSECT

.stack     0    00000400    00000100     UNINITIALIZED
                  00000400    00000100     --HOLE--

.init_array 
*          0    00084000    00000000     UNINITIALIZED

.bss       0    00009800    0000010e     UNINITIALIZED
                  00009800    00000080     pc_serial_cpu2.obj (.bss:g_rx_fifo)
                  00009880    00000060     pc_serial_cpu2.obj (.bss:g_command)
                  000098e0    00000010     ipc_cpu2.obj (.bss:g_ackCommand)
                  000098f0    00000010     ipc_cpu2.obj (.bss:g_ackResult)
                  00009900    0000000e     ipc_cpu2.obj (.bss)

.data      0    00009000    00000025     UNINITIALIZED
                  00009000    0000000e     pc_serial_cpu2.obj (.data)
                  0000900e    0000000c     ipc_cpu2.obj (.data)
                  0000901a    00000006     rts2800_fpu64_eabi.lib : exit.c.obj (.data)
                  00009020    00000002                            : _lock.c.obj (.data:_lock)
                  00009022    00000002                            : _lock.c.obj (.data:_unlock)
                  00009024    00000001                            : errno.c.obj (.data)

MSGRAM_CM_TO_CPU 
*          0    00038000    00000088     UNINITIALIZED
                  00038000    00000088     driverlib.lib : ipc.obj (MSGRAM_CM_TO_CPU)

MSGRAM_CPU_TO_CM 
*          0    00039000    00000088     UNINITIALIZED
                  00039000    00000088     driverlib.lib : ipc.obj (MSGRAM_CPU_TO_CM)

.const     0    00090000    00000715     
                  00090000    000002b1     pc_serial_cpu2.obj (.const:.string)
                  000902b1    00000101     rts2800_fpu64_eabi.lib : ctype.c.obj (.const:.string:_ctypes_)
                  000903b2    00000098     driverlib.lib : flash.obj (.const:.string)
                  0009044a    00000094                   : sci.obj (.const:.string)
                  000904de    00000088                   : ipc.obj (.const:IPC_Instance)
                  00090566    00000050                   : interrupt.obj (.const:.string)
                  000905b6    0000004a                   : ipc.obj (.const:.string)
                  00090600    00000043     board.obj (.const:.string)
                  00090643    00000001     --HOLE-- [fill = 0]
                  00090644    00000040     rts2800_fpu64_eabi.lib : strtod.c.obj (.const:digits)
                  00090684    00000026                            : _printfi.c.obj (.const:.string)
                  000906aa    00000024                            : strtod.c.obj (.const:powerof10)
                  000906ce    00000020                            : strtof.c.obj (.const:digits)
                  000906ee    0000000e                            : _scanfi.c.obj (.const:.string)
                  000906fc    0000000c                            : strtof.c.obj (.const:powerof10)
                  00090708    00000007                            : _scanfi.c.obj (.const:.string:flit$1)
                  0009070f    00000006                            : _scanfi.c.obj (.const:.string:barr$2)

MSGRAM_CPU1_TO_CPU2 
*          0    0003a000    00000088     UNINITIALIZED
                  0003a000    00000088     driverlib.lib : ipc.obj (MSGRAM_CPU1_TO_CPU2)

MSGRAM_CPU2_TO_CPU1 
*          0    0003b000    00000088     UNINITIALIZED
                  0003b000    00000088     driverlib.lib : ipc.obj (MSGRAM_CPU2_TO_CPU1)

.TI.ramfunc 
*          0    00086000    0000011e     RUN ADDR = 00008000
                  00086000    0000003f     driverlib.lib : flash.obj (.TI.ramfunc:Flash_initModule)
                  0008603f    0000002c                   : flash.obj (.TI.ramfunc:Flash_setBankPowerMode)
                  0008606b    00000022                   : flash.obj (.TI.ramfunc:Flash_setWaitstates)
                  0008608d    0000001d                   : flash.obj (.TI.ramfunc:Flash_setPumpPowerMode)
                  000860aa    00000018                   : flash.obj (.TI.ramfunc:Flash_disableCache)
                  000860c2    00000018                   : flash.obj (.TI.ramfunc:Flash_disablePrefetch)
                  000860da    00000017                   : flash.obj (.TI.ramfunc:Flash_enableCache)
                  000860f1    00000017                   : flash.obj (.TI.ramfunc:Flash_enablePrefetch)
                  00086108    00000016                   : flash.obj (.TI.ramfunc:Flash_enableECC)

.text.1    0    00082000    00002000     
                  00082000    000007e7     rts2800_fpu64_eabi.lib : _scanfi.c.obj (.text)
                  000827e7    0000060e                            : _printfi.c.obj (.text:__TI_printfi)
                  00082df5    00000001     board.obj (.text:IPC_SYSCFG_init)
                  00082df6    000005d0     rts2800_fpu64_eabi.lib : _printfi.c.obj (.text)
                  000833c6    0000021e                            : strtod.c.obj (.text)
                  000835e4    00000203                            : strtof.c.obj (.text)
                  000837e7    000001f3     pc_serial_cpu2.obj (.text:PC_Serial_CPU2_HandleCommand)
                  000839da    00000146     device.obj (.text:Device_enableAllPeripherals)
                  00083b20    00000143     rts2800_fpu64_eabi.lib : strtoll.c.obj (.text)
                  00083c63    00000107                            : ll_div28.asm.obj (.text)
                  00083d6a    00000102                            : strtoull.c.obj (.text)
                  00083e6c    000000d3                            : strtol.c.obj (.text)
                  00083f3f    000000b1                            : strtoul.c.obj (.text)
                  00083ff0    00000010     driverlib.lib : flash.obj (.text:Flash_isCtrlBaseValid)

.text.2    0    00084000    00001018     
                  00084000    000000a0     ipc_cpu2.obj (.text:IPC_0_ISR)
                  000840a0    000000a0     rts2800_fpu64_eabi.lib : s_scalbn.c.obj (.text)
                  00084140    00000088                            : fs_div28.asm.obj (.text)
                  000841c8    0000007f     driverlib.lib : interrupt.obj (.text:Interrupt_clearIFR)
                  00084247    0000006e     pc_serial_cpu2.obj (.text:PC_Serial_CPU2_RXISR)
                  000842b5    0000006d     rts2800_fpu64_eabi.lib : sscanf.c.obj (.text)
                  00084322    00000064     driverlib.lib : ipc.obj (.text:IPC_initMessageQueue)
                  00084386    00000062                   : ipc.obj (.text:IPC_readMessageFromQueue)
                  000843e8    0000005a                   : ipc.obj (.text:IPC_sendMessageToQueue)
                  00084442    00000059     rts2800_fpu64_eabi.lib : s_frexp.c.obj (.text)
                  0008449b    00000059                            : s_scalbnf.c.obj (.text)
                  000844f4    00000057                            : vsnprintf.c.obj (.text)
                  0008454b    0000004e     driverlib.lib : interrupt.obj (.text:Interrupt_disable)
                  00084599    00000049     board.obj (.text:mySCI1_init)
                  000845e2    00000045     driverlib.lib : sci.obj (.text:SCI_clearInterruptStatus)
                  00084627    00000044                   : sci.obj (.text:SCI_enableInterrupt)
                  0008466b    00000042     pc_serial_cpu2.obj (.text:PC_Serial_CPU2_SendScaled)
                  000846ad    00000041     pc_serial_cpu2.obj (.text:INT_mySCI1_RX_ISR)
                  000846ee    00000040     ipc_cpu2.obj (.text:IPC_CPU2_TakeAck)
                  0008472e    0000003e     driverlib.lib : sci.obj (.text:SCI_setConfig)
                  0008476c    0000003d                   : interrupt.obj (.text:Interrupt_initModule)
                  000847a9    00000037                   : interrupt.obj (.text:Interrupt_enable)
                  000847e0    00000033     pc_serial_cpu2.obj (.text:PC_Serial_CPU2_FifoPop)
                  00084813    00000033     pc_serial_cpu2.obj (.text:PC_Serial_CPU2_FifoPush)
                  00084846    00000032     pc_serial_cpu2.obj (.text:PC_Serial_CPU2_ProcessRx)
                  00084878    00000032     pc_serial_cpu2.obj (.text:PC_Serial_CPU2_Sendf)
                  000848aa    00000031     empty_c28x_dual_driverlib_main_cpu2.obj (.text:main)
                  000848db    00000031     rts2800_fpu64_eabi.lib : atoi.c.obj (.text)
                  0008490c    00000030                            : _ltoa.c.obj (.text)
                  0008493c    0000002e                            : copy_decompress_lzss.c.obj (.text:decompress:lzss)
                  0008496a    0000002b                            : autoinit.c.obj (.text:__TI_auto_init_nobinit_nopinit)
                  00084995    0000002a                            : l_div28.asm.obj (.text)
                  000849bf    00000029                            : exit.c.obj (.text)
                  000849e8    00000028                            : s_copysign.c.obj (.text)
                  00084a10    00000026     board.obj (.text:SCI_setFIFOInterruptLevel)
                  00084a36    00000025     pc_serial_cpu2.obj (.text:PC_Serial_CPU2_SendStatus)
                  00084a5b    00000021     device.obj (.text:Device_initGPIO)
                  00084a7c    00000021     pc_serial_cpu2.obj (.text:PC_Serial_CPU2_FloatToMilli)
                  00084a9d    00000020     rts2800_fpu64_eabi.lib : memcpy.c.obj (.text)
                  00084abd    0000001e     driverlib.lib : interrupt.obj (.text:Interrupt_initVectorTable)
                  00084adb    0000001e     rts2800_fpu64_eabi.lib : ll_cmp28.asm.obj (.text)
                  00084af9    0000001d     board.obj (.text:SCI_enableFIFO)
                  00084b16    0000001c     device.obj (.text:Device_init)
                  00084b32    0000001b     board.obj (.text:SCI_isBaseValid)
                  00084b4d    0000001b     driverlib.lib : sci.obj (.text:SCI_isBaseValid)
                  00084b68    0000001b     pc_serial_cpu2.obj (.text:SCI_isBaseValid)
                  00084b83    0000001a     pc_serial_cpu2.obj (.text:SCI_isSpaceAvailableNonFIFO)
                  00084b9d    00000019     board.obj (.text:INTERRUPT_init)
                  00084bb6    00000019     pc_serial_cpu2.obj (.text:SCI_writeCharBlockingNonFIFO)
                  00084bcf    00000019     rts2800_fpu64_eabi.lib : boot28.asm.obj (.text)
                  00084be8    00000018     driverlib.lib : sci.obj (.text:SCI_disableModule)
                  00084c00    00000018     board.obj (.text:SCI_performSoftwareReset)
                  00084c18    00000018     driverlib.lib : sci.obj (.text:SCI_performSoftwareReset)
                  00084c30    00000018     board.obj (.text:SCI_resetChannels)
                  00084c48    00000018     pc_serial_cpu2.obj (.text:SCI_resetChannels)
                  00084c60    00000018     board.obj (.text:SCI_resetRxFIFO)
                  00084c78    00000018     board.obj (.text:SCI_resetTxFIFO)
                  00084c90    00000018     rts2800_fpu64_eabi.lib : ll_aox28.asm.obj (.text)
                  00084ca8    00000017     pc_serial_cpu2.obj (.text:PC_Serial_CPU2_SendTelemetry)
                  00084cbf    00000017     device.obj (.text:SysCtl_enablePeripheral)
                  00084cd6    00000016     ipc_cpu2.obj (.text:IPC_CPU2_TakeTelemetry)
                  00084cec    00000016     driverlib.lib : interrupt.obj (.text:Interrupt_defaultHandler)
                  00084d02    00000016     rts2800_fpu64_eabi.lib : strncmp.c.obj (.text)
                  00084d18    00000015     device.obj (.text:GPIO_unlockPortConfig)
                  00084d2d    00000015     ipc_cpu2.obj (.text:IPC_CPU2_SendCommand)
                  00084d42    00000015     pc_serial_cpu2.obj (.text:PC_Serial_CPU2_SendFloatCommand)
                  00084d57    00000014     ipc_cpu2.obj (.text:IPC_waitForAck)
                  00084d6b    00000014     pc_serial_cpu2.obj (.text:SCI_getRxFIFOStatus)
                  00084d7f    00000014     rts2800_fpu64_eabi.lib : ll_mpy28.asm.obj (.text)
                  00084d93    00000013     device.obj (.text:Device_enableUnbondedGPIOPullupsFor176Pin)
                  00084da6    00000013     ipc_cpu2.obj (.text:IPC_sync)
                  00084db9    00000013     pc_serial_cpu2.obj (.text:PC_Serial_CPU2_ProcessAcks)
                  00084dcc    00000013     board.obj (.text:SCI_clearOverflowStatus)
                  00084ddf    00000013     pc_serial_cpu2.obj (.text:SCI_clearOverflowStatus)
                  00084df2    00000013     board.obj (.text:SCI_enableModule)
                  00084e05    00000013     driverlib.lib : sci.obj (.text:SCI_enableModule)
                  00084e18    00000012     ipc_cpu2.obj (.text:IPC_waitForFlag)
                  00084e2a    00000012     rts2800_fpu64_eabi.lib : args_main.c.obj (.text)
                  00084e3c    00000011     device.obj (.text:Device_enableUnbondedGPIOPullups)
                  00084e4d    00000011     board.obj (.text:SCI_disableLoopback)
                  00084e5e    00000011     pc_serial_cpu2.obj (.text:SCI_readCharNonBlocking)
                  00084e6f    00000011     rts2800_fpu64_eabi.lib : s_copysignf.c.obj (.text)
                  00084e80    00000010     driverlib.lib : flash.obj (.text:Flash_isECCBaseValid)
                  00084e90    00000010     pc_serial_cpu2.obj (.text:PC_Serial_CPU2_StreamDue)
                  00084ea0    00000010     pc_serial_cpu2.obj (.text:SCI_getRxStatus)
                  00084eb0    00000010     rts2800_fpu64_eabi.lib : memccpy.c.obj (.text)
                  00084ec0    0000000f     ipc_cpu2.obj (.text:IPC_ackFlagRtoL)
                  00084ecf    0000000f     driverlib.lib : ipc.obj (.text:IPC_setFlagLtoR)
                  00084ede    0000000f     ipc_cpu2.obj (.text:IPC_setFlagLtoR)
                  00084eed    0000000f     board.obj (.text:Interrupt_register)
                  00084efc    0000000f     driverlib.lib : ipc.obj (.text:Interrupt_unregister)
                  00084f0b    0000000d                   : interrupt.obj (.text:Interrupt_disableGlobal)
                  00084f18    0000000d                   : interrupt.obj (.text:Interrupt_enableGlobal)
                  00084f25    0000000d     pc_serial_cpu2.obj (.text:PC_Serial_CPU2_Init)
                  00084f32    0000000d     pc_serial_cpu2.obj (.text:PC_Serial_CPU2_SendAck)
                  00084f3f    0000000d     rts2800_fpu64_eabi.lib : copy_zero_init.c.obj (.text:decompress:ZI:__TI_zero_init_nomemset)
                  00084f4c    0000000c     pc_serial_cpu2.obj (.text:PC_Serial_CPU2_SendText)
                  00084f58    0000000c     rts2800_fpu64_eabi.lib : strchr.c.obj (.text)
                  00084f64    0000000b     ipc_cpu2.obj (.text:IPC_CPU2_Init)
                  00084f6f    0000000b     pc_serial_cpu2.obj (.text:PC_Serial_CPU2_SendError)
                  00084f7a    0000000b     device.obj (.text:SysCtl_disableWatchdog)
                  00084f85    0000000b     rts2800_fpu64_eabi.lib : strrchr.c.obj (.text)
                  00084f90    0000000b                            : wcslen.c.obj (.text)
                  00084f9b    0000000a     driverlib.lib : interrupt.obj (.text:Interrupt_illegalOperationHandler)
                  00084fa5    0000000a                   : interrupt.obj (.text:Interrupt_nmiHandler)
                  00084faf    0000000a     rts2800_fpu64_eabi.lib : strcmp.c.obj (.text)
                  00084fb9    00000009     board.obj (.text:Board_init)
                  00084fc2    00000009     pc_serial_cpu2.obj (.text:PC_Serial_CPU2_SendChar)
                  00084fcb    00000009     rts2800_fpu64_eabi.lib : _lock.c.obj (.text)
                  00084fd4    00000008                            : copy_decompress_none.c.obj (.text:decompress:none)
                  00084fdc    00000008     f2838x_codestartbranch.obj (.text)
                  00084fe4    00000008     rts2800_fpu64_eabi.lib : strlen.c.obj (.text)
                  00084fec    00000007     ipc_cpu2.obj (.text:IPC_CPU2_SyncWithCPU1)
                  00084ff3    00000007     device.obj (.text:__error__)
                  00084ffa    00000007     rts2800_fpu64_eabi.lib : memset.c.obj (.text)
                  00085001    00000006     ipc_cpu2.obj (.text:Interrupt_clearACKGroup)
                  00085007    00000006     pc_serial_cpu2.obj (.text:Interrupt_clearACKGroup)
                  0008500d    00000005     rts2800_fpu64_eabi.lib : strcpy.c.obj (.text)
                  00085012    00000003     board.obj (.text:SCI_init)
                  00085015    00000002     rts2800_fpu64_eabi.lib : pre_init.c.obj (.text)
                  00085017    00000001                            : startup.c.obj (.text)

MODULE SUMMARY

       Module                                    code    ro data   rw data
       ------                                    ----    -------   -------
    .\
       empty_c28x_dual_driverlib_main_cpu2.obj   49      0         0      
    +--+-----------------------------------------+-------+---------+---------+
       Total:                                    49      0         0      
                                                                          
    .\APP\ipc\
       ipc_cpu2.obj                              378     0         58     
    +--+-----------------------------------------+-------+---------+---------+
       Total:                                    378     0         58     
                                                                          
    .\APP\pc_serial\
       pc_serial_cpu2.obj                        1329    689       238    
    +--+-----------------------------------------+-------+---------+---------+
       Total:                                    1329    689       238    
                                                                          
    .\device\
       device.obj                                485     0         0      
       f2838x_codestartbranch.obj                10      0         0      
    +--+-----------------------------------------+-------+---------+---------+
       Total:                                    495     0         0      
                                                                          
    .\syscfg\
       board.obj                                 371     67        0      
    +--+-----------------------------------------+-------+---------+---------+
       Total:                                    371     67        0      
                                                                          
    C:/ti/c2000/C2000Ware_26_00_00_00/driverlib/f2838x/driverlib/ccs/Debug/driverlib.lib
       ipc.obj                                   318     210       544    
       flash.obj                                 604     152       0      
       interrupt.obj                             419     80        0      
       sci.obj                                   293     148       0      
    +--+-----------------------------------------+-------+---------+---------+
       Total:                                    1634    590       544    
                                                                          
    E:\CCS20\CCS20.5.0\ccs\tools\compiler\ti-cgt-c2000_25.11.0.LTS\lib\rts2800_fpu64_eabi.lib
       _printfi.c.obj                            3038    38        0      
       _scanfi.c.obj                             2023    27        0      
       strtod.c.obj                              542     100       0      
       strtof.c.obj                              515     44        0      
       strtoll.c.obj                             323     0         0      
       ll_div28.asm.obj                          263     0         0      
       strtoull.c.obj                            258     0         0      
       ctype.c.obj                               0       257       0      
       strtol.c.obj                              211     0         0      
       strtoul.c.obj                             177     0         0      
       s_scalbn.c.obj                            160     0         0      
       fs_div28.asm.obj                          136     0         0      
       sscanf.c.obj                              109     0         0      
       s_frexp.c.obj                             89      0         0      
       s_scalbnf.c.obj                           89      0         0      
       vsnprintf.c.obj                           87      0         0      
       atoi.c.obj                                49      0         0      
       _ltoa.c.obj                               48      0         0      
       exit.c.obj                                41      0         6      
       copy_decompress_lzss.c.obj                46      0         0      
       autoinit.c.obj                            43      0         0      
       l_div28.asm.obj                           42      0         0      
       s_copysign.c.obj                          40      0         0      
       memcpy.c.obj                              32      0         0      
       ll_cmp28.asm.obj                          30      0         0      
       boot28.asm.obj                            25      0         0      
       ll_aox28.asm.obj                          24      0         0      
       strncmp.c.obj                             22      0         0      
       ll_mpy28.asm.obj                          20      0         0      
       args_main.c.obj                           18      0         0      
       s_copysignf.c.obj                         17      0         0      
       memccpy.c.obj                             16      0         0      
       _lock.c.obj                               9       0         4      
       copy_zero_init.c.obj                      13      0         0      
       strchr.c.obj                              12      0         0      
       strrchr.c.obj                             11      0         0      
       wcslen.c.obj                              11      0         0      
       strcmp.c.obj                              10      0         0      
       copy_decompress_none.c.obj                8       0         0      
       strlen.c.obj                              8       0         0      
       memset.c.obj                              7       0         0      
       strcpy.c.obj                              5       0         0      
       pre_init.c.obj                            2       0         0      
       errno.c.obj                               0       0         1      
       startup.c.obj                             1       0         0      
    +--+-----------------------------------------+-------+---------+---------+
       Total:                                    8630    466       11     
                                                                          
       Stack:                                    0       0         256    
       Linker Generated:                         0       34        0      
    +--+-----------------------------------------+-------+---------+---------+
       Grand Total:                              12886   1846      1107   


LINKER GENERATED COPY TABLES

__TI_cinit_table @ 00085032 records: 2, size/record: 4, table size: 8
	.data: load addr=00085018, load size=00000010 bytes, run addr=00009000, run size=00000025 bytes, compression=lzss
	.bss: load addr=0008502e, load size=00000004 bytes, run addr=00009800, run size=0000010e bytes, compression=zero_init


LINKER GENERATED HANDLER TABLE

__TI_handler_table @ 00085028 records: 3, size/record: 2, table size: 6
	index: 0, handler: __TI_zero_init
	index: 1, handler: __TI_decompress_lzss
	index: 2, handler: __TI_decompress_none


GLOBAL DATA SYMBOLS: SORTED BY DATA PAGE

address     data page           name
--------    ----------------    ----
00000400      10 (00000400)     __stack

00009011     240 (00009000)     g_ipc_telemetry_pending
00009012     240 (00009000)     g_ipc_rx_count
00009014     240 (00009000)     g_ipc_last_command
00009016     240 (00009000)     g_received_encoder_count
00009018     240 (00009000)     g_received_current_speed
0000901a     240 (00009000)     __TI_enable_exit_profile_output
0000901c     240 (00009000)     __TI_cleanup_ptr
0000901e     240 (00009000)     __TI_dtors_ptr
00009020     240 (00009000)     _lock
00009022     240 (00009000)     _unlock
00009024     240 (00009000)     errno

00038000     e00 (00038000)     IPC_CPU_To_CM_GetBuffer

00039000     e40 (00039000)     IPC_CPU_To_CM_PutBuffer

0003a000     e80 (0003a000)     IPC_CPU1_To_CPU2_PutBuffer

0003b000     ec0 (0003b000)     IPC_CPU1_To_CPU2_GetBuffer

000902b1    240a (00090280)     _ctypes_

000904de    2413 (000904c0)     IPC_Instance


GLOBAL SYMBOLS: SORTED ALPHABETICALLY BY Name 

page  address   name                                     
----  -------   ----                                     
0     00084fb9  Board_init                               
0     000849bf  C$$EXIT                                  
0     000839da  Device_enableAllPeripherals              
0     00084e3c  Device_enableUnbondedGPIOPullups         
0     00084d93  Device_enableUnbondedGPIOPullupsFor176Pin
0     00084b16  Device_init                              
0     00084a5b  Device_initGPIO                          
0     00008000  Flash_initModule                         
0     00084b9d  INTERRUPT_init                           
0     000846ad  INT_mySCI1_RX_ISR                        
0     00084000  IPC_0_ISR                                
0     0003b000  IPC_CPU1_To_CPU2_GetBuffer               
0     0003a000  IPC_CPU1_To_CPU2_PutBuffer               
0     00084f64  IPC_CPU2_Init                            
0     00084d2d  IPC_CPU2_SendCommand                     
0     00084fec  IPC_CPU2_SyncWithCPU1                    
0     000846ee  IPC_CPU2_TakeAck                         
0     00084cd6  IPC_CPU2_TakeTelemetry                   
0     00038000  IPC_CPU_To_CM_GetBuffer                  
0     00039000  IPC_CPU_To_CM_PutBuffer                  
0     000904de  IPC_Instance                             
0     00082df5  IPC_SYSCFG_init                          
0     00084322  IPC_initMessageQueue                     
0     00084386  IPC_readMessageFromQueue                 
0     000843e8  IPC_sendMessageToQueue                   
0     00084cec  Interrupt_defaultHandler                 
0     0008454b  Interrupt_disable                        
0     000847a9  Interrupt_enable                         
0     00084f9b  Interrupt_illegalOperationHandler        
0     0008476c  Interrupt_initModule                     
0     00084abd  Interrupt_initVectorTable                
0     00084fa5  Interrupt_nmiHandler                     
0     00084f25  PC_Serial_CPU2_Init                      
0     00084db9  PC_Serial_CPU2_ProcessAcks               
0     00084846  PC_Serial_CPU2_ProcessRx                 
0     00084247  PC_Serial_CPU2_RXISR                     
0     00084a36  PC_Serial_CPU2_SendStatus                
0     00084ca8  PC_Serial_CPU2_SendTelemetry             
0     00084e90  PC_Serial_CPU2_StreamDue                 
0     0008611e  RamfuncsLoadEnd                          
abs   0000011e  RamfuncsLoadSize                         
0     00086000  RamfuncsLoadStart                        
0     0000811e  RamfuncsRunEnd                           
abs   0000011e  RamfuncsRunSize                          
0     00008000  RamfuncsRunStart                         
0     000845e2  SCI_clearInterruptStatus                 
0     00084627  SCI_enableInterrupt                      
0     00085012  SCI_init                                 
0     0008472e  SCI_setConfig                            
0     00085032  __TI_CINIT_Base                          
0     0008503a  __TI_CINIT_Limit                         
0     0008503a  __TI_CINIT_Warm                          
0     00085028  __TI_Handler_Table_Base                  
0     0008502e  __TI_Handler_Table_Limit                 
0     00000500  __TI_STACK_END                           
abs   00000100  __TI_STACK_SIZE                          
0     0008496a  __TI_auto_init_nobinit_nopinit           
0     0000901c  __TI_cleanup_ptr                         
0     0008493c  __TI_decompress_lzss                     
0     00084fd4  __TI_decompress_none                     
0     0000901e  __TI_dtors_ptr                           
0     0000901a  __TI_enable_exit_profile_output          
0     0008490c  __TI_ltoa                                
abs   ffffffff  __TI_pprof_out_hndl                      
0     00082c70  __TI_printfi                             
abs   ffffffff  __TI_prof_data_size                      
abs   ffffffff  __TI_prof_data_start                     
0     000824ed  __TI_scanfi                              
0     00084f3f  __TI_zero_init_nomemset                  
0     00084c90  __c28xabi_andll                          
0     00084adb  __c28xabi_cmpll                          
0     00084aed  __c28xabi_cmpull                         
0     00084140  __c28xabi_divf                           
0     00084995  __c28xabi_divl                           
0     00083c63  __c28xabi_divll                          
0     000849b2  __c28xabi_divul                          
0     00083cd9  __c28xabi_divull                         
0     000849a4  __c28xabi_modl                           
0     00083c9f  __c28xabi_modll                          
0     000849b9  __c28xabi_modul                          
0     00083d08  __c28xabi_modull                         
0     00084d7f  __c28xabi_mpyll                          
0     00084c98  __c28xabi_orll                           
0     00084ca0  __c28xabi_xorll                          
abs   ffffffff  __c_args__                               
0     00084ff3  __error__                                
0     00000400  __stack                                  
0     00084e2a  _args_main                               
0     00084bcf  _c_int00                                 
0     000902b1  _ctypes_                                 
0     00009020  _lock                                    
0     00084fd3  _nop                                     
0     00084fcf  _register_lock                           
0     00084fcb  _register_unlock                         
0     00085017  _system_post_cinit                       
0     00085015  _system_pre_init                         
0     00009022  _unlock                                  
0     000849bf  abort                                    
0     000848db  atoi                                     
0     00080000  code_start                               
0     000849e8  copysign                                 
0     00084e6f  copysignf                                
0     000849e8  copysignl                                
0     00009024  errno                                    
0     000849c1  exit                                     
0     00084442  frexp                                    
0     00084442  frexpl                                   
0     00009014  g_ipc_last_command                       
0     00009012  g_ipc_rx_count                           
0     00009011  g_ipc_telemetry_pending                  
0     00009018  g_received_current_speed                 
0     00009016  g_received_encoder_count                 
0     000840a0  ldexp                                    
0     0008449b  ldexpf                                   
0     000840a0  ldexpl                                   
0     000848aa  main                                     
0     00084eb0  memccpy                                  
0     00084a9d  memcpy                                   
0     00084ffa  memset                                   
0     00084599  mySCI1_init                              
0     000840a0  scalbn                                   
0     0008449b  scalbnf                                  
0     000840a0  scalbnl                                  
0     000842c5  sscanf                                   
0     00084f58  strchr                                   
0     00084faf  strcmp                                   
0     0008500d  strcpy                                   
0     00084fe4  strlen                                   
0     00084d02  strncmp                                  
0     00084f85  strrchr                                  
0     000833c6  strtod                                   
0     000835e4  strtof                                   
0     00083e6c  strtol                                   
0     000833c6  strtold                                  
0     00083b20  strtoll                                  
0     00083f3f  strtoul                                  
0     00083d6a  strtoull                                 
0     000844f4  vsnprintf                                
0     000842b5  vsscanf                                  
0     00084f90  wcslen                                   


GLOBAL SYMBOLS: SORTED BY Symbol Address 

page  address   name                                     
----  -------   ----                                     
0     00000400  __stack                                  
0     00000500  __TI_STACK_END                           
0     00008000  Flash_initModule                         
0     00008000  RamfuncsRunStart                         
0     0000811e  RamfuncsRunEnd                           
0     00009011  g_ipc_telemetry_pending                  
0     00009012  g_ipc_rx_count                           
0     00009014  g_ipc_last_command                       
0     00009016  g_received_encoder_count                 
0     00009018  g_received_current_speed                 
0     0000901a  __TI_enable_exit_profile_output          
0     0000901c  __TI_cleanup_ptr                         
0     0000901e  __TI_dtors_ptr                           
0     00009020  _lock                                    
0     00009022  _unlock                                  
0     00009024  errno                                    
0     00038000  IPC_CPU_To_CM_GetBuffer                  
0     00039000  IPC_CPU_To_CM_PutBuffer                  
0     0003a000  IPC_CPU1_To_CPU2_PutBuffer               
0     0003b000  IPC_CPU1_To_CPU2_GetBuffer               
0     00080000  code_start                               
0     000824ed  __TI_scanfi                              
0     00082c70  __TI_printfi                             
0     00082df5  IPC_SYSCFG_init                          
0     000833c6  strtod                                   
0     000833c6  strtold                                  
0     000835e4  strtof                                   
0     000839da  Device_enableAllPeripherals              
0     00083b20  strtoll                                  
0     00083c63  __c28xabi_divll                          
0     00083c9f  __c28xabi_modll                          
0     00083cd9  __c28xabi_divull                         
0     00083d08  __c28xabi_modull                         
0     00083d6a  strtoull                                 
0     00083e6c  strtol                                   
0     00083f3f  strtoul                                  
0     00084000  IPC_0_ISR                                
0     000840a0  ldexp                                    
0     000840a0  ldexpl                                   
0     000840a0  scalbn                                   
0     000840a0  scalbnl                                  
0     00084140  __c28xabi_divf                           
0     00084247  PC_Serial_CPU2_RXISR                     
0     000842b5  vsscanf                                  
0     000842c5  sscanf                                   
0     00084322  IPC_initMessageQueue                     
0     00084386  IPC_readMessageFromQueue                 
0     000843e8  IPC_sendMessageToQueue                   
0     00084442  frexp                                    
0     00084442  frexpl                                   
0     0008449b  ldexpf                                   
0     0008449b  scalbnf                                  
0     000844f4  vsnprintf                                
0     0008454b  Interrupt_disable                        
0     00084599  mySCI1_init                              
0     000845e2  SCI_clearInterruptStatus                 
0     00084627  SCI_enableInterrupt                      
0     000846ad  INT_mySCI1_RX_ISR                        
0     000846ee  IPC_CPU2_TakeAck                         
0     0008472e  SCI_setConfig                            
0     0008476c  Interrupt_initModule                     
0     000847a9  Interrupt_enable                         
0     00084846  PC_Serial_CPU2_ProcessRx                 
0     000848aa  main                                     
0     000848db  atoi                                     
0     0008490c  __TI_ltoa                                
0     0008493c  __TI_decompress_lzss                     
0     0008496a  __TI_auto_init_nobinit_nopinit           
0     00084995  __c28xabi_divl                           
0     000849a4  __c28xabi_modl                           
0     000849b2  __c28xabi_divul                          
0     000849b9  __c28xabi_modul                          
0     000849bf  C$$EXIT                                  
0     000849bf  abort                                    
0     000849c1  exit                                     
0     000849e8  copysign                                 
0     000849e8  copysignl                                
0     00084a36  PC_Serial_CPU2_SendStatus                
0     00084a5b  Device_initGPIO                          
0     00084a9d  memcpy                                   
0     00084abd  Interrupt_initVectorTable                
0     00084adb  __c28xabi_cmpll                          
0     00084aed  __c28xabi_cmpull                         
0     00084b16  Device_init                              
0     00084b9d  INTERRUPT_init                           
0     00084bcf  _c_int00                                 
0     00084c90  __c28xabi_andll                          
0     00084c98  __c28xabi_orll                           
0     00084ca0  __c28xabi_xorll                          
0     00084ca8  PC_Serial_CPU2_SendTelemetry             
0     00084cd6  IPC_CPU2_TakeTelemetry                   
0     00084cec  Interrupt_defaultHandler                 
0     00084d02  strncmp                                  
0     00084d2d  IPC_CPU2_SendCommand                     
0     00084d7f  __c28xabi_mpyll                          
0     00084d93  Device_enableUnbondedGPIOPullupsFor176Pin
0     00084db9  PC_Serial_CPU2_ProcessAcks               
0     00084e2a  _args_main                               
0     00084e3c  Device_enableUnbondedGPIOPullups         
0     00084e6f  copysignf                                
0     00084e90  PC_Serial_CPU2_StreamDue                 
0     00084eb0  memccpy                                  
0     00084f25  PC_Serial_CPU2_Init                      
0     00084f3f  __TI_zero_init_nomemset                  
0     00084f58  strchr                                   
0     00084f64  IPC_CPU2_Init                            
0     00084f85  strrchr                                  
0     00084f90  wcslen                                   
0     00084f9b  Interrupt_illegalOperationHandler        
0     00084fa5  Interrupt_nmiHandler                     
0     00084faf  strcmp                                   
0     00084fb9  Board_init                               
0     00084fcb  _register_unlock                         
0     00084fcf  _register_lock                           
0     00084fd3  _nop                                     
0     00084fd4  __TI_decompress_none                     
0     00084fe4  strlen                                   
0     00084fec  IPC_CPU2_SyncWithCPU1                    
0     00084ff3  __error__                                
0     00084ffa  memset                                   
0     0008500d  strcpy                                   
0     00085012  SCI_init                                 
0     00085015  _system_pre_init                         
0     00085017  _system_post_cinit                       
0     00085028  __TI_Handler_Table_Base                  
0     0008502e  __TI_Handler_Table_Limit                 
0     00085032  __TI_CINIT_Base                          
0     0008503a  __TI_CINIT_Limit                         
0     0008503a  __TI_CINIT_Warm                          
0     00086000  RamfuncsLoadStart                        
0     0008611e  RamfuncsLoadEnd                          
0     000902b1  _ctypes_                                 
0     000904de  IPC_Instance                             
abs   00000100  __TI_STACK_SIZE                          
abs   0000011e  RamfuncsLoadSize                         
abs   0000011e  RamfuncsRunSize                          
abs   ffffffff  __TI_pprof_out_hndl                      
abs   ffffffff  __TI_prof_data_size                      
abs   ffffffff  __TI_prof_data_start                     
abs   ffffffff  __c_args__                               

[140 symbols]
